[Oct11 14:20] Linux version 6.4.0-10.1.0.20.oe2309.riscv64 (abuild@ubuntu) (gcc_old (GCC) 12.3.1 (openEuler 12.3.1-16.oe2309), GNU ld (GNU Binutils) 2.40) #1 SMP Sat Oct  7 06:19:28 UTC 2023
[  +0.000000] random: crng init done
[  +0.000000] Machine model: riscv-virtio,qemu
[  +0.000000] earlycon: ns16550a0 at MMIO 0x0000000010000000 (options '')
[  +0.000000] printk: bootconsole [ns16550a0] enabled
[  +0.000000] Disabled 4-level and 5-level paging
[  +0.000000] efi: UEFI not found.
[  +0.000000] OF: reserved mem: 0x0000000080000000..0x000000008007ffff (512 KiB) map non-reusable mmode_resv0@80000000
[  +0.000000] cma: Reserved 64 MiB at 0x00000000fb600000
[  +0.000000] NUMA: No NUMA configuration found
[  +0.000000] NUMA: Faking a node at [mem 0x0000000080000000-0x000000027fffffff]
[  +0.000000] NUMA: NODE_DATA [mem 0x27ffeb340-0x27ffeffff]
[  +0.000000] Zone ranges:
[  +0.000000]   DMA32    [mem 0x0000000080000000-0x00000000ffffffff]
[  +0.000000]   Normal   [mem 0x0000000100000000-0x000000027fffffff]
[  +0.000000] Movable zone start for each node
[  +0.000000] Early memory node ranges
[  +0.000000]   node   0: [mem 0x0000000080000000-0x000000027fffffff]
[  +0.000000] Initmem setup node 0 [mem 0x0000000080000000-0x000000027fffffff]
[  +0.000000] SBI specification v1.0 detected
[  +0.000000] SBI implementation ID=0x1 Version=0x10002
[  +0.000000] SBI TIME extension detected
[  +0.000000] SBI IPI extension detected
[  +0.000000] SBI RFENCE extension detected
[  +0.000000] SBI SRST extension detected
[  +0.000000] SBI HSM extension detected
[  +0.000000] riscv: base ISA extensions acdfhim
[  +0.000000] riscv: ELF capabilities acdfim
[  +0.000000] percpu: cpu 0 has no node -1 or node-local memory
[  +0.000000] percpu: Embedded 30 pages/cpu s82152 r8192 d32536 u122880
[  +0.000000] pcpu-alloc: s82152 r8192 d32536 u122880 alloc=30*4096
[  +0.000000] pcpu-alloc: [0] 0 [0] 1 [0] 2 [0] 3 [0] 4 [0] 5 [0] 6 [0] 7 
[  +0.000000] Kernel command line: root=/dev/vda2 rw console=ttyS0 systemd.default_timeout_start_sec=600 selinux=0 highres=off earlycon no4lvl
[  +0.000000] Dentry cache hash table entries: 1048576 (order: 11, 8388608 bytes, linear)
[  +0.000000] Inode-cache hash table entries: 524288 (order: 10, 4194304 bytes, linear)
[  +0.000000] Fallback order for Node 0: 0 
[  +0.000000] Built 1 zonelists, mobility grouping on.  Total pages: 2064384
[  +0.000000] Policy zone: Normal
[  +0.000000] mem auto-init: stack:off, heap alloc:off, heap free:off
[  +0.000000] stackdepot: allocating hash table via alloc_large_system_hash
[  +0.000000] stackdepot hash table entries: 524288 (order: 10, 4194304 bytes, linear)
[  +0.000000] software IO TLB: area num 8.
[  +0.000000] software IO TLB: mapped [mem 0x00000000f7600000-0x00000000fb600000] (64MB)
[  +0.000000] Virtual kernel memory layout:
[  +0.000000]       fixmap : 0xffffffc6fea00000 - 0xffffffc6ff000000   (6144 kB)
[  +0.000000]       pci io : 0xffffffc6ff000000 - 0xffffffc700000000   (  16 MB)
[  +0.000000]      vmemmap : 0xffffffc700000000 - 0xffffffc800000000   (4096 MB)
[  +0.000000]      vmalloc : 0xffffffc800000000 - 0xffffffd800000000   (  64 GB)
[  +0.000000]      modules : 0xffffffff0259d000 - 0xffffffff80000000   (2010 MB)
[  +0.000000]       lowmem : 0xffffffd800000000 - 0xffffffda00000000   (8192 MB)
[  +0.000000]       kernel : 0xffffffff80000000 - 0xffffffffffffffff   (2047 MB)
[  +0.000000] Memory: 8052172K/8388608K available (11986K kernel code, 8843K rwdata, 10240K rodata, 2687K init, 4455K bss, 270900K reserved, 65536K cma-reserved)
[  +0.000000] SLUB: HWalign=64, Order=0-3, MinObjects=0, CPUs=8, Nodes=1
[  +0.000000] ftrace: allocating 44076 entries in 173 pages
[  +0.000000] ftrace: allocated 173 pages with 5 groups
[  +0.000000] trace event string verifier disabled
[  +0.000000] rcu: Hierarchical RCU implementation.
[  +0.000000] rcu: 	RCU restricting CPUs from NR_CPUS=512 to nr_cpu_ids=8.
[  +0.000000] 	Rude variant of Tasks RCU enabled.
[  +0.000000] 	Tracing variant of Tasks RCU enabled.
[  +0.000000] rcu: RCU calculated value of scheduler-enlistment delay is 25 jiffies.
[  +0.000000] rcu: Adjusting geometry for rcu_fanout_leaf=16, nr_cpu_ids=8
[  +0.000000] NR_IRQS: 64, nr_irqs: 64, preallocated irqs: 0
[  +0.000000] riscv-intc: 64 local interrupts mapped
[  +0.000000] plic: plic@c000000: mapped 95 interrupts with 8 handlers for 16 contexts.
[  +0.000000] riscv: providing IPIs using SBI IPI extension
[  +0.000000] rcu: srcu_init: Setting srcu_struct sizes based on contention.
[  +0.000000] riscv-timer: riscv_timer_init_dt: Registering clocksource cpuid [0] hartid [6]
[  +0.000000] clocksource: riscv_clocksource: mask: 0xffffffffffffffff max_cycles: 0x24e6a1710, max_idle_ns: 440795202120 ns
[  +0.000000] sched_clock: 64 bits at 10MHz, resolution 100ns, wraps every 4398046511100ns
[  +0.000387] riscv-timer: Timer interrupt in S-mode is available via sstc extension
[  +0.004660] Console: colour dummy device 80x25
[  +0.004657] Calibrating delay loop (skipped), value calculated using timer frequency.. 20.00 BogoMIPS (lpj=40000)
[  +0.000474] pid_max: default: 32768 minimum: 301
[  +0.001811] LSM: initializing lsm=lockdown,capability,yama,apparmor,integrity
[  +0.000579] Yama: becoming mindful.
[  +0.002076] AppArmor: AppArmor initialized
[  +0.002422] Mount-cache hash table entries: 16384 (order: 5, 131072 bytes, linear)
[  +0.000310] Mountpoint-cache hash table entries: 16384 (order: 5, 131072 bytes, linear)
[  +0.026073] cblist_init_generic: Setting adjustable number of callback queues.
[  +0.000345] cblist_init_generic: Setting shift to 3 and lim to 1.
[  +0.000396] cblist_init_generic: Setting shift to 3 and lim to 1.
[  +0.000648] riscv: ELF compat mode supported
[  +0.000265] ASID allocator using 16 bits (65536 entries)
[  +0.000812] rcu: Hierarchical SRCU implementation.
[  +0.000127] rcu: 	Max phase no-delay instances is 1000.
[  +0.004276] EFI services will not be available.
[  +0.001998] smp: Bringing up secondary CPUs ...
[  +0.017841] smp: Brought up 1 node, 8 CPUs
[  +0.011170] devtmpfs: initialized
[  +0.007916] clocksource: jiffies: mask: 0xffffffff max_cycles: 0xffffffff, max_idle_ns: 7645041785100000 ns
[  +0.000240] futex hash table entries: 2048 (order: 5, 131072 bytes, linear)
[  +0.003083] pinctrl core: initialized pinctrl subsystem
[  +0.011085] NET: Registered PF_NETLINK/PF_ROUTE protocol family
[  +0.006997] DMA: preallocated 1024 KiB GFP_KERNEL pool for atomic allocations
[  +0.000548] DMA: preallocated 1024 KiB GFP_KERNEL|GFP_DMA32 pool for atomic allocations
[  +0.000290] audit: initializing netlink subsys (disabled)
[  +0.001481] audit: type=2000 audit(0.104:1): state=initialized audit_enabled=0 res=1
[  +0.001838] thermal_sys: Registered thermal governor 'fair_share'
[  +0.000028] thermal_sys: Registered thermal governor 'step_wise'
[  +0.000144] thermal_sys: Registered thermal governor 'user_space'
[  +0.000325] cpuidle: using governor menu
[  +0.017165] HugeTLB: registered 1.00 GiB page size, pre-allocated 0 pages
[  +0.000265] HugeTLB: 16380 KiB vmemmap can be freed for a 1.00 GiB page
[  +0.000170] HugeTLB: registered 2.00 MiB page size, pre-allocated 0 pages
[  +0.000133] HugeTLB: 28 KiB vmemmap can be freed for a 2.00 MiB page
[  +0.008491] iommu: Default domain type: Translated 
[  +0.000194] iommu: DMA domain TLB invalidation policy: strict mode 
[  +0.001953] SCSI subsystem initialized
[  +0.000800] libata version 3.00 loaded.
[  +0.000966] usbcore: registered new interface driver usbfs
[  +0.000408] usbcore: registered new interface driver hub
[  +0.000286] usbcore: registered new device driver usb
[  +0.000474] pps_core: LinuxPPS API ver. 1 registered
[  +0.000134] pps_core: Software ver. 5.3.6 - Copyright 2005-2007 Rodolfo Giometti <giometti@linux.it>
[  +0.000247] PTP clock support registered
[  +0.000800] EDAC MC: Ver: 3.0.0
[  +0.008142] NetLabel: Initializing
[  +0.000118] NetLabel:  domain hash size = 128
[  +0.000152] NetLabel:  protocols = UNLABELED CIPSOv4 CALIPSO
[  +0.000849] NetLabel:  unlabeled traffic allowed by default
[  +0.003395] vgaarb: loaded
[  +0.270284] clocksource: Switched to clocksource riscv_clocksource
[  +0.128920] VFS: Disk quotas dquot_6.6.0
[  +0.000351] VFS: Dquot-cache hash table entries: 512 (order 0, 4096 bytes)
[  +0.003376] AppArmor: AppArmor Filesystem Enabled
[  +0.025405] NET: Registered PF_INET protocol family
[  +0.000993] IP idents hash table entries: 131072 (order: 8, 1048576 bytes, linear)
[  +0.007266] tcp_listen_portaddr_hash hash table entries: 4096 (order: 4, 65536 bytes, linear)
[  +0.000275] Table-perturb hash table entries: 65536 (order: 6, 262144 bytes, linear)
[  +0.000253] TCP established hash table entries: 65536 (order: 7, 524288 bytes, linear)
[  +0.000462] TCP bind hash table entries: 65536 (order: 9, 2097152 bytes, linear)
[  +0.002405] TCP: Hash tables configured (established 65536 bind 65536)
[  +0.001567] UDP hash table entries: 4096 (order: 5, 131072 bytes, linear)
[  +0.000385] UDP-Lite hash table entries: 4096 (order: 5, 131072 bytes, linear)
[  +0.001634] NET: Registered PF_UNIX/PF_LOCAL protocol family
[  +0.002776] RPC: Registered named UNIX socket transport module.
[  +0.000142] RPC: Registered udp transport module.
[  +0.000094] RPC: Registered tcp transport module.
[  +0.000130] RPC: Registered tcp NFSv4.1 backchannel transport module.
[  +0.000219] PCI: CLS 0 bytes, default 64
[  +0.004001] Initialise system trusted keyrings
[  +0.001160] Key type blacklist registered
[  +0.000722] workingset: timestamp_bits=39 max_order=21 bucket_order=0
[  +0.000382] zbud: loaded
[  +0.004368] NFS: Registering the id_resolver key type
[  +0.000313] Key type id_resolver registered
[  +0.000190] Key type id_legacy registered
[  +0.000449] nfs4filelayout_init: NFSv4 File Layout Driver Registering...
[  +0.000783] 9p: Installing v9fs 9p2000 file system support
[  +0.003612] integrity: Platform Keyring initialized
[  +0.009401] NET: Registered PF_ALG protocol family
[  +0.000247] Key type asymmetric registered
[  +0.000142] Asymmetric key parser 'x509' registered
[  +0.000320] Block layer SCSI generic (bsg) driver version 0.4 loaded (major 245)
[  +0.001691] io scheduler mq-deadline registered
[  +0.000212] io scheduler kyber registered
[  +0.000461] io scheduler bfq registered
[  +0.022551] shpchp: Standard Hot Plug PCI Controller Driver version: 0.4
[  +0.001434] pci-host-generic 30000000.pci: host bridge /soc/pci@30000000 ranges:
[  +0.000994] pci-host-generic 30000000.pci:       IO 0x0003000000..0x000300ffff -> 0x0000000000
[  +0.000622] pci-host-generic 30000000.pci:      MEM 0x0040000000..0x007fffffff -> 0x0040000000
[  +0.000201] pci-host-generic 30000000.pci:      MEM 0x0400000000..0x07ffffffff -> 0x0400000000
[  +0.000512] pci-host-generic 30000000.pci: Memory resource size exceeds max for 32 bits
[  +0.000483] pci-host-generic 30000000.pci: ECAM at [mem 0x30000000-0x3fffffff] for [bus 00-ff]
[  +0.000980] pci-host-generic 30000000.pci: PCI host bridge to bus 0000:00
[  +0.000250] pci_bus 0000:00: root bus resource [bus 00-ff]
[  +0.000149] pci_bus 0000:00: root bus resource [io  0x0000-0xffff]
[  +0.000129] pci_bus 0000:00: root bus resource [mem 0x40000000-0x7fffffff]
[  +0.000119] pci_bus 0000:00: root bus resource [mem 0x400000000-0x7ffffffff]
[  +0.000918] pci 0000:00:00.0: [1b36:0008] type 00 class 0x060000
[  +0.002871] pci 0000:00:01.0: [1af4:1050] type 00 class 0x038000
[  +0.001166] pci 0000:00:01.0: reg 0x14: [mem 0x40000000-0x40000fff]
[  +0.001255] pci 0000:00:01.0: reg 0x20: [mem 0x40004000-0x40007fff 64bit pref]
[  +0.001069] pci 0000:00:02.0: [1b36:000d] type 00 class 0x0c0330
[  +0.000350] pci 0000:00:02.0: reg 0x10: [mem 0x40008000-0x4000bfff 64bit]
[  +0.002769] pci 0000:00:01.0: BAR 4: assigned [mem 0x400000000-0x400003fff 64bit pref]
[  +0.000761] pci 0000:00:02.0: BAR 0: assigned [mem 0x400004000-0x400007fff 64bit]
[  +0.000403] pci 0000:00:01.0: BAR 1: assigned [mem 0x40000000-0x40000fff]
[  +0.010614] Serial: 8250/16550 driver, 4 ports, IRQ sharing enabled
[  +0.005664] printk: console [ttyS0] disabled
[  +0.001324] 10000000.serial: ttyS0 at MMIO 0x10000000 (irq = 13, base_baud = 230400) is a 16550A
[  +0.001196] printk: console [ttyS0] enabled
[  +0.000348] printk: bootconsole [ns16550a0] disabled
[  +0.006240] loop: module loaded
[  +0.000452] virtio_blk virtio1: 1/0/0 default/read/poll queues
[  +0.005064] virtio_blk virtio1: [vda] 33554432 512-byte logical blocks (17.2 GB/16.0 GiB)
[  +0.011520]  vda: vda1 vda2
[  +0.003778] virtio_blk virtio3: 1/0/0 default/read/poll queues
[  +0.001232] virtio_blk virtio3: [vdb] 4194304 512-byte logical blocks (2.15 GB/2.00 GiB)
[  +0.002616]  vdb: vdb1
[  +0.000678] virtio_blk virtio4: 1/0/0 default/read/poll queues
[  +0.000770] virtio_blk virtio4: [vdc] 2097152 512-byte logical blocks (1.07 GB/1.00 GiB)
[  +0.002447]  vdc: vdc1
[  +0.000799] rdac: device handler registered
[  +0.000506] hp_sw: device handler registered
[  +0.000128] emc: device handler registered
[  +0.000327] alua: device handler registered
[  +0.006884] e1000e: Intel(R) PRO/1000 Network Driver
[  +0.000237] e1000e: Copyright(c) 1999 - 2015 Intel Corporation.
[  +0.002378] xhci_hcd 0000:00:02.0: xHCI Host Controller
[  +0.000790] xhci_hcd 0000:00:02.0: new USB bus registered, assigned bus number 1
[  +0.002260] xhci_hcd 0000:00:02.0: hcc params 0x00087001 hci version 0x100 quirks 0x0000000000000010
[  +0.001501] xhci_hcd 0000:00:02.0: xHCI Host Controller
[  +0.000359] xhci_hcd 0000:00:02.0: new USB bus registered, assigned bus number 2
[  +0.000210] xhci_hcd 0000:00:02.0: Host supports USB 3.0 SuperSpeed
[  +0.002567] usb usb1: New USB device found, idVendor=1d6b, idProduct=0002, bcdDevice= 6.04
[  +0.000183] usb usb1: New USB device strings: Mfr=3, Product=2, SerialNumber=1
[  +0.000139] usb usb1: Product: xHCI Host Controller
[  +0.000100] usb usb1: Manufacturer: Linux 6.4.0-10.1.0.20.oe2309.riscv64 xhci-hcd
[  +0.000136] usb usb1: SerialNumber: 0000:00:02.0
[  +0.002237] hub 1-0:1.0: USB hub found
[  +0.000484] hub 1-0:1.0: 4 ports detected
[  +0.002838] usb usb2: We don't know the algorithms for LPM for this host, disabling LPM.
[  +0.000598] usb usb2: New USB device found, idVendor=1d6b, idProduct=0003, bcdDevice= 6.04
[  +0.000156] usb usb2: New USB device strings: Mfr=3, Product=2, SerialNumber=1
[  +0.000128] usb usb2: Product: xHCI Host Controller
[  +0.000091] usb usb2: Manufacturer: Linux 6.4.0-10.1.0.20.oe2309.riscv64 xhci-hcd
[  +0.000126] usb usb2: SerialNumber: 0000:00:02.0
[  +0.000748] hub 2-0:1.0: USB hub found
[  +0.000209] hub 2-0:1.0: 4 ports detected
[  +0.001774] usbcore: registered new interface driver uas
[  +0.000255] usbcore: registered new interface driver usb-storage
[  +0.000657] mousedev: PS/2 mouse device common for all mice
[  +0.002053] goldfish_rtc 101000.rtc: registered as rtc0
[  +0.000400] goldfish_rtc 101000.rtc: setting system clock to 2023-10-11T06:20:54 UTC (1697005254)
[  +0.001967] syscon-poweroff poweroff: pm_power_off already claimed for sbi_srst_power_off
[  +0.000277] syscon-poweroff: probe of poweroff failed with error -16
[  +0.000805] sdhci: Secure Digital Host Controller Interface driver
[  +0.000122] sdhci: Copyright(c) Pierre Ossman
[  +0.000148] sdhci-pltfm: SDHCI platform and OF driver helper
[  +0.000577] hid: raw HID events driver (C) Jiri Kosina
[  +0.001086] usbcore: registered new interface driver usbhid
[  +0.000117] usbhid: USB HID core driver
[  +0.000367] riscv-pmu-sbi: SBI PMU extension is available
[  +0.000367] riscv-pmu-sbi: 16 firmware and 18 hardware counters
[  +0.000152] riscv-pmu-sbi: Perf sampling/filtering is not supported as sscof extension is not available
[  +0.032170] NET: Registered PF_INET6 protocol family
[  +0.005710] Segment Routing with IPv6
[  +0.000185] In-situ OAM (IOAM) with IPv6
[  +0.000652] NET: Registered PF_PACKET protocol family
[  +0.000778] 9pnet: Installing 9P2000 support
[  +0.000331] Key type dns_resolver registered
[  +0.015046] registered taskstats version 1
[  +0.004316] Loading compiled-in X.509 certificates
[  +0.035166] Loaded X.509 cert 'Build time autogenerated kernel key: f3552848e98f6683260e8d968e466f8236285f5e'
[  +0.025918] kmemleak: Kernel memory leak detector initialized (mem pool available: 15566)
[  +0.000014] kmemleak: Automatic memory scanning thread started
[  +0.018310] Key type encrypted registered
[  +0.000202] AppArmor: AppArmor sha1 policy hashing enabled
[  +0.000632] ima: No TPM chip found, activating TPM-bypass!
[  +0.000325] ima: Allocated hash algorithm: sha256
[  +0.001925] ima: No architecture policies found
[  +0.001034] evm: Initialising EVM extended attributes:
[  +0.000225] evm: security.selinux
[  +0.000159] evm: security.SMACK64 (disabled)
[  +0.000158] evm: security.SMACK64EXEC (disabled)
[  +0.000163] evm: security.SMACK64TRANSMUTE (disabled)
[  +0.000173] evm: security.SMACK64MMAP (disabled)
[  +0.000160] evm: security.apparmor
[  +0.000123] evm: security.ima
[  +0.000115] evm: security.capability
[  +0.000133] evm: HMAC attrs: 0x1
[  +0.095506] usb 1-1: new high-speed USB device number 2 using xhci_hcd
[  +0.163686] usb 1-1: New USB device found, idVendor=0627, idProduct=0001, bcdDevice= 0.00
[  +0.000205] usb 1-1: New USB device strings: Mfr=1, Product=4, SerialNumber=11
[  +0.000157] usb 1-1: Product: QEMU USB Keyboard
[  +0.000108] usb 1-1: Manufacturer: QEMU
[  +0.000090] usb 1-1: SerialNumber: 68284-0000:00:02.0-1
[  +0.007482] input: QEMU QEMU USB Keyboard as /devices/platform/soc/30000000.pci/pci0000:00/0000:00:02.0/usb1/1-1/1-1:1.0/0003:0627:0001.0001/input/input0
[  +0.064834] hid-generic 0003:0627:0001.0001: input,hidraw0: USB HID v1.11 Keyboard [QEMU QEMU USB Keyboard] on usb-0000:00:02.0-1/input0
[  +0.046123] clk: Disabling unused clocks
[  +0.003364] md: Waiting for all devices to be available before autodetect
[  +0.000133] md: If you don't use raid, use raid=noautodetect
[  +0.000148] md: Autodetecting RAID arrays.
[  +0.000090] md: autorun ...
[  +0.000058] md: ... autorun DONE.
[  +0.025051] EXT4-fs (vda2): mounted filesystem f4505548-b726-436b-b7f5-6603379a4537 r/w with ordered data mode. Quota mode: none.
[  +0.000415] VFS: Mounted root (ext4 filesystem) on device 253:2.
[  +0.002564] devtmpfs: mounted
[  +0.001991] integrity: Unable to open file: /etc/keys/x509_ima.der (-2)
[  +0.000074] integrity: Unable to open file: /etc/keys/x509_evm.der (-2)
[  +0.046416] usb 1-2: new high-speed USB device number 3 using xhci_hcd
[  +0.037229] Freeing unused kernel image (initmem) memory: 2684K
[  +0.028717] Run /sbin/init as init process
[  +0.000346]   with arguments:
[  +0.000052]     /sbin/init
[  +0.000032]   with environment:
[  +0.000025]     HOME=/
[  +0.000022]     TERM=linux
[  +0.081868] usb 1-2: New USB device found, idVendor=0627, idProduct=0001, bcdDevice= 0.00
[  +0.000198] usb 1-2: New USB device strings: Mfr=1, Product=3, SerialNumber=10
[  +0.000202] usb 1-2: Product: QEMU USB Tablet
[  +0.000128] usb 1-2: Manufacturer: QEMU
[  +0.000114] usb 1-2: SerialNumber: 28754-0000:00:02.0-2
[  +0.003587] input: QEMU QEMU USB Tablet as /devices/platform/soc/30000000.pci/pci0000:00/0000:00:02.0/usb1/1-2/1-2:1.0/0003:0627:0001.0002/input/input1
[  +0.001332] hid-generic 0003:0627:0001.0002: input,hidraw1: USB HID v0.01 Mouse [QEMU QEMU USB Tablet] on usb-0000:00:02.0-2/input0
[  +0.223298] systemd[1]: systemd v253-5.oe2309 running in system mode (+PAM +AUDIT +SELINUX -APPARMOR +IMA -SMACK +SECCOMP +GCRYPT +GNUTLS -OPENSSL +ACL +BLKID -CURL -ELFUTILS -FIDO2 +IDN2 -IDN -IPTC +KMOD -LIBCRYPTSETUP +LIBFDISK +PCRE2 -PWQUALITY +P11KIT -QRENCODE -TPM2 +BZIP2 +LZ4 +XZ +ZLIB -ZSTD -BPF_FRAMEWORK +XKBCOMMON +UTMP +SYSVINIT default-hierarchy=legacy)
[  +0.000936] systemd[1]: Detected architecture riscv64.
[  +0.092807] systemd[1]: Hostname set to <openeuler>.
[  +0.502620] systemd[1]: /usr/lib/systemd/system/dbus.socket:5: ListenStream= references a path below legacy directory /var/run/, updating /var/run/dbus/system_bus_socket â†’ /run/dbus/system_bus_socket; please update the unit file accordingly.
[  +0.340764] systemd[1]: Queued start job for default target Graphical Interface.
[  +0.101947] systemd[1]: Created slice Slice /system/getty.
[  +0.006144] systemd[1]: Created slice Slice /system/modprobe.
[  +0.004574] systemd[1]: Created slice Slice /system/serial-getty.
[  +0.004918] systemd[1]: Created slice Slice /system/sshd-keygen.
[  +0.004227] systemd[1]: Created slice User and Session Slice.
[  +0.001736] systemd[1]: Started Forward Password Requests to Wall Directory Watch.
[  +0.004320] systemd[1]: Set up automount Arbitrary Executable File Formats File System Automount Point.
[  +0.001565] systemd[1]: Reached target Slice Units.
[  +0.001018] systemd[1]: Reached target Swaps.
[  +0.002183] systemd[1]: Listening on Device-mapper event daemon FIFOs.
[  +0.002264] systemd[1]: Listening on LVM2 poll daemon socket.
[  +0.001901] systemd[1]: Listening on RPCbind Server Activation Socket.
[  +0.000732] systemd[1]: Reached target RPC Port Mapper.
[  +0.008400] systemd[1]: Listening on Process Core Dump Socket.
[  +0.001170] systemd[1]: Listening on initctl Compatibility Named Pipe.
[  +0.001850] systemd[1]: Listening on Journal Socket (/dev/log).
[  +0.001755] systemd[1]: Listening on Journal Socket.
[  +0.001827] systemd[1]: Listening on udev Control Socket.
[  +0.001716] systemd[1]: Listening on udev Kernel Socket.
[  +0.041672] systemd[1]: Mounting Huge Pages File System...
[  +0.014503] systemd[1]: Mounting POSIX Message Queue File System...
[  +0.012607] systemd[1]: Mounting Kernel Debug File System...
[  +0.013354] systemd[1]: Mounting Kernel Trace File System...
[  +0.013955] systemd[1]: Mounting Temporary Directory /tmp...
[  +0.002113] systemd[1]: Kernel Module supporting RPCSEC_GSS was skipped because of an unmet condition check (ConditionPathExists=/etc/krb5.keytab).
[  +0.014964] systemd[1]: Starting Create List of Static Device Nodes...
[  +0.012984] systemd[1]: Starting Monitoring of LVM2 mirrors, snapshots etc. using dmeventd or progress polling...
[  +0.013776] systemd[1]: Starting Load Kernel Module configfs...
[  +0.014680] systemd[1]: Starting Load Kernel Module drm...
[  +0.013386] systemd[1]: Starting Load Kernel Module fuse...
[  +0.004675] systemd[1]: systemd-journald.service: unit configures an IP firewall, but the local system does not support BPF/cgroup firewalling.
[  +0.000425] systemd[1]: (This warning is only shown for the first unit using IP firewalling.)
[  +0.017916] systemd[1]: Starting Journal Service...
[  +0.004917] systemd[1]: Load Kernel Modules was skipped because no trigger condition checks were met.
[  +0.013836] systemd[1]: Starting Generate network units from Kernel command line...
[  +0.016550] systemd[1]: Starting Remount Root and Kernel File Systems...
[  +0.013842] systemd[1]: Starting Apply Kernel Variables...
[  +0.016481] systemd[1]: Starting Coldplug All udev Devices...
[  +0.015252] systemd[1]: Starting Setup Virtual Console...
[  +0.029049] systemd-journald[209]: Collecting audit messages is disabled.
[  +0.032343] systemd[1]: Mounted Huge Pages File System.
[  +0.002641] systemd[1]: Mounted POSIX Message Queue File System.
[  +0.008983] systemd[1]: Mounted Kernel Debug File System.
[  +0.001749] systemd[1]: Mounted Kernel Trace File System.
[  +0.001850] systemd[1]: Mounted Temporary Directory /tmp.
[  +0.015407] systemd[1]: Finished Create List of Static Device Nodes.
[  +0.006764] systemd[1]: Finished Monitoring of LVM2 mirrors, snapshots etc. using dmeventd or progress polling.
[  +0.001895] EXT4-fs (vda2): re-mounted f4505548-b726-436b-b7f5-6603379a4537 r/w. Quota mode: none.
[  +0.003289] systemd[1]: modprobe@configfs.service: Deactivated successfully.
[  +0.003710] systemd[1]: Finished Load Kernel Module configfs.
[  +0.019832] fuse: init (API version 7.38)
[  +0.011137] systemd[1]: modprobe@fuse.service: Deactivated successfully.
[  +0.001936] systemd[1]: Finished Load Kernel Module fuse.
[  +0.003255] systemd[1]: Finished Generate network units from Kernel command line.
[  +0.003047] systemd[1]: Finished Remount Root and Kernel File Systems.
[  +0.003941] systemd[1]: Finished Setup Virtual Console.
[  +0.041401] systemd[1]: Mounting FUSE Control File System...
[  +0.021896] systemd[1]: Mounting Kernel Configuration File System...
[  +0.004585] systemd[1]: Rebuild Hardware Database was skipped because of an unmet condition check (ConditionNeedsUpdate=/etc).
[  +0.013256] systemd[1]: Starting Load/Save OS Random Seed...
[  +0.002083] systemd[1]: Create System Users was skipped because no trigger condition checks were met.
[  +0.014785] systemd[1]: Starting Create Static Device Nodes in /dev...
[  +0.016732] systemd[1]: Started Journal Service.
[  +0.133321] systemd-journald[209]: Received client request to flush runtime journal.
[  +0.853819] physmap-flash 20000000.flash: physmap platform flash device: [mem 0x20000000-0x21ffffff]
[  +0.077101] 20000000.flash: Found 2 x16 devices at 0x0 in 32-bit bank. Manufacturer ID 0x000000 Chip ID 0x000000
[  +0.054562] Intel/Sharp Extended Query Table at 0x0031
[  +0.000753] Using buffer write method
[  +0.000312] erase region 0: offset=0x0,size=0x40000,blocks=128
[  +0.000226] physmap-flash 20000000.flash: physmap platform flash device: [mem 0x22000000-0x23ffffff]
[  +0.000582] 20000000.flash: Found 2 x16 devices at 0x0 in 32-bit bank. Manufacturer ID 0x000000 Chip ID 0x000000
[  +0.000272] Intel/Sharp Extended Query Table at 0x0031
[  +0.000515] Using buffer write method
[  +0.000143] erase region 0: offset=0x0,size=0x40000,blocks=128
[  +0.000100] Concatenating MTD devices:
[  +0.000101] (0): "20000000.flash"
[  +0.000105] (1): "20000000.flash"
[  +0.000204] into device "20000000.flash"
[  +0.128508] [drm] pci: virtio-gpu-pci detected at 0000:00:01.0
[  +0.000515] [drm] features: -virgl +edid -resource_blob -host_visible
[  +0.000024] [drm] features: -context_init
[  +0.001466] [drm] number of scanouts: 1
[  +0.000175] [drm] number of cap sets: 0
[  +0.019370] [drm] Initialized virtio_gpu 0.1.0 0 for 0000:00:01.0 on minor 0
[  +0.025074] Console: switching to colour frame buffer device 160x50
[  +0.006711] virtio-pci 0000:00:01.0: [drm] fb0: virtio_gpudrmfb frame buffer device
[Oct11 14:21] capability: warning: `dnf' uses 32-bit capabilities (legacy support in use)
[Oct11 14:30] LTP: starting abort01
[  +0.571231] LTP: starting accept01
[  +0.032056] LTP: starting accept02
[  +0.038670] LTP: starting accept4_01
[  +0.053817] LTP: starting access01
[  +0.991648] LTP: starting access02
[  +0.213446] LTP: starting access03
[  +0.049088] LTP: starting access04
[  +0.088075] LTP: starting acct01
[  +0.035798] Process accounting resumed
[  +0.009959] LTP: starting acct02
[  +1.119127] Process accounting resumed
[  +0.020779] LTP: starting add_key01
[  +0.053497] LTP: starting add_key02
[  +0.030201] LTP: starting add_key03
[  +0.075204] LTP: starting add_key04
[  +0.034898] LTP: starting add_key05
[  +1.437323] LTP: starting adjtimex01
[  +0.034102] LTP: starting adjtimex02
[  +0.046363] LTP: starting adjtimex03
[  +0.027774] LTP: starting alarm02
[  +0.028197] LTP: starting alarm03
[  +0.030727] LTP: starting alarm05
[  +2.044398] LTP: starting alarm06
[  +3.054583] LTP: starting alarm07
[  +3.060130] LTP: starting bind01
[  +0.042104] LTP: starting bind02
[  +0.031413] LTP: starting bind03
[  +0.030701] LTP: starting bind04
[  +0.446041] sctp: Hash tables configured (bind 256/256)
[  +0.120379] LTP: starting bind05
[  +0.055067] UDPLite: UDP-Lite is deprecated and scheduled to be removed in 2025, please contact the netdev mailing list
[  +0.010232] UDPLite6: UDP-Lite is deprecated and scheduled to be removed in 2025, please contact the netdev mailing list
[  +0.008918] LTP: starting bind06
[Oct11 14:35] LTP: starting bpf_map01
[  +0.036589] LTP: starting bpf_prog01
[  +0.040654] LTP: starting bpf_prog02
[  +0.036456] LTP: starting bpf_prog03
[  +0.032800] LTP: starting bpf_prog04
[  +0.034128] LTP: starting bpf_prog05
[  +0.039617] LTP: starting bpf_prog06
[Oct11 14:37] LTP: starting bpf_prog07
[Oct11 14:40] LTP: starting brk01
[  +0.063057] LTP: starting brk02
[  +0.036796] LTP: starting capget01
[  +0.024857] capability: warning: `capget01' uses deprecated v2 capabilities in a way that may be insecure
[  +0.003481] LTP: starting capget02
[  +0.029345] LTP: starting capset01
[  +0.027370] LTP: starting capset02
[  +0.028411] LTP: starting capset03
[  +0.027382] LTP: starting capset04
[  +0.030673] LTP: starting cacheflush01
[  +0.018091] LTP: starting chdir01
[  +0.025222] /dev/zero: Can't open blockdev
[  +0.037661] /dev/zero: Can't open blockdev
[  +0.030649] /dev/zero: Can't open blockdev
[  +1.666228] SGI XFS with ACLs, security attributes, quota, no debug enabled
[  +0.016692] /dev/zero: Can't open blockdev
[  +0.152718] raid6: int64x8  gen()  1631 MB/s
[  +0.067984] raid6: int64x4  gen()  4183 MB/s
[  +0.068004] raid6: int64x2  gen()  5284 MB/s
[  +0.068034] raid6: int64x1  gen()  4334 MB/s
[  +0.000176] raid6: using algorithm int64x2 gen() 5284 MB/s
[  +0.067789] raid6: .... xor() 3051 MB/s, rmw enabled
[  +0.000198] raid6: using intx1 recovery algorithm
[  +0.013022] xor: measuring software checksum speed
[  +0.001697]    8regs           :  6917 MB/sec
[  +0.001820]    8regs_prefetch  :  6623 MB/sec
[  +0.001578]    32regs          :  6842 MB/sec
[  +0.001538]    32regs_prefetch :  6913 MB/sec
[  +0.000068] xor: using function: 8regs (6917 MB/sec)
[  +1.810297] Btrfs loaded, zoned=yes, fsverity=no
[  +0.175884] /dev/zero: Can't open blockdev
[  +0.145060] ntfs: driver 2.1.32 [Flags: R/O MODULE].
[  +0.109576] EXT4-fs (vdc1): mounting ext2 file system using the ext4 subsystem
[  +0.004517] EXT4-fs (vdc1): mounted filesystem 88e5d66a-ca04-485c-b409-e170dfd2afce r/w without journal. Quota mode: none.
[  +0.023984] EXT4-fs (vdc1): unmounting filesystem 88e5d66a-ca04-485c-b409-e170dfd2afce.
[  +0.190113] EXT4-fs (vdc1): mounting ext3 file system using the ext4 subsystem
[  +0.007784] EXT4-fs (vdc1): mounted filesystem 0a9a876f-3ffc-48f8-87ea-842cf056cda5 r/w with ordered data mode. Quota mode: none.
[  +0.017626] EXT4-fs (vdc1): unmounting filesystem 0a9a876f-3ffc-48f8-87ea-842cf056cda5.
[  +0.065662] EXT4-fs (vdc1): mounted filesystem ca40e60d-cc14-446a-a857-ea4b0bc0e8f3 r/w with ordered data mode. Quota mode: none.
[  +0.017001] EXT4-fs (vdc1): unmounting filesystem ca40e60d-cc14-446a-a857-ea4b0bc0e8f3.
[  +0.117538] XFS (vdc1): Mounting V5 Filesystem dc462e0e-f951-4bdf-bff6-8844113004f7
[  +0.016469] XFS (vdc1): Ending clean mount
[  +0.034334] XFS (vdc1): Unmounting Filesystem dc462e0e-f951-4bdf-bff6-8844113004f7
[  +0.193429] BTRFS: device fsid 70c51468-bf25-48c9-bae9-18af611d44a8 devid 1 transid 6 /dev/vdc1 scanned by mkfs.btrfs (1681)
[  +0.007186] BTRFS info (device vdc1): using crc32c (crc32c-generic) checksum algorithm
[  +0.000794] BTRFS info (device vdc1): using free space tree
[  +0.025074] BTRFS info (device vdc1): auto enabling async discard
[  +0.002262] BTRFS info (device vdc1): checking UUID tree
[  +0.224021] LTP: starting chdir01A (symlink01 -T chdir01)
[  +0.028163] LTP: starting chdir04
[  +0.029777] LTP: starting chmod01
[  +0.038911] LTP: starting chmod01A (symlink01 -T chmod01)
[  +0.015955] LTP: starting chmod03
[  +0.032562] LTP: starting chmod05
[  +0.044949] LTP: starting chmod06
[  +0.039463] LTP: starting chmod07
[  +0.033826] LTP: starting chown01
[  +0.032027] LTP: starting chown01_16
[  +0.031383] LTP: starting chown02
[  +0.031425] LTP: starting chown02_16
[  +0.030144] LTP: starting chown03
[  +0.032051] LTP: starting chown03_16
[  +0.032283] LTP: starting chown04
[  +0.039616] LTP: starting chown04_16
[  +0.040893] LTP: starting chown05
[  +0.030144] LTP: starting chown05_16
[  +0.029759] LTP: starting chroot01
[  +0.034917] LTP: starting chroot02
[  +0.033026] LTP: starting chroot03
[  +0.033457] LTP: starting chroot04
[  +0.033543] LTP: starting clock_adjtime01
[  +0.036448] LTP: starting clock_adjtime02
[  +0.033468] LTP: starting clock_getres01
[  +0.067449] LTP: starting clock_nanosleep01
[  +1.605522] LTP: starting clock_nanosleep02
[ +12.163960] LTP: starting clock_nanosleep03
[  +0.334922] LTP: starting clock_nanosleep04
[  +0.144571] LTP: starting clock_gettime01
[  +0.191050] LTP: starting clock_gettime02
[  +0.030375] LTP: starting clock_gettime03
[  +0.223927] LTP: starting clock_gettime04
[  +0.165943] LTP: starting leapsec01
[  +3.049869] Clock: inserting leap second 23:59:60 UTC
[  +4.542136] systemd-journald[209]: Time jumped backwards, rotating.
[  +1.003575] LTP: starting clock_settime01
[  +0.055071] LTP: starting clock_settime02
[  +0.027986] LTP: starting clock_settime03
[  +0.025032] systemd-journald[209]: Oldest entry in /run/log/journal/4df2c20bde1b44bcb793249417f056cb/system.journal is older than the configured file retention duration (1month), suggesting rotation.
[  +0.000586] systemd-journald[209]: /run/log/journal/4df2c20bde1b44bcb793249417f056cb/system.journal: Journal header limits reached or header out-of-date, rotating.
[  +3.012834] systemd-journald[209]: Time jumped backwards, rotating.
[  +0.002820] LTP: starting clone01
[  +0.036641] LTP: starting clone02
[  +0.025218] LTP: starting clone03
[  +0.035709] LTP: starting clone04
[  +0.034404] LTP: starting clone05
[  +0.431485] LTP: starting clone06
[  +0.051589] LTP: starting clone07
[  +0.029273] LTP: starting clone08
[  +0.096120] LTP: starting clone09
[  +0.060429] LTP: starting clone301
[  +0.046353] LTP: starting clone302
[  +0.035886] LTP: starting clone303
[  +0.047742] LTP: starting close01
[  +0.030199] LTP: starting close02
[  +0.025521] LTP: starting close_range01
[  +0.020921] /dev/zero: Can't open blockdev
[  +0.031300] /dev/zero: Can't open blockdev
[  +0.034366] /dev/zero: Can't open blockdev
[  +0.031485] /dev/zero: Can't open blockdev
[  +0.097027] /dev/zero: Can't open blockdev
[  +0.117092] EXT4-fs (vdc1): mounting ext2 file system using the ext4 subsystem
[  +0.004398] EXT4-fs (vdc1): mounted filesystem b517a9d8-f06a-422e-8012-c1104ecab55b r/w without journal. Quota mode: none.
[  +0.025321] EXT4-fs (vdc1): unmounting filesystem b517a9d8-f06a-422e-8012-c1104ecab55b.
[  +0.186191] EXT4-fs (vdc1): mounting ext3 file system using the ext4 subsystem
[  +0.006830] EXT4-fs (vdc1): mounted filesystem 85661a5b-3c58-4ba2-983e-5e186709cf8f r/w with ordered data mode. Quota mode: none.
[  +0.026431] EXT4-fs (vdc1): unmounting filesystem 85661a5b-3c58-4ba2-983e-5e186709cf8f.
[  +0.072909] EXT4-fs (vdc1): mounted filesystem 1316e16a-f54c-44b2-8505-b8dccb472e8f r/w with ordered data mode. Quota mode: none.
[  +0.024507] EXT4-fs (vdc1): unmounting filesystem 1316e16a-f54c-44b2-8505-b8dccb472e8f.
[  +0.091249] XFS (vdc1): Mounting V5 Filesystem 39bd5379-fa02-431c-bb8a-f1bbe6d95237
[  +0.007595] XFS (vdc1): Ending clean mount
[  +0.027340] XFS (vdc1): Unmounting Filesystem 39bd5379-fa02-431c-bb8a-f1bbe6d95237
[  +0.155803] BTRFS: device fsid 5ead3b6b-763f-47bf-a28a-2398e8e1d36f devid 1 transid 6 /dev/vdc1 scanned by mkfs.btrfs (1922)
[  +0.009510] BTRFS info (device vdc1): using crc32c (crc32c-generic) checksum algorithm
[  +0.000277] BTRFS info (device vdc1): using free space tree
[  +0.011677] BTRFS info (device vdc1): auto enabling async discard
[  +0.000684] BTRFS info (device vdc1): checking UUID tree
[  +0.225427] LTP: starting close_range02
[  +0.033430] LTP: starting confstr01
[  +0.028567] LTP: starting connect01
[  +0.023826] LTP: starting connect02
[  +1.131461] LTP: starting creat01
[  +0.033214] LTP: starting creat03
[  +0.028749] LTP: starting creat04
[  +0.040351] LTP: starting creat05
[  +0.290304] LTP: starting creat06
[  +0.045602] LTP: starting creat07
[  +0.085510] LTP: starting creat08
[  +0.046299] LTP: starting creat09
[  +0.022660] /dev/zero: Can't open blockdev
[  +0.031604] /dev/zero: Can't open blockdev
[  +0.030942] /dev/zero: Can't open blockdev
[  +0.031174] /dev/zero: Can't open blockdev
[  +0.128947] EXT4-fs (vdc1): mounting ext2 file system using the ext4 subsystem
[  +0.005304] EXT4-fs (vdc1): mounted filesystem 8bfd1924-7a92-4e00-b1df-497a952700a2 r/w without journal. Quota mode: none.
[  +0.050082] EXT4-fs (vdc1): unmounting filesystem 8bfd1924-7a92-4e00-b1df-497a952700a2.
[  +0.184756] EXT4-fs (vdc1): mounting ext3 file system using the ext4 subsystem
[  +0.006883] EXT4-fs (vdc1): mounted filesystem dae38f74-1fac-40af-bb40-c6c1717ec7c0 r/w with ordered data mode. Quota mode: none.
[  +0.030419] EXT4-fs (vdc1): unmounting filesystem dae38f74-1fac-40af-bb40-c6c1717ec7c0.
[  +0.070056] EXT4-fs (vdc1): mounted filesystem eda8c56c-c934-4230-932c-a5d49dcdcd4c r/w with ordered data mode. Quota mode: none.
[  +0.028109] EXT4-fs (vdc1): unmounting filesystem eda8c56c-c934-4230-932c-a5d49dcdcd4c.
[  +0.085717] XFS (vdc1): Mounting V5 Filesystem 2fa6d4d9-bca7-4960-b57d-a16ed9b6b3b0
[  +0.007994] XFS (vdc1): Ending clean mount
[  +0.039731] XFS (vdc1): Unmounting Filesystem 2fa6d4d9-bca7-4960-b57d-a16ed9b6b3b0
[  +0.160306] BTRFS: device fsid 289b4dfe-2a8e-41b0-b9a1-286f310617aa devid 1 transid 6 /dev/vdc1 scanned by mkfs.btrfs (2021)
[  +0.005773] BTRFS info (device vdc1): using crc32c (crc32c-generic) checksum algorithm
[  +0.000272] BTRFS info (device vdc1): using free space tree
[  +0.016738] BTRFS info (device vdc1): auto enabling async discard
[  +0.000720] BTRFS info (device vdc1): checking UUID tree
[  +0.084084] LTP: starting delete_module01
[  +0.040072] dummy_del_mod: loading out-of-tree module taints kernel.
[  +0.000152] dummy_del_mod: module verification failed: signature and/or required key missing - tainting kernel
[  +0.060030] LTP: starting delete_module02
[  +0.044609] LTP: starting delete_module03
[  +0.169318] LTP: starting dup01
[  +0.044948] LTP: starting dup02
[  +0.047325] LTP: starting dup03
[  +0.031157] LTP: starting dup04
[  +0.028779] LTP: starting dup05
[  +0.027719] LTP: starting dup06
[  +0.025265] LTP: starting dup07
[  +0.022113] LTP: starting dup201
[  +0.036820] LTP: starting dup202
[  +0.033449] LTP: starting dup203
[  +0.032202] LTP: starting dup204
[  +0.031206] LTP: starting dup205
[  +0.043930] LTP: starting dup206
[  +0.033667] LTP: starting dup207
[  +0.030351] LTP: starting dup3_01
[  +0.027622] LTP: starting dup3_02
[  +0.027032] LTP: starting epoll_create01
[  +0.031188] LTP: starting epoll_create02
[  +0.031914] LTP: starting epoll_create1_01
[  +0.028448] LTP: starting epoll_create1_02
[  +0.026895] LTP: starting epoll01 (epoll-ltp)
[Oct11 14:42] LTP: starting epoll_ctl01
[  +0.028245] LTP: starting epoll_ctl02
[  +0.040263] LTP: starting epoll_ctl03
[  +0.043069] LTP: starting epoll_ctl04
[  +0.027823] LTP: starting epoll_ctl05
[  +0.027301] LTP: starting epoll_wait01
[  +0.033235] LTP: starting epoll_wait02
[ +12.150359] LTP: starting epoll_wait03
[  +0.090335] LTP: starting epoll_wait04
[  +0.030607] LTP: starting epoll_wait05
[  +0.048924] LTP: starting epoll_wait06
[  +0.027661] LTP: starting epoll_wait07
[  +0.038470] LTP: starting epoll_pwait01
[  +0.147845] LTP: starting epoll_pwait02
[  +0.057743] LTP: starting epoll_pwait03
[Oct11 14:43] LTP: starting epoll_pwait04
[  +0.056794] LTP: starting epoll_pwait05
[  +0.028901] LTP: starting eventfd01
[  +0.072193] LTP: starting eventfd02
[  +0.067846] LTP: starting eventfd03
[  +0.066195] LTP: starting eventfd04
[  +0.070476] LTP: starting eventfd05
[  +0.069397] LTP: starting eventfd06
[  +0.131246] LTP: starting eventfd2_01
[  +0.041157] LTP: starting eventfd2_02
[  +0.027245] LTP: starting eventfd2_03
[  +0.033839] LTP: starting execl01
[  +0.044916] LTP: starting execle01
[  +0.050363] LTP: starting execlp01
[  +0.047029] LTP: starting execv01
[  +0.055511] LTP: starting execve01
[  +0.044350] LTP: starting execve02
[  +0.079510] LTP: starting execve03
[  +0.056886] LTP: starting execve04
[  +0.071423] LTP: starting execve05 (execve05 -i 5 -n 32)
[  +0.430480] LTP: starting execve06
[  +0.027441] process 'execve06' launched '/opt/ltp/testcases/bin/execve06_child' with NULL argv: empty string added
[  +0.013899] LTP: starting execvp01
[  +0.048634] LTP: starting execveat01
[  +0.150222] LTP: starting execveat02
[  +0.120777] LTP: starting execveat03
[  +0.093918] EXT4-fs (vdc1): mounted filesystem 85592893-fb95-43b4-829d-236d9d7e1d82 r/w with ordered data mode. Quota mode: none.
[  +0.263930] EXT4-fs (vdc1): unmounting filesystem 85592893-fb95-43b4-829d-236d9d7e1d82.
[  +0.010336] LTP: starting exit01
[  +0.023137] LTP: starting exit02
[  +0.033201] LTP: starting exit_group01
[  +0.025201] LTP: starting faccessat01
[  +0.034341] LTP: starting faccessat02
[  +0.031146] LTP: starting faccessat201
[  +0.033220] LTP: starting faccessat202
[  +0.034567] LTP: starting fallocate01
[  +0.024635] LTP: starting fallocate02
[  +0.021878] LTP: starting fallocate03
[  +0.025204] LTP: starting fallocate04
[  +0.022081] /dev/zero: Can't open blockdev
[  +0.031161] /dev/zero: Can't open blockdev
[  +0.031357] /dev/zero: Can't open blockdev
[  +0.035011] /dev/zero: Can't open blockdev
[  +0.097924] /dev/zero: Can't open blockdev
[  +0.137190] EXT4-fs (vdc1): mounting ext2 file system using the ext4 subsystem
[  +0.006546] EXT4-fs (vdc1): mounted filesystem 1a5b9c6a-7962-4987-ac41-d2174a4c46c7 r/w without journal. Quota mode: none.
[  +0.013584] EXT4-fs (vdc1): unmounting filesystem 1a5b9c6a-7962-4987-ac41-d2174a4c46c7.
[  +0.186464] EXT4-fs (vdc1): mounting ext3 file system using the ext4 subsystem
[  +0.006534] EXT4-fs (vdc1): mounted filesystem 430cd41b-3097-4032-8069-36a76fb8ac6f r/w with ordered data mode. Quota mode: none.
[  +0.009549] EXT4-fs (vdc1): unmounting filesystem 430cd41b-3097-4032-8069-36a76fb8ac6f.
[  +0.070174] EXT4-fs (vdc1): mounted filesystem 960261ff-e411-487b-afe3-6e6d9db86339 r/w with ordered data mode. Quota mode: none.
[  +0.034161] EXT4-fs (vdc1): unmounting filesystem 960261ff-e411-487b-afe3-6e6d9db86339.
[  +0.090555] XFS (vdc1): Mounting V5 Filesystem 40eb008a-01b3-4037-ae47-bac36c924565
[  +0.007286] XFS (vdc1): Ending clean mount
[  +0.035542] XFS (vdc1): Unmounting Filesystem 40eb008a-01b3-4037-ae47-bac36c924565
[  +0.160562] BTRFS: device fsid 3fdf2940-1dc7-459e-97c0-d0814cf6cb9f devid 1 transid 6 /dev/vdc1 scanned by mkfs.btrfs (16276)
[  +0.005125] BTRFS info (device vdc1): using crc32c (crc32c-generic) checksum algorithm
[  +0.000269] BTRFS info (device vdc1): using free space tree
[  +0.017415] BTRFS info (device vdc1): auto enabling async discard
[  +0.000858] BTRFS info (device vdc1): checking UUID tree
[  +0.218021] LTP: starting fallocate05
[  +0.021590] /dev/zero: Can't open blockdev
[  +0.031828] /dev/zero: Can't open blockdev
[  +0.030740] /dev/zero: Can't open blockdev
[  +0.030150] /dev/zero: Can't open blockdev
[  +0.093072] /dev/zero: Can't open blockdev
[  +0.096305] EXT4-fs (vdc1): mounting ext2 file system using the ext4 subsystem
[  +0.005516] EXT4-fs (vdc1): mounted filesystem 8c7781a7-2599-4c24-9f9e-5aed0da05026 r/w without journal. Quota mode: none.
[  +0.010869] EXT4-fs (vdc1): unmounting filesystem 8c7781a7-2599-4c24-9f9e-5aed0da05026.
[  +0.187467] EXT4-fs (vdc1): mounting ext3 file system using the ext4 subsystem
[  +0.006839] EXT4-fs (vdc1): mounted filesystem 8a7a83f6-8bb9-4179-8990-d49023f150bc r/w with ordered data mode. Quota mode: none.
[  +0.010707] EXT4-fs (vdc1): unmounting filesystem 8a7a83f6-8bb9-4179-8990-d49023f150bc.
[  +0.076285] EXT4-fs (vdc1): mounted filesystem bb5850bd-7181-47f5-8103-0f62ff51fc78 r/w with ordered data mode. Quota mode: none.
[  +9.926531] EXT4-fs (vdc1): unmounting filesystem bb5850bd-7181-47f5-8103-0f62ff51fc78.
[  +0.097144] XFS (vdc1): Mounting V5 Filesystem 946587bb-7642-45b0-8019-970708eec748
[  +0.011523] XFS (vdc1): Ending clean mount
[  +3.751608] XFS (vdc1): Unmounting Filesystem 946587bb-7642-45b0-8019-970708eec748
[  +0.154170] BTRFS: device fsid 42c6fe52-90f0-480f-ac98-26bec46870e7 devid 1 transid 6 /dev/vdc1 scanned by mkfs.btrfs (16343)
[  +0.009962] BTRFS info (device vdc1): using crc32c (crc32c-generic) checksum algorithm
[  +0.000280] BTRFS info (device vdc1): using free space tree
[  +0.017974] BTRFS info (device vdc1): auto enabling async discard
[  +0.000998] BTRFS info (device vdc1): checking UUID tree
[ +30.816857] LTP: starting fallocate06
[  +0.023971] /dev/zero: Can't open blockdev
[  +0.037763] /dev/zero: Can't open blockdev
[  +0.030469] /dev/zero: Can't open blockdev
[  +0.044477] /dev/zero: Can't open blockdev
[  +0.094415] /dev/zero: Can't open blockdev
[  +0.246949] EXT4-fs (vdc1): mounting ext2 file system using the ext4 subsystem
[  +0.011699] EXT4-fs (vdc1): mounted filesystem dd01ba06-9aee-4574-8c2f-1a30c8506b5b r/w without journal. Quota mode: none.
[  +0.015417] EXT4-fs (vdc1): unmounting filesystem dd01ba06-9aee-4574-8c2f-1a30c8506b5b.
[  +0.178797] EXT4-fs (vdc1): mounting ext3 file system using the ext4 subsystem
[  +0.007909] EXT4-fs (vdc1): mounted filesystem 1300d630-aa2f-4e42-bb67-b9cbe55625ff r/w with ordered data mode. Quota mode: none.
[  +0.011469] EXT4-fs (vdc1): unmounting filesystem 1300d630-aa2f-4e42-bb67-b9cbe55625ff.
[  +0.082726] EXT4-fs (vdc1): mounted filesystem 091839dd-8a3c-4de7-8d2d-ff19e5c7214d r/w with ordered data mode. Quota mode: none.
[Oct11 14:44] EXT4-fs (vdc1): unmounting filesystem 091839dd-8a3c-4de7-8d2d-ff19e5c7214d.
[  +0.095713] XFS (vdc1): Mounting V5 Filesystem bf79ccd7-6821-4bc8-88ef-0ba36fdfc150
[  +0.008641] XFS (vdc1): Ending clean mount
[  +3.718663] XFS (vdc1): Unmounting Filesystem bf79ccd7-6821-4bc8-88ef-0ba36fdfc150
[  +0.172222] BTRFS: device fsid 95de7516-cfb0-4ef6-a167-f791cf8901ca devid 1 transid 6 /dev/vdc1 scanned by mkfs.btrfs (16420)
[  +0.011459] BTRFS info (device vdc1): using crc32c (crc32c-generic) checksum algorithm
[  +0.000367] BTRFS info (device vdc1): using free space tree
[  +0.012078] BTRFS info (device vdc1): auto enabling async discard
[  +0.000751] BTRFS info (device vdc1): checking UUID tree
[ +39.652762] LTP: starting fsetxattr01
[  +0.024574] /dev/zero: Can't open blockdev
[  +0.033767] /dev/zero: Can't open blockdev
[  +0.032937] /dev/zero: Can't open blockdev
[  +0.031689] /dev/zero: Can't open blockdev
[  +0.090469] /dev/zero: Can't open blockdev
[  +0.123818] EXT4-fs (vdc1): mounting ext2 file system using the ext4 subsystem
[  +0.007506] EXT4-fs (vdc1): mounted filesystem de3f0e6c-14cf-4e35-8762-1d4bc0b83613 r/w without journal. Quota mode: none.
[  +0.011081] EXT4-fs (vdc1): unmounting filesystem de3f0e6c-14cf-4e35-8762-1d4bc0b83613.
[  +0.180275] EXT4-fs (vdc1): mounting ext3 file system using the ext4 subsystem
[  +0.006201] EXT4-fs (vdc1): mounted filesystem a2c7cb5d-4c78-4c91-8064-271548217a32 r/w with ordered data mode. Quota mode: none.
[  +0.013153] EXT4-fs (vdc1): unmounting filesystem a2c7cb5d-4c78-4c91-8064-271548217a32.
[  +0.072432] EXT4-fs (vdc1): mounted filesystem 3dc1568c-774d-4342-ac8a-9bcdbefd297b r/w with ordered data mode. Quota mode: none.
[  +0.011059] EXT4-fs (vdc1): unmounting filesystem 3dc1568c-774d-4342-ac8a-9bcdbefd297b.
[  +0.104261] XFS (vdc1): Mounting V5 Filesystem b618b2e5-6082-4a42-9fae-16e9fd9797ac
[  +0.007800] XFS (vdc1): Ending clean mount
[  +0.015441] XFS (vdc1): Unmounting Filesystem b618b2e5-6082-4a42-9fae-16e9fd9797ac
[  +0.167681] BTRFS: device fsid 1503c02f-5cb4-45d5-bcfd-995d668b9623 devid 1 transid 6 /dev/vdc1 scanned by mkfs.btrfs (16490)
[  +0.004927] BTRFS info (device vdc1): using crc32c (crc32c-generic) checksum algorithm
[  +0.000232] BTRFS info (device vdc1): using free space tree
[  +0.013482] BTRFS info (device vdc1): auto enabling async discard
[  +0.000698] BTRFS info (device vdc1): checking UUID tree
[  +0.215736] LTP: starting fsetxattr02
[  +0.944153] brd: module loaded
[  +0.002715] block device autoloading is deprecated and will be removed.
[  +0.009251] LTP: starting posix_fadvise01
[  +0.031692] LTP: starting posix_fadvise01_64
[  +0.030124] LTP: starting posix_fadvise02
[  +0.028766] LTP: starting posix_fadvise02_64
[  +0.030273] LTP: starting posix_fadvise03
[  +0.034043] LTP: starting posix_fadvise03_64
[  +0.029081] LTP: starting posix_fadvise04
[  +0.029592] LTP: starting posix_fadvise04_64
[  +0.028107] LTP: starting fchdir01
[  +0.036560] LTP: starting fchdir02
[  +0.033833] LTP: starting fchdir03
[  +0.037407] LTP: starting fchmod01
[  +0.029433] LTP: starting fchmod02
[  +0.035113] LTP: starting fchmod03
[  +0.034435] LTP: starting fchmod04
[  +0.032943] LTP: starting fchmod05
[  +0.047824] LTP: starting fchmod06
[  +0.040525] LTP: starting fchmodat01
[  +0.037572] LTP: starting fchown01
[  +0.029262] LTP: starting fchown01_16
[  +0.029746] LTP: starting fchown02
[  +0.034525] LTP: starting fchown02_16
[  +0.030799] LTP: starting fchown03
[  +0.033850] LTP: starting fchown03_16
[  +0.034673] LTP: starting fchown04
[  +0.039103] LTP: starting fchown04_16
[  +0.040906] LTP: starting fchown05
[  +0.037808] LTP: starting fchown05_16
[  +0.031983] LTP: starting fchownat01
[  +0.022811] LTP: starting fchownat02
[  +0.022851] LTP: starting fcntl01
[  +0.026144] LTP: starting fcntl01_64
[  +0.024747] LTP: starting fcntl02
[  +0.031707] LTP: starting fcntl02_64
[  +0.033756] LTP: starting fcntl03
[  +0.030018] LTP: starting fcntl03_64
[  +0.029344] LTP: starting fcntl04
[  +0.031229] LTP: starting fcntl04_64
[  +0.032023] LTP: starting fcntl05
[  +0.032138] LTP: starting fcntl05_64
[  +0.030141] LTP: starting fcntl07
[  +0.072736] LTP: starting fcntl07_64
[  +0.089350] LTP: starting fcntl08
[  +0.028609] LTP: starting fcntl08_64
[  +0.022592] LTP: starting fcntl09
[  +0.024052] LTP: starting fcntl09_64
[  +0.022199] LTP: starting fcntl10
[  +0.022153] LTP: starting fcntl10_64
[  +0.022758] LTP: starting fcntl11
[  +0.029312] LTP: starting fcntl11_64
[  +0.032037] LTP: starting fcntl12
[  +0.062017] LTP: starting fcntl12_64
[  +0.075076] LTP: starting fcntl13
[  +0.030434] LTP: starting fcntl13_64
[  +0.034078] LTP: starting fcntl14
[Oct11 14:45] LTP: starting fcntl14_64
[  +6.980416] LTP: starting fcntl15
[  +0.050016] LTP: starting fcntl15_64
[  +0.045292] LTP: starting fcntl16
[  +0.042132] LTP: starting fcntl16_64
[  +0.042606] LTP: starting fcntl17
[  +0.030566] LTP: starting fcntl17_64
[  +0.030243] LTP: starting fcntl18
[  +0.028659] LTP: starting fcntl18_64
[  +0.028767] LTP: starting fcntl19
[  +0.031111] LTP: starting fcntl19_64
[  +0.027530] LTP: starting fcntl20
[  +0.026906] LTP: starting fcntl20_64
[  +0.028284] LTP: starting fcntl21
[  +0.028516] LTP: starting fcntl21_64
[  +0.031161] LTP: starting fcntl22
[  +0.027350] LTP: starting fcntl22_64
[  +0.026663] LTP: starting fcntl23
[  +0.022128] LTP: starting fcntl23_64
[  +0.025777] LTP: starting fcntl24
[  +0.020282] LTP: starting fcntl24_64
[  +0.021252] LTP: starting fcntl25
[  +0.021538] LTP: starting fcntl25_64
[  +0.021014] LTP: starting fcntl26
[  +0.021837] LTP: starting fcntl26_64
[  +0.021075] LTP: starting fcntl27
[  +0.021643] LTP: starting fcntl27_64
[  +0.021813] LTP: starting fcntl28
[  +0.020994] LTP: starting fcntl28_64
[  +0.020906] LTP: starting fcntl29
[  +0.020950] LTP: starting fcntl29_64
[  +0.020745] LTP: starting fcntl30
[  +0.033922] LTP: starting fcntl30_64
[  +0.027472] LTP: starting fcntl31
[  +0.039362] LTP: starting fcntl31_64
[  +0.040013] LTP: starting fcntl32
[  +0.022990] LTP: starting fcntl32_64
[  +0.022765] LTP: starting fcntl33
[  +0.090539] LTP: starting fcntl33_64
[  +0.067763] LTP: starting fcntl34
[  +0.376759] LTP: starting fcntl34_64
[  +0.353005] LTP: starting fcntl35
[  +0.040057] LTP: starting fcntl35_64
[  +0.038457] LTP: starting fcntl36
[  +8.122633] LTP: starting fcntl36_64
[  +7.993511] LTP: starting fcntl37
[  +0.028816] LTP: starting fcntl37_64
[  +0.029245] LTP: starting fcntl38
[  +0.073712] LTP: starting fcntl38_64
[  +0.071839] LTP: starting fcntl39
[  +0.080185] LTP: starting fcntl39_64
[  +0.082830] LTP: starting fdatasync01
[  +0.030629] LTP: starting fdatasync02
[  +0.024124] LTP: starting fdatasync03
[  +0.022679] /dev/zero: Can't open blockdev
[  +0.035450] /dev/zero: Can't open blockdev
[  +0.031397] /dev/zero: Can't open blockdev
[  +0.031572] /dev/zero: Can't open blockdev
[  +0.091200] /dev/zero: Can't open blockdev
[  +0.108113] EXT4-fs (vdc1): mounting ext2 file system using the ext4 subsystem
[  +0.004239] EXT4-fs (vdc1): mounted filesystem 32de6e2e-4273-4f57-952b-6885cdcda9c8 r/w without journal. Quota mode: none.
[  +0.421462] EXT4-fs (vdc1): unmounting filesystem 32de6e2e-4273-4f57-952b-6885cdcda9c8.
[  +0.202642] EXT4-fs (vdc1): mounting ext3 file system using the ext4 subsystem
[  +0.010378] EXT4-fs (vdc1): mounted filesystem fc38106d-2432-41f7-ab79-bebe1e84ffcc r/w with ordered data mode. Quota mode: none.
[  +0.493178] EXT4-fs (vdc1): unmounting filesystem fc38106d-2432-41f7-ab79-bebe1e84ffcc.
[  +0.080750] EXT4-fs (vdc1): mounted filesystem e42faa9f-c675-45ac-a036-dd3df8f00397 r/w with ordered data mode. Quota mode: none.
[  +0.304231] EXT4-fs (vdc1): unmounting filesystem e42faa9f-c675-45ac-a036-dd3df8f00397.
[  +0.096702] XFS (vdc1): Mounting V5 Filesystem e0d8af7f-65b7-4118-a266-64724b880c4e
[  +0.009802] XFS (vdc1): Ending clean mount
[  +0.150806] XFS (vdc1): Unmounting Filesystem e0d8af7f-65b7-4118-a266-64724b880c4e
[  +0.165212] BTRFS: device fsid 95c6dc8a-edb9-450c-ba0e-a62e2ef95e05 devid 1 transid 6 /dev/vdc1 scanned by mkfs.btrfs (18180)
[  +0.013527] BTRFS info (device vdc1): using crc32c (crc32c-generic) checksum algorithm
[  +0.000307] BTRFS info (device vdc1): using free space tree
[  +0.034932] BTRFS info (device vdc1): auto enabling async discard
[  +0.000631] BTRFS info (device vdc1): checking UUID tree
[  +1.058690] LTP: starting fgetxattr01
[  +0.033358] /dev/zero: Can't open blockdev
[  +0.032721] /dev/zero: Can't open blockdev
[  +0.031375] /dev/zero: Can't open blockdev
[  +0.031743] /dev/zero: Can't open blockdev
[  +0.095599] /dev/zero: Can't open blockdev
[  +0.117593] EXT4-fs (vdc1): mounting ext2 file system using the ext4 subsystem
[  +0.003771] EXT4-fs (vdc1): mounted filesystem 3091f187-0147-4e12-95bd-f6eaba0f5441 r/w without journal. Quota mode: none.
[  +0.010651] EXT4-fs (vdc1): unmounting filesystem 3091f187-0147-4e12-95bd-f6eaba0f5441.
[  +0.182500] EXT4-fs (vdc1): mounting ext3 file system using the ext4 subsystem
[  +0.006519] EXT4-fs (vdc1): mounted filesystem 850c9438-42ef-464d-a308-1de8224742d8 r/w with ordered data mode. Quota mode: none.
[  +0.012171] EXT4-fs (vdc1): unmounting filesystem 850c9438-42ef-464d-a308-1de8224742d8.
[  +0.077605] EXT4-fs (vdc1): mounted filesystem 5d948d53-3331-449a-a6b0-f0a4a6e12593 r/w with ordered data mode. Quota mode: none.
[  +0.010389] EXT4-fs (vdc1): unmounting filesystem 5d948d53-3331-449a-a6b0-f0a4a6e12593.
[  +0.097370] XFS (vdc1): Mounting V5 Filesystem e03a9866-afb1-434d-84e3-9a0dd56cb379
[  +0.007761] XFS (vdc1): Ending clean mount
[  +0.013135] XFS (vdc1): Unmounting Filesystem e03a9866-afb1-434d-84e3-9a0dd56cb379
[  +0.180118] BTRFS: device fsid cec5d8c9-ba73-478c-abe6-dd2b1e6d8b83 devid 1 transid 6 /dev/vdc1 scanned by mkfs.btrfs (18244)
[  +0.016481] BTRFS info (device vdc1): using crc32c (crc32c-generic) checksum algorithm
[  +0.000255] BTRFS info (device vdc1): using free space tree
[  +0.016838] BTRFS info (device vdc1): auto enabling async discard
[  +0.000709] BTRFS info (device vdc1): checking UUID tree
[  +0.200562] LTP: starting fgetxattr02
[  +0.034447] block device autoloading is deprecated and will be removed.
[  +0.012108] LTP: starting fgetxattr03
[  +0.032197] LTP: starting finit_module01
[  +0.069305] LTP: starting finit_module02
[  +0.188220] LTP: starting flistxattr01
[  +0.031798] LTP: starting flistxattr02
[  +0.032284] LTP: starting flistxattr03
[  +0.030006] LTP: starting flock01
[  +0.029004] LTP: starting flock02
[  +0.028277] LTP: starting flock03
[  +0.036781] LTP: starting flock04
[  +0.044273] LTP: starting flock06
[  +0.033116] LTP: starting fmtmsg01
[  +0.028494] LTP: starting fork01
[  +0.035876] LTP: starting fork03
[  +0.031600] LTP: starting fork04
[  +0.027621] LTP: starting fork05
[  +0.020937] LTP: starting fork06
[  +2.438472] LTP: starting fork07
[  +0.128552] LTP: starting fork08
[  +0.035484] LTP: starting fork09
[  +0.288893] LTP: starting fork10
[  +0.033289] LTP: starting fork11
[  +0.302328] LTP: starting fork13
[Oct11 14:55] LTP: starting fork14
[  +0.041549] __vm_enough_memory: pid: 27620, comm: fork14, not enough memory for the allocation
[  +0.001015] __vm_enough_memory: pid: 27620, comm: fork14, not enough memory for the allocation
[  +0.000851] __vm_enough_memory: pid: 27620, comm: fork14, not enough memory for the allocation
[  +0.000849] __vm_enough_memory: pid: 27620, comm: fork14, not enough memory for the allocation
[  +0.001028] __vm_enough_memory: pid: 27620, comm: fork14, not enough memory for the allocation
[  +0.000929] __vm_enough_memory: pid: 27620, comm: fork14, not enough memory for the allocation
[  +0.000835] __vm_enough_memory: pid: 27620, comm: fork14, not enough memory for the allocation
[  +0.000840] __vm_enough_memory: pid: 27620, comm: fork14, not enough memory for the allocation
[  +0.001015] __vm_enough_memory: pid: 27620, comm: fork14, not enough memory for the allocation
[  +0.000969] __vm_enough_memory: pid: 27620, comm: fork14, not enough memory for the allocation
[  +0.188473] LTP: starting fpathconf01
[  +0.025425] LTP: starting fremovexattr01
[  +0.023442] /dev/zero: Can't open blockdev
[  +0.033994] /dev/zero: Can't open blockdev
[  +0.038970] /dev/zero: Can't open blockdev
[  +0.035125] /dev/zero: Can't open blockdev
[  +0.102315] /dev/zero: Can't open blockdev
[  +0.109554] EXT4-fs (vdc1): mounting ext2 file system using the ext4 subsystem
[  +0.004133] EXT4-fs (vdc1): mounted filesystem d516ec82-4f54-4c74-86d3-257f1aa8d42f r/w without journal. Quota mode: none.
[  +0.009484] EXT4-fs (vdc1): unmounting filesystem d516ec82-4f54-4c74-86d3-257f1aa8d42f.
[  +0.196048] EXT4-fs (vdc1): mounting ext3 file system using the ext4 subsystem
[  +0.009488] EXT4-fs (vdc1): mounted filesystem 8486ffff-f779-4e50-ba9c-f6ca1a9c701e r/w with ordered data mode. Quota mode: none.
[  +0.011028] EXT4-fs (vdc1): unmounting filesystem 8486ffff-f779-4e50-ba9c-f6ca1a9c701e.
[  +0.070994] EXT4-fs (vdc1): mounted filesystem 3c0759c8-cba6-457c-8401-5baf0e7bc733 r/w with ordered data mode. Quota mode: none.
[  +0.011066] EXT4-fs (vdc1): unmounting filesystem 3c0759c8-cba6-457c-8401-5baf0e7bc733.
[  +0.099007] XFS (vdc1): Mounting V5 Filesystem 4a50d8fd-3c34-4d78-ba9c-df16a42da1c8
[  +0.010388] XFS (vdc1): Ending clean mount
[  +0.016096] XFS (vdc1): Unmounting Filesystem 4a50d8fd-3c34-4d78-ba9c-df16a42da1c8
[  +0.183786] BTRFS: device fsid 9f25628c-3f1c-492b-b62d-da062f26812d devid 1 transid 6 /dev/vdc1 scanned by mkfs.btrfs (27670)
[  +0.011433] BTRFS info (device vdc1): using crc32c (crc32c-generic) checksum algorithm
[  +0.000290] BTRFS info (device vdc1): using free space tree
[  +0.017259] BTRFS info (device vdc1): auto enabling async discard
[  +0.000899] BTRFS info (device vdc1): checking UUID tree
[  +0.179454] LTP: starting fremovexattr02
[  +0.026204] /dev/zero: Can't open blockdev
[  +0.035671] /dev/zero: Can't open blockdev
[  +0.037564] /dev/zero: Can't open blockdev
[  +0.044791] /dev/zero: Can't open blockdev
[  +0.105389] /dev/zero: Can't open blockdev
[  +0.119432] EXT4-fs (vdc1): mounting ext2 file system using the ext4 subsystem
[  +0.006430] EXT4-fs (vdc1): mounted filesystem 39859d4a-da4b-4002-aa45-b1dfc33a0961 r/w without journal. Quota mode: none.
[  +0.013997] EXT4-fs (vdc1): unmounting filesystem 39859d4a-da4b-4002-aa45-b1dfc33a0961.
[  +0.187669] EXT4-fs (vdc1): mounting ext3 file system using the ext4 subsystem
[  +0.007006] EXT4-fs (vdc1): mounted filesystem fce3f737-38b9-4917-bcbe-4df72ad0645b r/w with ordered data mode. Quota mode: none.
[  +0.011243] EXT4-fs (vdc1): unmounting filesystem fce3f737-38b9-4917-bcbe-4df72ad0645b.
[  +0.076029] EXT4-fs (vdc1): mounted filesystem e5c02bf7-6cb1-4853-89ce-34171588b9aa r/w with ordered data mode. Quota mode: none.
[  +0.014476] EXT4-fs (vdc1): unmounting filesystem e5c02bf7-6cb1-4853-89ce-34171588b9aa.
[  +0.100061] XFS (vdc1): Mounting V5 Filesystem 1d122e04-bdd4-4ea8-9ce3-c629399016fb
[  +0.008884] XFS (vdc1): Ending clean mount
[  +0.012857] XFS (vdc1): Unmounting Filesystem 1d122e04-bdd4-4ea8-9ce3-c629399016fb
[  +0.165082] BTRFS: device fsid f044c91f-3795-49d9-a873-c94a19bc8f00 devid 1 transid 6 /dev/vdc1 scanned by mkfs.btrfs (27735)
[  +0.004794] BTRFS info (device vdc1): using crc32c (crc32c-generic) checksum algorithm
[  +0.000283] BTRFS info (device vdc1): using free space tree
[  +0.019164] BTRFS info (device vdc1): auto enabling async discard
[  +0.000808] BTRFS info (device vdc1): checking UUID tree
[  +0.205774] LTP: starting fsconfig01
[  +0.029705] /dev/zero: Can't open blockdev
[  +0.042247] /dev/zero: Can't open blockdev
[  +0.038082] /dev/zero: Can't open blockdev
[  +0.036615] /dev/zero: Can't open blockdev
[  +0.104014] /dev/zero: Can't open blockdev
[  +0.126153] EXT4-fs (vdc1): mounting ext2 file system using the ext4 subsystem
[  +0.004771] EXT4-fs (vdc1): mounted filesystem fbde90ac-8f43-46c5-aec9-8aaaa97d5d19 r/w without journal. Quota mode: none.
[  +0.002794] EXT4-fs (vdc1): unmounting filesystem fbde90ac-8f43-46c5-aec9-8aaaa97d5d19.
[  +0.208756] EXT4-fs (vdc1): mounting ext3 file system using the ext4 subsystem
[  +0.006286] EXT4-fs (vdc1): mounted filesystem ca706685-881d-4eed-8e8c-40b8d5ac2add r/w with ordered data mode. Quota mode: none.
[  +0.002476] EXT4-fs (vdc1): unmounting filesystem ca706685-881d-4eed-8e8c-40b8d5ac2add.
[  +0.079537] EXT4-fs (vdc1): mounted filesystem 3e62c440-933e-4880-83f6-474f97ad2c5e r/w with ordered data mode. Quota mode: none.
[  +0.002676] EXT4-fs (vdc1): unmounting filesystem 3e62c440-933e-4880-83f6-474f97ad2c5e.
[  +0.100348] XFS (vdc1): Mounting V5 Filesystem 089585cd-7e1d-4ee5-948c-d5dd6c8ca8a2
[  +0.010296] XFS (vdc1): Ending clean mount
[  +0.003319] XFS (vdc1): Unmounting Filesystem 089585cd-7e1d-4ee5-948c-d5dd6c8ca8a2
[  +0.184467] BTRFS: device fsid 88d292f9-3724-424c-a181-d94e9b5f351a devid 1 transid 6 /dev/vdc1 scanned by mkfs.btrfs (27799)
[  +0.012277] BTRFS info (device vdc1): using crc32c (crc32c-generic) checksum algorithm
[  +0.000437] BTRFS info (device vdc1): using free space tree
[  +0.017811] BTRFS info (device vdc1): auto enabling async discard
[  +0.002392] BTRFS info (device vdc1): checking UUID tree
[  +0.173995] LTP: starting fsconfig02
[  +0.036567] LTP: starting fsconfig03
[  +0.023737] /dev/zero: Can't open blockdev
[  +0.034066] /dev/zero: Can't open blockdev
[  +0.034186] /dev/zero: Can't open blockdev
[  +0.034941] /dev/zero: Can't open blockdev
[  +0.103291] /dev/zero: Can't open blockdev
[  +1.172978] BTRFS: device fsid 9b8b53e8-3141-421b-a865-6550a52fe961 devid 1 transid 6 /dev/vdc1 scanned by mkfs.btrfs (27852)
[  +0.462789] LTP: starting fsmount01
[  +0.026125] /dev/zero: Can't open blockdev
[  +0.037437] /dev/zero: Can't open blockdev
[  +0.035680] /dev/zero: Can't open blockdev
[  +0.035100] /dev/zero: Can't open blockdev
[  +0.106931] /dev/zero: Can't open blockdev
[  +0.123861] EXT4-fs (vdc1): mounting ext2 file system using the ext4 subsystem
[  +0.006446] EXT4-fs (vdc1): mounted filesystem 975b8fc8-d474-4f8b-9524-7c4d49b753e8 r/w without journal. Quota mode: none.
[  +0.004569] EXT4-fs (vdc1): unmounting filesystem 975b8fc8-d474-4f8b-9524-7c4d49b753e8.
[  +0.011096] EXT4-fs (vdc1): mounting ext2 file system using the ext4 subsystem
[  +0.007086] EXT4-fs (vdc1): mounted filesystem 975b8fc8-d474-4f8b-9524-7c4d49b753e8 r/w without journal. Quota mode: none.
[  +0.003757] EXT4-fs (vdc1): unmounting filesystem 975b8fc8-d474-4f8b-9524-7c4d49b753e8.
[  +0.004168] EXT4-fs (vdc1): mounting ext2 file system using the ext4 subsystem
[  +0.004033] EXT4-fs (vdc1): mounted filesystem 975b8fc8-d474-4f8b-9524-7c4d49b753e8 r/w without journal. Quota mode: none.
[  +0.002293] EXT4-fs (vdc1): unmounting filesystem 975b8fc8-d474-4f8b-9524-7c4d49b753e8.
[  +0.003023] EXT4-fs (vdc1): mounting ext2 file system using the ext4 subsystem
[  +0.004283] EXT4-fs (vdc1): mounted filesystem 975b8fc8-d474-4f8b-9524-7c4d49b753e8 r/w without journal. Quota mode: none.
[  +0.003309] EXT4-fs (vdc1): unmounting filesystem 975b8fc8-d474-4f8b-9524-7c4d49b753e8.
[  +0.002915] EXT4-fs (vdc1): mounting ext2 file system using the ext4 subsystem
[  +0.004443] EXT4-fs (vdc1): mounted filesystem 975b8fc8-d474-4f8b-9524-7c4d49b753e8 r/w without journal. Quota mode: none.
[  +0.002436] EXT4-fs (vdc1): unmounting filesystem 975b8fc8-d474-4f8b-9524-7c4d49b753e8.
[  +0.003662] EXT4-fs (vdc1): mounting ext2 file system using the ext4 subsystem
[  +0.004971] EXT4-fs (vdc1): mounted filesystem 975b8fc8-d474-4f8b-9524-7c4d49b753e8 r/w without journal. Quota mode: none.
[  +0.002287] EXT4-fs (vdc1): unmounting filesystem 975b8fc8-d474-4f8b-9524-7c4d49b753e8.
[  +0.002899] EXT4-fs (vdc1): mounting ext2 file system using the ext4 subsystem
[  +0.003840] EXT4-fs (vdc1): mounted filesystem 975b8fc8-d474-4f8b-9524-7c4d49b753e8 r/w without journal. Quota mode: none.
[  +0.001952] EXT4-fs (vdc1): unmounting filesystem 975b8fc8-d474-4f8b-9524-7c4d49b753e8.
[  +0.003383] EXT4-fs (vdc1): mounting ext2 file system using the ext4 subsystem
[  +0.004023] EXT4-fs (vdc1): mounted filesystem 975b8fc8-d474-4f8b-9524-7c4d49b753e8 r/w without journal. Quota mode: none.
[  +0.002311] EXT4-fs (vdc1): unmounting filesystem 975b8fc8-d474-4f8b-9524-7c4d49b753e8.
[  +0.004075] EXT4-fs (vdc1): mounting ext2 file system using the ext4 subsystem
[  +0.004027] EXT4-fs (vdc1): mounted filesystem 975b8fc8-d474-4f8b-9524-7c4d49b753e8 r/w without journal. Quota mode: none.
[  +0.002401] EXT4-fs (vdc1): unmounting filesystem 975b8fc8-d474-4f8b-9524-7c4d49b753e8.
[  +0.003720] EXT4-fs (vdc1): mounting ext2 file system using the ext4 subsystem
[  +0.004946] EXT4-fs (vdc1): mounted filesystem 975b8fc8-d474-4f8b-9524-7c4d49b753e8 r/w without journal. Quota mode: none.
[  +0.002128] EXT4-fs (vdc1): unmounting filesystem 975b8fc8-d474-4f8b-9524-7c4d49b753e8.
[  +0.002409] EXT4-fs (vdc1): mounting ext2 file system using the ext4 subsystem
[  +0.003649] EXT4-fs (vdc1): mounted filesystem 975b8fc8-d474-4f8b-9524-7c4d49b753e8 r/w without journal. Quota mode: none.
[  +0.002389] EXT4-fs (vdc1): unmounting filesystem 975b8fc8-d474-4f8b-9524-7c4d49b753e8.
[  +0.002727] EXT4-fs (vdc1): mounting ext2 file system using the ext4 subsystem
[  +0.003826] EXT4-fs (vdc1): mounted filesystem 975b8fc8-d474-4f8b-9524-7c4d49b753e8 r/w without journal. Quota mode: none.
[  +0.001920] EXT4-fs (vdc1): unmounting filesystem 975b8fc8-d474-4f8b-9524-7c4d49b753e8.
[  +0.003062] EXT4-fs (vdc1): mounting ext2 file system using the ext4 subsystem
[  +0.003878] EXT4-fs (vdc1): mounted filesystem 975b8fc8-d474-4f8b-9524-7c4d49b753e8 r/w without journal. Quota mode: none.
[  +0.001725] EXT4-fs (vdc1): unmounting filesystem 975b8fc8-d474-4f8b-9524-7c4d49b753e8.
[  +0.002656] EXT4-fs (vdc1): mounting ext2 file system using the ext4 subsystem
[  +0.003790] EXT4-fs (vdc1): mounted filesystem 975b8fc8-d474-4f8b-9524-7c4d49b753e8 r/w without journal. Quota mode: none.
[  +0.001814] EXT4-fs (vdc1): unmounting filesystem 975b8fc8-d474-4f8b-9524-7c4d49b753e8.
[  +0.002919] EXT4-fs (vdc1): mounting ext2 file system using the ext4 subsystem
[  +0.004086] EXT4-fs (vdc1): mounted filesystem 975b8fc8-d474-4f8b-9524-7c4d49b753e8 r/w without journal. Quota mode: none.
[  +0.001748] EXT4-fs (vdc1): unmounting filesystem 975b8fc8-d474-4f8b-9524-7c4d49b753e8.
[  +0.002358] EXT4-fs (vdc1): mounting ext2 file system using the ext4 subsystem
[  +0.004060] EXT4-fs (vdc1): mounted filesystem 975b8fc8-d474-4f8b-9524-7c4d49b753e8 r/w without journal. Quota mode: none.
[  +0.001736] EXT4-fs (vdc1): unmounting filesystem 975b8fc8-d474-4f8b-9524-7c4d49b753e8.
[  +0.197344] EXT4-fs (vdc1): mounting ext3 file system using the ext4 subsystem
[  +0.009818] EXT4-fs (vdc1): mounted filesystem 6c97de75-d7d4-4a73-8e9b-03fe99b46b57 r/w with ordered data mode. Quota mode: none.
[  +0.003661] EXT4-fs (vdc1): unmounting filesystem 6c97de75-d7d4-4a73-8e9b-03fe99b46b57.
[  +0.006573] EXT4-fs (vdc1): mounting ext3 file system using the ext4 subsystem
[  +0.006297] EXT4-fs (vdc1): mounted filesystem 6c97de75-d7d4-4a73-8e9b-03fe99b46b57 r/w with ordered data mode. Quota mode: none.
[  +0.002561] EXT4-fs (vdc1): unmounting filesystem 6c97de75-d7d4-4a73-8e9b-03fe99b46b57.
[  +0.014594] EXT4-fs (vdc1): mounting ext3 file system using the ext4 subsystem
[  +0.007789] EXT4-fs (vdc1): mounted filesystem 6c97de75-d7d4-4a73-8e9b-03fe99b46b57 r/w with ordered data mode. Quota mode: none.
[  +0.001965] EXT4-fs (vdc1): unmounting filesystem 6c97de75-d7d4-4a73-8e9b-03fe99b46b57.
[  +0.004215] EXT4-fs (vdc1): mounting ext3 file system using the ext4 subsystem
[  +0.007237] EXT4-fs (vdc1): mounted filesystem 6c97de75-d7d4-4a73-8e9b-03fe99b46b57 r/w with ordered data mode. Quota mode: none.
[  +0.001927] EXT4-fs (vdc1): unmounting filesystem 6c97de75-d7d4-4a73-8e9b-03fe99b46b57.
[  +0.003710] EXT4-fs (vdc1): mounting ext3 file system using the ext4 subsystem
[  +0.006813] EXT4-fs (vdc1): mounted filesystem 6c97de75-d7d4-4a73-8e9b-03fe99b46b57 r/w with ordered data mode. Quota mode: none.
[  +0.002200] EXT4-fs (vdc1): unmounting filesystem 6c97de75-d7d4-4a73-8e9b-03fe99b46b57.
[  +0.003590] EXT4-fs (vdc1): mounting ext3 file system using the ext4 subsystem
[  +0.006489] EXT4-fs (vdc1): mounted filesystem 6c97de75-d7d4-4a73-8e9b-03fe99b46b57 r/w with ordered data mode. Quota mode: none.
[  +0.002041] EXT4-fs (vdc1): unmounting filesystem 6c97de75-d7d4-4a73-8e9b-03fe99b46b57.
[  +0.003504] EXT4-fs (vdc1): mounting ext3 file system using the ext4 subsystem
[  +0.007490] EXT4-fs (vdc1): mounted filesystem 6c97de75-d7d4-4a73-8e9b-03fe99b46b57 r/w with ordered data mode. Quota mode: none.
[  +0.002089] EXT4-fs (vdc1): unmounting filesystem 6c97de75-d7d4-4a73-8e9b-03fe99b46b57.
[  +0.003564] EXT4-fs (vdc1): mounting ext3 file system using the ext4 subsystem
[  +0.012099] EXT4-fs (vdc1): mounting ext3 file system using the ext4 subsystem
[  +0.013808] EXT4-fs (vdc1): mounting ext3 file system using the ext4 subsystem
[  +0.015079] EXT4-fs (vdc1): mounting ext3 file system using the ext4 subsystem
[  +0.010806] EXT4-fs (vdc1): mounting ext3 file system using the ext4 subsystem
[  +0.016279] EXT4-fs (vdc1): mounting ext3 file system using the ext4 subsystem
[  +0.015287] EXT4-fs (vdc1): mounting ext3 file system using the ext4 subsystem
[  +0.010493] EXT4-fs (vdc1): mounting ext3 file system using the ext4 subsystem
[  +0.012980] EXT4-fs (vdc1): mounting ext3 file system using the ext4 subsystem
[  +0.341050] XFS (vdc1): Mounting V5 Filesystem 6c3f8ff2-7293-49d8-912c-538ba116d588
[  +0.007865] XFS (vdc1): Ending clean mount
[  +0.002973] XFS (vdc1): Unmounting Filesystem 6c3f8ff2-7293-49d8-912c-538ba116d588
[  +0.015075] XFS (vdc1): Mounting V5 Filesystem 6c3f8ff2-7293-49d8-912c-538ba116d588
[  +0.012291] XFS (vdc1): Ending clean mount
[  +0.004577] XFS (vdc1): Unmounting Filesystem 6c3f8ff2-7293-49d8-912c-538ba116d588
[  +0.013938] XFS (vdc1): Mounting V5 Filesystem 6c3f8ff2-7293-49d8-912c-538ba116d588
[  +0.007461] XFS (vdc1): Ending clean mount
[  +0.002555] XFS (vdc1): Unmounting Filesystem 6c3f8ff2-7293-49d8-912c-538ba116d588
[  +0.011906] XFS (vdc1): Mounting V5 Filesystem 6c3f8ff2-7293-49d8-912c-538ba116d588
[  +0.008505] XFS (vdc1): Ending clean mount
[  +0.002572] XFS (vdc1): Unmounting Filesystem 6c3f8ff2-7293-49d8-912c-538ba116d588
[  +0.012261] XFS (vdc1): Mounting V5 Filesystem 6c3f8ff2-7293-49d8-912c-538ba116d588
[  +0.009288] XFS (vdc1): Ending clean mount
[  +0.002500] XFS (vdc1): Unmounting Filesystem 6c3f8ff2-7293-49d8-912c-538ba116d588
[  +0.010870] XFS (vdc1): Mounting V5 Filesystem 6c3f8ff2-7293-49d8-912c-538ba116d588
[  +0.007180] XFS (vdc1): Ending clean mount
[  +0.002415] XFS (vdc1): Unmounting Filesystem 6c3f8ff2-7293-49d8-912c-538ba116d588
[  +0.010332] XFS (vdc1): Mounting V5 Filesystem 6c3f8ff2-7293-49d8-912c-538ba116d588
[  +0.007679] XFS (vdc1): Ending clean mount
[  +0.002427] XFS (vdc1): Unmounting Filesystem 6c3f8ff2-7293-49d8-912c-538ba116d588
[  +0.012081] XFS (vdc1): Mounting V5 Filesystem 6c3f8ff2-7293-49d8-912c-538ba116d588
[  +0.009338] XFS (vdc1): Ending clean mount
[  +0.002471] XFS (vdc1): Unmounting Filesystem 6c3f8ff2-7293-49d8-912c-538ba116d588
[  +0.010370] XFS (vdc1): Mounting V5 Filesystem 6c3f8ff2-7293-49d8-912c-538ba116d588
[  +0.007372] XFS (vdc1): Ending clean mount
[  +0.002387] XFS (vdc1): Unmounting Filesystem 6c3f8ff2-7293-49d8-912c-538ba116d588
[  +0.010964] XFS (vdc1): Mounting V5 Filesystem 6c3f8ff2-7293-49d8-912c-538ba116d588
[  +0.007125] XFS (vdc1): Ending clean mount
[  +0.002922] XFS (vdc1): Unmounting Filesystem 6c3f8ff2-7293-49d8-912c-538ba116d588
[  +0.012436] XFS (vdc1): Mounting V5 Filesystem 6c3f8ff2-7293-49d8-912c-538ba116d588
[  +0.008931] XFS (vdc1): Ending clean mount
[  +0.002985] XFS (vdc1): Unmounting Filesystem 6c3f8ff2-7293-49d8-912c-538ba116d588
[  +0.010094] XFS (vdc1): Mounting V5 Filesystem 6c3f8ff2-7293-49d8-912c-538ba116d588
[  +0.009347] XFS (vdc1): Ending clean mount
[  +0.002438] XFS (vdc1): Unmounting Filesystem 6c3f8ff2-7293-49d8-912c-538ba116d588
[  +0.012557] XFS (vdc1): Mounting V5 Filesystem 6c3f8ff2-7293-49d8-912c-538ba116d588
[  +0.008574] XFS (vdc1): Ending clean mount
[  +0.002521] XFS (vdc1): Unmounting Filesystem 6c3f8ff2-7293-49d8-912c-538ba116d588
[  +0.012967] XFS (vdc1): Mounting V5 Filesystem 6c3f8ff2-7293-49d8-912c-538ba116d588
[  +0.008760] XFS (vdc1): Ending clean mount
[  +0.002466] XFS (vdc1): Unmounting Filesystem 6c3f8ff2-7293-49d8-912c-538ba116d588
[  +0.018185] XFS (vdc1): Mounting V5 Filesystem 6c3f8ff2-7293-49d8-912c-538ba116d588
[  +0.012850] XFS (vdc1): Ending clean mount
[  +0.003670] XFS (vdc1): Unmounting Filesystem 6c3f8ff2-7293-49d8-912c-538ba116d588
[  +0.011741] XFS (vdc1): Mounting V5 Filesystem 6c3f8ff2-7293-49d8-912c-538ba116d588
[  +0.007972] XFS (vdc1): Ending clean mount
[  +0.002329] XFS (vdc1): Unmounting Filesystem 6c3f8ff2-7293-49d8-912c-538ba116d588
[  +0.178261] BTRFS: device fsid 0f651780-3c13-41aa-98e3-c3a910e08841 devid 1 transid 6 /dev/vdc1 scanned by mkfs.btrfs (28095)
[  +0.020996] BTRFS info (device vdc1): using crc32c (crc32c-generic) checksum algorithm
[  +0.000263] BTRFS info (device vdc1): using free space tree
[  +0.014261] BTRFS info (device vdc1): auto enabling async discard
[  +0.001991] BTRFS info (device vdc1): checking UUID tree
[  +0.016445] BTRFS: device fsid 0f651780-3c13-41aa-98e3-c3a910e08841 devid 1 transid 8 /dev/vdc1 scanned by fsmount01 (28097)
[  +0.005464] BTRFS info (device vdc1): using crc32c (crc32c-generic) checksum algorithm
[  +0.000234] BTRFS info (device vdc1): using free space tree
[  +0.017088] BTRFS info (device vdc1): auto enabling async discard
[  +0.027638] BTRFS: device fsid 0f651780-3c13-41aa-98e3-c3a910e08841 devid 1 transid 9 /dev/vdc1 scanned by fsmount01 (28097)
[  +0.005613] BTRFS info (device vdc1): using crc32c (crc32c-generic) checksum algorithm
[  +0.000251] BTRFS info (device vdc1): using free space tree
[  +0.016405] BTRFS info (device vdc1): auto enabling async discard
[  +0.023379] BTRFS: device fsid 0f651780-3c13-41aa-98e3-c3a910e08841 devid 1 transid 10 /dev/vdc1 scanned by fsmount01 (28097)
[  +0.001984] BTRFS info (device vdc1): using crc32c (crc32c-generic) checksum algorithm
[  +0.000332] BTRFS info (device vdc1): using free space tree
[  +0.013306] BTRFS info (device vdc1): auto enabling async discard
[  +0.014825] BTRFS: device fsid 0f651780-3c13-41aa-98e3-c3a910e08841 devid 1 transid 11 /dev/vdc1 scanned by fsmount01 (28097)
[  +0.001868] BTRFS info (device vdc1): using crc32c (crc32c-generic) checksum algorithm
[  +0.000385] BTRFS info (device vdc1): using free space tree
[  +0.011800] BTRFS info (device vdc1): auto enabling async discard
[  +0.014791] BTRFS: device fsid 0f651780-3c13-41aa-98e3-c3a910e08841 devid 1 transid 12 /dev/vdc1 scanned by fsmount01 (28097)
[  +0.002656] BTRFS info (device vdc1): using crc32c (crc32c-generic) checksum algorithm
[  +0.000231] BTRFS info (device vdc1): using free space tree
[  +0.012889] BTRFS info (device vdc1): auto enabling async discard
[  +0.014656] BTRFS: device fsid 0f651780-3c13-41aa-98e3-c3a910e08841 devid 1 transid 13 /dev/vdc1 scanned by fsmount01 (28097)
[  +0.003722] BTRFS info (device vdc1): using crc32c (crc32c-generic) checksum algorithm
[  +0.000217] BTRFS info (device vdc1): using free space tree
[  +0.014214] BTRFS info (device vdc1): auto enabling async discard
[  +0.011767] BTRFS: device fsid 0f651780-3c13-41aa-98e3-c3a910e08841 devid 1 transid 14 /dev/vdc1 scanned by fsmount01 (28097)
[  +0.001998] BTRFS info (device vdc1): using crc32c (crc32c-generic) checksum algorithm
[  +0.000208] BTRFS info (device vdc1): using free space tree
[  +0.009923] BTRFS info (device vdc1): auto enabling async discard
[  +0.017529] BTRFS: device fsid 0f651780-3c13-41aa-98e3-c3a910e08841 devid 1 transid 15 /dev/vdc1 scanned by fsmount01 (28097)
[  +0.002324] BTRFS info (device vdc1): using crc32c (crc32c-generic) checksum algorithm
[  +0.000193] BTRFS info (device vdc1): using free space tree
[  +0.013705] BTRFS info (device vdc1): auto enabling async discard
[  +0.013766] BTRFS: device fsid 0f651780-3c13-41aa-98e3-c3a910e08841 devid 1 transid 16 /dev/vdc1 scanned by fsmount01 (28097)
[  +0.002657] BTRFS info (device vdc1): using crc32c (crc32c-generic) checksum algorithm
[  +0.000205] BTRFS info (device vdc1): using free space tree
[  +0.013747] BTRFS info (device vdc1): auto enabling async discard
[  +0.013196] BTRFS: device fsid 0f651780-3c13-41aa-98e3-c3a910e08841 devid 1 transid 17 /dev/vdc1 scanned by fsmount01 (28097)
[  +0.001812] BTRFS info (device vdc1): using crc32c (crc32c-generic) checksum algorithm
[  +0.000231] BTRFS info (device vdc1): using free space tree
[  +0.017995] BTRFS info (device vdc1): auto enabling async discard
[  +0.015439] BTRFS: device fsid 0f651780-3c13-41aa-98e3-c3a910e08841 devid 1 transid 18 /dev/vdc1 scanned by fsmount01 (28097)
[  +0.002186] BTRFS info (device vdc1): using crc32c (crc32c-generic) checksum algorithm
[  +0.000234] BTRFS info (device vdc1): using free space tree
[  +0.014059] BTRFS info (device vdc1): auto enabling async discard
[  +0.013843] BTRFS: device fsid 0f651780-3c13-41aa-98e3-c3a910e08841 devid 1 transid 19 /dev/vdc1 scanned by fsmount01 (28097)
[  +0.003386] BTRFS info (device vdc1): using crc32c (crc32c-generic) checksum algorithm
[  +0.000310] BTRFS info (device vdc1): using free space tree
[  +0.013103] BTRFS info (device vdc1): auto enabling async discard
[  +0.024005] BTRFS: device fsid 0f651780-3c13-41aa-98e3-c3a910e08841 devid 1 transid 20 /dev/vdc1 scanned by fsmount01 (28097)
[  +0.002135] BTRFS info (device vdc1): using crc32c (crc32c-generic) checksum algorithm
[  +0.000213] BTRFS info (device vdc1): using free space tree
[  +0.011350] BTRFS info (device vdc1): auto enabling async discard
[  +0.018372] BTRFS: device fsid 0f651780-3c13-41aa-98e3-c3a910e08841 devid 1 transid 21 /dev/vdc1 scanned by fsmount01 (28097)
[  +0.004938] BTRFS info (device vdc1): using crc32c (crc32c-generic) checksum algorithm
[  +0.000201] BTRFS info (device vdc1): using free space tree
[  +0.014686] BTRFS info (device vdc1): auto enabling async discard
[  +0.013689] BTRFS: device fsid 0f651780-3c13-41aa-98e3-c3a910e08841 devid 1 transid 22 /dev/vdc1 scanned by fsmount01 (28097)
[  +0.001969] BTRFS info (device vdc1): using crc32c (crc32c-generic) checksum algorithm
[  +0.000211] BTRFS info (device vdc1): using free space tree
[  +0.010248] BTRFS info (device vdc1): auto enabling async discard
[  +0.254606] LTP: starting fsmount02
[  +0.023831] /dev/zero: Can't open blockdev
[  +0.036762] /dev/zero: Can't open blockdev
[  +0.034560] /dev/zero: Can't open blockdev
[  +0.033534] /dev/zero: Can't open blockdev
[  +0.097966] /dev/zero: Can't open blockdev
[  +0.115450] EXT4-fs (vdc1): mounting ext2 file system using the ext4 subsystem
[  +0.231836] EXT4-fs (vdc1): mounting ext3 file system using the ext4 subsystem
[  +0.198306] XFS (vdc1): Mounting V5 Filesystem 3cf810db-2bb8-4626-956f-9b69dfd6e157
[  +0.008100] XFS (vdc1): Ending clean mount
[  +0.001775] XFS (vdc1): Unmounting Filesystem 3cf810db-2bb8-4626-956f-9b69dfd6e157
[  +0.175416] BTRFS: device fsid 49dcaa78-618b-4d7b-9911-0813cb129c76 devid 1 transid 6 /dev/vdc1 scanned by mkfs.btrfs (28418)
[  +0.009200] BTRFS info (device vdc1): using crc32c (crc32c-generic) checksum algorithm
[  +0.000254] BTRFS info (device vdc1): using free space tree
[  +0.012378] BTRFS info (device vdc1): auto enabling async discard
[  +0.001068] BTRFS info (device vdc1): checking UUID tree
[  +0.152679] LTP: starting fsopen01
[  +0.024752] /dev/zero: Can't open blockdev
[  +0.036963] /dev/zero: Can't open blockdev
[  +0.035072] /dev/zero: Can't open blockdev
[  +0.034540] /dev/zero: Can't open blockdev
[  +0.103043] /dev/zero: Can't open blockdev
[  +0.114960] EXT4-fs (vdc1): mounting ext2 file system using the ext4 subsystem
[  +0.008957] EXT4-fs (vdc1): mounting ext2 file system using the ext4 subsystem
[  +0.193475] EXT4-fs (vdc1): mounting ext3 file system using the ext4 subsystem
[  +0.022484] EXT4-fs (vdc1): mounting ext3 file system using the ext4 subsystem
[  +0.195955] XFS (vdc1): Mounting V5 Filesystem cbc124a1-7cb2-430f-a4b7-d6287c4d01b6
[  +0.007886] XFS (vdc1): Ending clean mount
[  +0.003629] XFS (vdc1): Unmounting Filesystem cbc124a1-7cb2-430f-a4b7-d6287c4d01b6
[  +0.014229] XFS (vdc1): Mounting V5 Filesystem cbc124a1-7cb2-430f-a4b7-d6287c4d01b6
[  +0.007621] XFS (vdc1): Ending clean mount
[  +0.002505] XFS (vdc1): Unmounting Filesystem cbc124a1-7cb2-430f-a4b7-d6287c4d01b6
[  +0.184634] BTRFS: device fsid fc1e1100-ef0d-4dad-9f75-3e32d6ad22af devid 1 transid 6 /dev/vdc1 scanned by mkfs.btrfs (28494)
[  +0.012812] BTRFS info (device vdc1): using crc32c (crc32c-generic) checksum algorithm
[  +0.000374] BTRFS info (device vdc1): using free space tree
[  +0.022275] BTRFS info (device vdc1): auto enabling async discard
[  +0.001050] BTRFS info (device vdc1): checking UUID tree
[  +0.015206] BTRFS: device fsid fc1e1100-ef0d-4dad-9f75-3e32d6ad22af devid 1 transid 8 /dev/vdc1 scanned by fsopen01 (28496)
[  +0.002716] BTRFS info (device vdc1): using crc32c (crc32c-generic) checksum algorithm
[  +0.000270] BTRFS info (device vdc1): using free space tree
[  +0.010576] BTRFS info (device vdc1): auto enabling async discard
[  +0.177254] LTP: starting fsopen02
[  +0.057236] LTP: starting fspick01
[  +0.023389] /dev/zero: Can't open blockdev
[  +0.040660] /dev/zero: Can't open blockdev
[  +0.039711] /dev/zero: Can't open blockdev
[  +0.036860] /dev/zero: Can't open blockdev
[  +0.100295] /dev/zero: Can't open blockdev
[  +0.113810] EXT4-fs (vdc1): mounting ext2 file system using the ext4 subsystem
[  +0.014824] EXT4-fs (vdc1): re-mounted 5f3f97f5-46ba-4c2f-8092-e527e020ba89 ro. Quota mode: none.
[  +0.002016] EXT4-fs (vdc1): re-mounted 5f3f97f5-46ba-4c2f-8092-e527e020ba89 ro. Quota mode: none.
[  +0.000546] EXT4-fs (vdc1): re-mounted 5f3f97f5-46ba-4c2f-8092-e527e020ba89 ro. Quota mode: none.
[  +0.000661] EXT4-fs (vdc1): re-mounted 5f3f97f5-46ba-4c2f-8092-e527e020ba89 ro. Quota mode: none.
[  +0.203535] EXT4-fs (vdc1): mounting ext3 file system using the ext4 subsystem
[  +0.020437] EXT4-fs (vdc1): re-mounted 150589f9-500a-4df1-afc4-2b192b275f40 ro. Quota mode: none.
[  +0.005494] EXT4-fs (vdc1): re-mounted 150589f9-500a-4df1-afc4-2b192b275f40 ro. Quota mode: none.
[  +0.000395] EXT4-fs (vdc1): re-mounted 150589f9-500a-4df1-afc4-2b192b275f40 ro. Quota mode: none.
[  +0.000311] EXT4-fs (vdc1): re-mounted 150589f9-500a-4df1-afc4-2b192b275f40 ro. Quota mode: none.
[  +0.071537] EXT4-fs (vdc1): re-mounted c9fbfa9f-cc4f-40e1-8636-256492a401c9 ro. Quota mode: none.
[  +0.002592] EXT4-fs (vdc1): re-mounted c9fbfa9f-cc4f-40e1-8636-256492a401c9 ro. Quota mode: none.
[  +0.000460] EXT4-fs (vdc1): re-mounted c9fbfa9f-cc4f-40e1-8636-256492a401c9 ro. Quota mode: none.
[  +0.000446] EXT4-fs (vdc1): re-mounted c9fbfa9f-cc4f-40e1-8636-256492a401c9 ro. Quota mode: none.
[  +0.092823] XFS (vdc1): Mounting V5 Filesystem 27ce4270-ef45-4847-b828-565b6e95f4ee
[  +0.008558] XFS (vdc1): Ending clean mount
[  +0.016867] XFS (vdc1): Unmounting Filesystem 27ce4270-ef45-4847-b828-565b6e95f4ee
[  +0.179019] BTRFS: device fsid 5bc73e3d-7233-4a12-a615-66ff95fe988d devid 1 transid 6 /dev/vdc1 scanned by mkfs.btrfs (28577)
[  +0.015065] BTRFS info (device vdc1): using crc32c (crc32c-generic) checksum algorithm
[  +0.000373] BTRFS info (device vdc1): using free space tree
[  +0.014329] BTRFS info (device vdc1): auto enabling async discard
[  +0.000728] BTRFS info (device vdc1): checking UUID tree
[  +0.197238] LTP: starting fspick02
[  +0.024986] /dev/zero: Can't open blockdev
[  +0.038022] /dev/zero: Can't open blockdev
[  +0.040021] /dev/zero: Can't open blockdev
[  +0.035942] /dev/zero: Can't open blockdev
[  +0.103459] /dev/zero: Can't open blockdev
[  +0.114575] EXT4-fs (vdc1): mounting ext2 file system using the ext4 subsystem
[  +0.217585] EXT4-fs (vdc1): mounting ext3 file system using the ext4 subsystem
[  +0.203995] XFS (vdc1): Mounting V5 Filesystem f27489f7-58e2-4c73-bf14-ac34c4f5a1a0
[  +0.015144] XFS (vdc1): Ending clean mount
[  +0.010921] XFS (vdc1): Unmounting Filesystem f27489f7-58e2-4c73-bf14-ac34c4f5a1a0
[  +0.176536] BTRFS: device fsid 3086e370-1398-4e82-81bc-08dc26f038a5 devid 1 transid 6 /dev/vdc1 scanned by mkfs.btrfs (28641)
[  +0.004634] BTRFS info (device vdc1): using crc32c (crc32c-generic) checksum algorithm
[  +0.000264] BTRFS info (device vdc1): using free space tree
[  +0.014418] BTRFS info (device vdc1): auto enabling async discard
[  +0.002548] BTRFS info (device vdc1): checking UUID tree
[  +0.207354] LTP: starting fstat02
[  +0.048197] LTP: starting fstat02_64
[  +0.037366] LTP: starting fstat03
[  +0.045191] LTP: starting fstat03_64
[  +0.047383] LTP: starting fstatat01
[  +0.026396] LTP: starting fstatfs01
[  +0.025193] /dev/zero: Can't open blockdev
[  +0.037517] /dev/zero: Can't open blockdev
[  +0.034552] /dev/zero: Can't open blockdev
[  +0.035689] /dev/zero: Can't open blockdev
[  +0.098432] /dev/zero: Can't open blockdev
[  +0.122532] EXT4-fs (vdc1): mounting ext2 file system using the ext4 subsystem
[  +0.212908] EXT4-fs (vdc1): mounting ext3 file system using the ext4 subsystem
[  +0.211433] XFS (vdc1): Mounting V5 Filesystem 8f4f95fb-b00b-4499-ac6e-f5aca22cb9df
[  +0.008478] XFS (vdc1): Ending clean mount
[  +0.017080] XFS (vdc1): Unmounting Filesystem 8f4f95fb-b00b-4499-ac6e-f5aca22cb9df
[  +0.181990] BTRFS: device fsid 5add9b86-73ae-4f65-8575-3771dcf25c57 devid 1 transid 6 /dev/vdc1 scanned by mkfs.btrfs (28718)
[  +0.005772] BTRFS info (device vdc1): using crc32c (crc32c-generic) checksum algorithm
[  +0.000374] BTRFS info (device vdc1): using free space tree
[  +0.019246] BTRFS info (device vdc1): auto enabling async discard
[  +0.001167] BTRFS info (device vdc1): checking UUID tree
[  +0.271519] LTP: starting fstatfs01_64
[  +0.023638] /dev/zero: Can't open blockdev
[  +0.037137] /dev/zero: Can't open blockdev
[  +0.035153] /dev/zero: Can't open blockdev
[  +0.035293] /dev/zero: Can't open blockdev
[  +0.106269] /dev/zero: Can't open blockdev
[  +0.110666] EXT4-fs (vdc1): mounting ext2 file system using the ext4 subsystem
[  +0.217268] EXT4-fs (vdc1): mounting ext3 file system using the ext4 subsystem
[  +0.203195] XFS (vdc1): Mounting V5 Filesystem ddb4639e-307f-4dbd-9176-19c64a6a3b55
[  +0.011442] XFS (vdc1): Ending clean mount
[  +0.014058] XFS (vdc1): Unmounting Filesystem ddb4639e-307f-4dbd-9176-19c64a6a3b55
[  +0.187966] BTRFS: device fsid d54b1494-699e-4431-87f6-b37ae947db0a devid 1 transid 6 /dev/vdc1 scanned by mkfs.btrfs (28782)
[  +0.006430] BTRFS info (device vdc1): using crc32c (crc32c-generic) checksum algorithm
[  +0.000268] BTRFS info (device vdc1): using free space tree
[  +0.015903] BTRFS info (device vdc1): auto enabling async discard
[  +0.000765] BTRFS info (device vdc1): checking UUID tree
[  +0.270327] LTP: starting fstatfs02
[  +0.046520] LTP: starting fstatfs02_64
[  +0.046919] LTP: starting fsync01
[  +0.024303] /dev/zero: Can't open blockdev
[  +0.037432] /dev/zero: Can't open blockdev
[  +0.035532] /dev/zero: Can't open blockdev
[  +0.037675] /dev/zero: Can't open blockdev
[  +0.103266] /dev/zero: Can't open blockdev
[  +0.122847] EXT4-fs (vdc1): mounting ext2 file system using the ext4 subsystem
[  +0.233822] EXT4-fs (vdc1): mounting ext3 file system using the ext4 subsystem
[  +0.275829] XFS (vdc1): Mounting V5 Filesystem 5801bb65-52f5-4176-8280-8d701fdecb23
[  +0.008738] XFS (vdc1): Ending clean mount
[  +0.038323] XFS (vdc1): Unmounting Filesystem 5801bb65-52f5-4176-8280-8d701fdecb23
[  +0.174042] BTRFS: device fsid 35186060-28d8-4205-b2d6-f9a5c2326ff8 devid 1 transid 6 /dev/vdc1 scanned by mkfs.btrfs (28854)
[  +0.004714] BTRFS info (device vdc1): using crc32c (crc32c-generic) checksum algorithm
[  +0.000267] BTRFS info (device vdc1): using free space tree
[  +0.022865] BTRFS info (device vdc1): auto enabling async discard
[  +0.000840] BTRFS info (device vdc1): checking UUID tree
[  +0.240235] LTP: starting fsync02
[  +0.679156] LTP: starting fsync03
[  +0.042721] LTP: starting fsync04
[  +0.032727] /dev/zero: Can't open blockdev
[  +0.034875] /dev/zero: Can't open blockdev
[  +0.037215] /dev/zero: Can't open blockdev
[  +0.037110] /dev/zero: Can't open blockdev
[  +0.108782] /dev/zero: Can't open blockdev
[  +0.117626] EXT4-fs (vdc1): mounting ext2 file system using the ext4 subsystem
[  +0.638403] EXT4-fs (vdc1): mounting ext3 file system using the ext4 subsystem
[  +1.052277] XFS (vdc1): Mounting V5 Filesystem b04886a3-534e-4099-b6cc-f01bd08986cc
[  +0.008818] XFS (vdc1): Ending clean mount
[  +0.156272] XFS (vdc1): Unmounting Filesystem b04886a3-534e-4099-b6cc-f01bd08986cc
[  +0.177869] BTRFS: device fsid 7cdad84a-8852-4c73-aefe-af72c9d94ce3 devid 1 transid 6 /dev/vdc1 scanned by mkfs.btrfs (28924)
[  +0.004751] BTRFS info (device vdc1): using crc32c (crc32c-generic) checksum algorithm
[  +0.000474] BTRFS info (device vdc1): using free space tree
[  +0.024728] BTRFS info (device vdc1): auto enabling async discard
[  +0.003478] BTRFS info (device vdc1): checking UUID tree
[  +1.093321] LTP: starting ftruncate01
[  +0.037717] LTP: starting ftruncate01_64
[  +0.038007] LTP: starting ftruncate03
[  +0.040900] LTP: starting ftruncate03_64
[  +0.036662] LTP: starting ftruncate04
[  +0.068494] LTP: starting ftruncate04_64
[  +0.066750] LTP: starting futimesat01
[  +0.026478] LTP: starting getcontext01
[  +0.038164] LTP: starting getcpu01
[  +0.033192] LTP: starting getcwd01
[  +0.032479] LTP: starting getcwd02
[  +0.031733] LTP: starting getcwd03
[  +0.038680] LTP: starting getcwd04
[Oct11 14:56] LTP: starting getdents01
[  +0.059360] LTP: starting getdents02
[  +0.057359] LTP: starting getdomainname01
[  +0.031547] LTP: starting getdtablesize01
[  +0.052652] LTP: starting getegid01
[  +0.022443] LTP: starting getegid01_16
[  +0.022273] LTP: starting getegid02
[  +0.025343] LTP: starting getegid02_16
[  +0.022538] LTP: starting geteuid01
[  +0.036714] LTP: starting geteuid01_16
[  +0.038548] LTP: starting geteuid02
[  +0.033117] LTP: starting geteuid02_16
[  +0.031993] LTP: starting getgid01
[  +0.036607] LTP: starting getgid01_16
[  +0.044763] LTP: starting getgid03
[  +0.040648] LTP: starting getgid03_16
[  +0.031632] LTP: starting getgroups01
[  +0.031036] LTP: starting getgroups01_16
[  +0.025458] LTP: starting getgroups03
[  +0.039674] LTP: starting getgroups03_16
[  +0.036941] LTP: starting gethostbyname_r01
[  +0.022491] LTP: starting gethostid01
[  +7.779465] LTP: starting gethostname01
[  +0.036898] LTP: starting getitimer01
[  +0.031498] LTP: starting getitimer02
[  +0.030049] LTP: starting getpagesize01
[  +0.028961] LTP: starting getpeername01
[  +0.022460] LTP: starting getpgid01
[  +0.049616] LTP: starting getpgid02
[  +0.033640] LTP: starting getpgrp01
[  +0.030161] LTP: starting getpid01
[  +0.454210] LTP: starting getpid02
[  +0.038256] LTP: starting getppid01
[  +0.031257] LTP: starting getppid02
[  +0.040191] LTP: starting getpriority01
[  +0.029858] LTP: starting getpriority02
[  +0.029201] LTP: starting getrandom01
[  +0.030779] LTP: starting getrandom02
[  +0.032406] LTP: starting getrandom03
[  +0.031995] LTP: starting getrandom04
[  +0.034879] LTP: starting getresgid01
[  +0.022946] LTP: starting getresgid01_16
[  +0.027812] LTP: starting getresgid02
[  +0.026471] LTP: starting getresgid02_16
[  +0.030629] LTP: starting getresgid03
[  +0.025273] LTP: starting getresgid03_16
[  +0.024189] LTP: starting getresuid01
[  +0.021334] LTP: starting getresuid01_16
[  +0.020206] LTP: starting getresuid02
[  +0.025226] LTP: starting getresuid02_16
[  +0.029819] LTP: starting getresuid03
[  +0.030808] LTP: starting getresuid03_16
[  +0.024209] LTP: starting getrlimit01
[  +0.032175] LTP: starting getrlimit02
[  +0.029830] LTP: starting getrlimit03
[  +0.030926] LTP: starting get_mempolicy01
[  +0.020782] LTP: starting get_mempolicy02
[  +0.020993] LTP: starting get_robust_list01
[  +0.021733] LTP: starting getrusage01
[  +0.033700] LTP: starting getrusage02
[  +0.042253] LTP: starting getrusage03
[  +0.909486] LTP: starting getrusage04
[  +0.257739] LTP: starting getsid01
[  +0.038033] LTP: starting getsid02
[  +0.033014] LTP: starting getsockname01
[  +0.021399] LTP: starting getsockopt01
[  +0.027883] LTP: starting getsockopt02
[  +0.040895] LTP: starting gettid01
[  +0.021402] LTP: starting gettimeofday01
[  +0.027364] LTP: starting gettimeofday02
[ +10.036256] LTP: starting getuid01
[  +0.030350] LTP: starting getuid01_16
[  +0.034143] LTP: starting getuid03
[  +0.038896] LTP: starting getuid03_16
[  +0.035685] LTP: starting getxattr01
[  +0.025358] LTP: starting getxattr02
[  +0.030117] LTP: starting getxattr03
[  +0.027308] LTP: starting getxattr04
[  +0.121063] XFS (vdc1): Mounting V5 Filesystem ab6f013a-8982-4b9f-b462-4243ea3394ab
[  +0.010222] XFS (vdc1): Ending clean mount
[  +0.104073] XFS (vdc1): Unmounting Filesystem ab6f013a-8982-4b9f-b462-4243ea3394ab
[  +0.014636] LTP: starting getxattr05
[  +0.059951] LTP: starting init_module01
[  +0.083189] LTP: starting init_module02
[  +0.139748] LTP: starting ioctl01
[  +0.041168] LTP: starting ioctl02 (test_ioctl)
[  +4.058228] LTP: starting ioctl03
[  +0.121196] tun: Universal TUN/TAP device driver, 1.6
[  +0.008474] LTP: starting ioctl04
[  +0.102876] /dev/vdc1: Can't open blockdev
[  +0.007055] EXT4-fs mount: 104 callbacks suppressed
[  +0.000071] EXT4-fs (vdc1): mounted filesystem 730b576a-c8eb-4f62-80d3-dd652e961fb5 ro with ordered data mode. Quota mode: none.
[  +0.002266] EXT4-fs (vdc1): unmounting filesystem 730b576a-c8eb-4f62-80d3-dd652e961fb5.
[  +0.019076] LTP: starting ioctl05
[  +0.031184] LTP: starting ioctl06
[  +0.035214] LTP: starting ioctl07
[  +0.033053] LTP: starting ioctl08
[  +0.194876] BTRFS: device fsid d9f26151-40bc-4c57-b874-ef7d3688be0b devid 1 transid 6 /dev/vdc1 scanned by mkfs.btrfs (29597)
[  +0.005026] BTRFS info (device vdc1): using crc32c (crc32c-generic) checksum algorithm
[  +0.000274] BTRFS info (device vdc1): using free space tree
[  +0.011661] BTRFS info (device vdc1): auto enabling async discard
[  +0.001300] BTRFS info (device vdc1): checking UUID tree
[  +0.043357] LTP: starting ioctl09
[  +0.125181] loop3: detected capacity change from 0 to 40960
[  +0.048724]  loop3: p1
[  +0.064649]  loop3: p1 p2
[  +0.027051] I/O error, dev loop3, sector 32 op 0x0:(READ) flags 0x80700 phys_seg 1 prio class 2
[  +0.061082] LTP: starting ioctl_loop01
[  +0.192599] loop3: detected capacity change from 0 to 20480
[  +0.061432]  loop3: p1
[  +0.208650] LTP: starting ioctl_loop02
[  +0.030343] loop3: detected capacity change from 0 to 20
[  +0.109011] loop3: detected capacity change from 0 to 20
[  +0.093839] LTP: starting ioctl_loop03
[  +0.031003] loop3: detected capacity change from 0 to 20
[  +0.066984] I/O error, dev loop3, sector 0 op 0x0:(READ) flags 0x80700 phys_seg 1 prio class 2
[  +0.057161] LTP: starting ioctl_loop04
[  +0.037982] loop3: detected capacity change from 0 to 20
[  +0.034140] loop3: detected capacity change from 20 to 10
[  +0.094942] LTP: starting ioctl_loop05
[  +0.056025] loop3: detected capacity change from 0 to 2048
[  +0.151158] loop3: detected capacity change from 2048 to 2047
[  +0.194431] LTP: starting ioctl_loop06
[  +0.056648] loop3: detected capacity change from 0 to 2048
[  +0.037648] I/O error, dev loop3, sector 0 op 0x0:(READ) flags 0x80700 phys_seg 1 prio class 2
[  +0.059868] LTP: starting ioctl_loop07
[  +0.050405] loop3: detected capacity change from 0 to 2048
[  +0.061353] I/O error, dev loop3, sector 0 op 0x0:(READ) flags 0x80700 phys_seg 1 prio class 2
[  +0.052724] loop3: detected capacity change from 0 to 2048
[  +0.091093] loop3: detected capacity change from 2048 to 1024
[  +0.024000] loop3: detected capacity change from 1024 to 2048
[  +0.147975] loop3: detected capacity change from 0 to 2048
[  +0.072508] loop3: detected capacity change from 0 to 1024
[  +0.084280] LTP: starting ioctl_ns01
[  +0.040903] LTP: starting ioctl_ns02
[  +0.037903] LTP: starting ioctl_ns03
[  +0.033272] LTP: starting ioctl_ns04
[  +0.030959] LTP: starting ioctl_ns05
[  +0.037747] LTP: starting ioctl_ns06
[  +0.036017] LTP: starting ioctl_ns07
[  +0.038910] LTP: starting ioctl_sg01
[  +0.038086] LTP: starting inotify_init1_01
[  +0.035666] LTP: starting inotify_init1_02
[  +0.033809] LTP: starting inotify01
[  +0.057983] LTP: starting inotify02
[  +0.052273] LTP: starting inotify03
[  +0.107716] EXT4-fs (vdc1): mounted filesystem b11db80e-19ca-4b0c-8f7e-1c4b0ab63e5c r/w with ordered data mode. Quota mode: none.
[  +0.009474] EXT4-fs (vdc1): unmounting filesystem b11db80e-19ca-4b0c-8f7e-1c4b0ab63e5c.
[  +0.019109] EXT4-fs (vdc1): mounted filesystem b11db80e-19ca-4b0c-8f7e-1c4b0ab63e5c r/w with ordered data mode. Quota mode: none.
[  +0.003238] EXT4-fs (vdc1): unmounting filesystem b11db80e-19ca-4b0c-8f7e-1c4b0ab63e5c.
[  +0.010848] LTP: starting inotify04
[  +0.039655] LTP: starting inotify05
[  +0.462730] LTP: starting inotify06
[  +1.434450] LTP: starting inotify07
[  +0.091007] EXT4-fs (vdc1): mounted filesystem 6a039570-9072-4450-b3e6-5b9d210c557b r/w with ordered data mode. Quota mode: none.
[  +0.079733] inotify07 (29685): drop_caches: 2
[  +0.013999] EXT4-fs (vdc1): unmounting filesystem 6a039570-9072-4450-b3e6-5b9d210c557b.
[  +0.018444] LTP: starting inotify08
[  +0.097528] EXT4-fs (vdc1): mounted filesystem eeab1a99-5c1e-4464-8931-0f81bb480534 r/w with ordered data mode. Quota mode: none.
[  +0.027849] inotify08 (29690): drop_caches: 2
[  +0.019625] EXT4-fs (vdc1): unmounting filesystem eeab1a99-5c1e-4464-8931-0f81bb480534.
[  +0.012909] LTP: starting inotify09
[Oct11 14:59] LTP: starting inotify10
[  +0.104667] LTP: starting inotify11
[  +4.290856] LTP: starting inotify12
[  +0.051795] LTP: starting fanotify01
[  +0.104482] EXT4-fs (vdc1): mounted filesystem a83e93e0-2ee7-41a4-8263-db3b5d6f4109 r/w with ordered data mode. Quota mode: none.
[  +0.078263] EXT4-fs (vdc1): unmounting filesystem a83e93e0-2ee7-41a4-8263-db3b5d6f4109.
[  +0.009693] LTP: starting fanotify02
[  +0.052002] LTP: starting fanotify03
[  +0.088155] EXT4-fs (vdc1): mounted filesystem 4d3f5bd1-c34b-47fc-9251-8038ff4fcb25 r/w with ordered data mode. Quota mode: none.
[  +0.213713] EXT4-fs (vdc1): unmounting filesystem 4d3f5bd1-c34b-47fc-9251-8038ff4fcb25.
[  +0.010983] LTP: starting fanotify04
[  +0.035764] LTP: starting fanotify05
