[    0.000000] Linux version 6.4.0-0.0.0.1.oe2309.riscv64 (abuild@sg2042-evb) (gcc (GCC) 12.2.1 20220819 (openEuler 12.2.1-16.oe2309), GNU ld (GNU Binutils) 2.37) #1 SMP Sun Jul  9 15:49:53 UTC 2023
[    0.000000] random: crng init done
[    0.000000] Machine model: riscv-virtio,qemu
[    0.000000] earlycon: ns16550a0 at MMIO 0x0000000010000000 (options '')
[    0.000000] printk: bootconsole [ns16550a0] enabled
[    0.000000] efi: UEFI not found.
[    0.000000] OF: reserved mem: 0x0000000080000000..0x000000008007ffff (512 KiB) map non-reusable mmode_resv0@80000000
[    0.000000] cma: Reserved 64 MiB at 0x00000000fb600000
[    0.000000] NUMA: No NUMA configuration found
[    0.000000] NUMA: Faking a node at [mem 0x0000000080000000-0x000000027fffffff]
[    0.000000] NUMA: NODE_DATA [mem 0x27ffeb340-0x27ffeffff]
[    0.000000] Zone ranges:
[    0.000000]   DMA32    [mem 0x0000000080000000-0x00000000ffffffff]
[    0.000000]   Normal   [mem 0x0000000100000000-0x000000027fffffff]
[    0.000000] Movable zone start for each node
[    0.000000] Early memory node ranges
[    0.000000]   node   0: [mem 0x0000000080000000-0x000000027fffffff]
[    0.000000] Initmem setup node 0 [mem 0x0000000080000000-0x000000027fffffff]
[    0.000000] SBI specification v1.0 detected
[    0.000000] SBI implementation ID=0x1 Version=0x10002
[    0.000000] SBI TIME extension detected
[    0.000000] SBI IPI extension detected
[    0.000000] SBI RFENCE extension detected
[    0.000000] SBI SRST extension detected
[    0.000000] SBI HSM extension detected
[    0.000000] riscv: base ISA extensions acdfhim
[    0.000000] riscv: ELF capabilities acdfim
[    0.000000] percpu: cpu 0 has no node -1 or node-local memory
[    0.000000] percpu: Embedded 29 pages/cpu s81640 r8192 d28952 u118784
[    0.000000] pcpu-alloc: s81640 r8192 d28952 u118784 alloc=29*4096
[    0.000000] pcpu-alloc: [0] 0 [0] 1 [0] 2 [0] 3 [0] 4 [0] 5 [0] 6 [0] 7 
[    0.000000] Kernel command line: root=/dev/vda2 rw console=ttyS0 systemd.default_timeout_start_sec=600 selinux=0 highres=off earlycon
[    0.000000] Dentry cache hash table entries: 1048576 (order: 11, 8388608 bytes, linear)
[    0.000000] Inode-cache hash table entries: 524288 (order: 10, 4194304 bytes, linear)
[    0.000000] Fallback order for Node 0: 0 
[    0.000000] Built 1 zonelists, mobility grouping on.  Total pages: 2064384
[    0.000000] Policy zone: Normal
[    0.000000] mem auto-init: stack:off, heap alloc:off, heap free:off
[    0.000000] stackdepot: allocating hash table via alloc_large_system_hash
[    0.000000] stackdepot hash table entries: 524288 (order: 10, 4194304 bytes, linear)
[    0.000000] software IO TLB: area num 8.
[    0.000000] software IO TLB: mapped [mem 0x00000000f7600000-0x00000000fb600000] (64MB)
[    0.000000] Virtual kernel memory layout:
[    0.000000]       fixmap : 0xffffffc6fea00000 - 0xffffffc6ff000000   (6144 kB)
[    0.000000]       pci io : 0xffffffc6ff000000 - 0xffffffc700000000   (  16 MB)
[    0.000000]      vmemmap : 0xffffffc700000000 - 0xffffffc800000000   (4096 MB)
[    0.000000]      vmalloc : 0xffffffc800000000 - 0xffffffd800000000   (  64 GB)
[    0.000000]      modules : 0xffffffff02d9b000 - 0xffffffff80000000   (2002 MB)
[    0.000000]       lowmem : 0xffffffd800000000 - 0xffffffda00000000   (8192 MB)
[    0.000000]       kernel : 0xffffffff80000000 - 0xffffffffffffffff   (2047 MB)
[    0.000000] Memory: 8044012K/8388608K available (20114K kernel code, 8860K rwdata, 10240K rodata, 2662K init, 4455K bss, 279060K reserved, 65536K cma-reserved)
[    0.000000] SLUB: HWalign=64, Order=0-3, MinObjects=0, CPUs=8, Nodes=1
[    0.000000] ftrace: allocating 43741 entries in 171 pages
[    0.000000] ftrace: allocated 171 pages with 5 groups
[    0.000000] trace event string verifier disabled
[    0.000000] rcu: Hierarchical RCU implementation.
[    0.000000] rcu: 	RCU restricting CPUs from NR_CPUS=512 to nr_cpu_ids=8.
[    0.000000] 	Rude variant of Tasks RCU enabled.
[    0.000000] 	Tracing variant of Tasks RCU enabled.
[    0.000000] rcu: RCU calculated value of scheduler-enlistment delay is 25 jiffies.
[    0.000000] rcu: Adjusting geometry for rcu_fanout_leaf=16, nr_cpu_ids=8
[    0.000000] NR_IRQS: 64, nr_irqs: 64, preallocated irqs: 0
[    0.000000] riscv-intc: 64 local interrupts mapped
[    0.000000] plic: plic@c000000: mapped 95 interrupts with 8 handlers for 16 contexts.
[    0.000000] riscv: providing IPIs using SBI IPI extension
[    0.000000] rcu: srcu_init: Setting srcu_struct sizes based on contention.
[    0.000000] riscv-timer: riscv_timer_init_dt: Registering clocksource cpuid [0] hartid [3]
[    0.000000] clocksource: riscv_clocksource: mask: 0xffffffffffffffff max_cycles: 0x24e6a1710, max_idle_ns: 440795202120 ns
[    0.000172] sched_clock: 64 bits at 10MHz, resolution 100ns, wraps every 4398046511100ns
[    0.002874] riscv-timer: Timer interrupt in S-mode is available via sstc extension
[    0.041433] Console: colour dummy device 80x25
[    0.048853] Calibrating delay loop (skipped), value calculated using timer frequency.. 20.00 BogoMIPS (lpj=40000)
[    0.052385] pid_max: default: 32768 minimum: 301
[    0.059769] LSM: initializing lsm=lockdown,capability,yama,apparmor,integrity
[    0.063597] Yama: becoming mindful.
[    0.070801] AppArmor: AppArmor initialized
[    0.081171] Mount-cache hash table entries: 16384 (order: 5, 131072 bytes, linear)
[    0.083645] Mountpoint-cache hash table entries: 16384 (order: 5, 131072 bytes, linear)
[    0.181840] cblist_init_generic: Setting adjustable number of callback queues.
[    0.184050] cblist_init_generic: Setting shift to 3 and lim to 1.
[    0.187452] cblist_init_generic: Setting shift to 3 and lim to 1.
[    0.190968] riscv: ELF compat mode supported
[    0.191833] ASID allocator using 16 bits (65536 entries)
[    0.196701] rcu: Hierarchical SRCU implementation.
[    0.198014] rcu: 	Max phase no-delay instances is 1000.
[    0.213707] EFI services will not be available.
[    0.223067] smp: Bringing up secondary CPUs ...
[    0.290088] smp: Brought up 1 node, 8 CPUs
[    0.327426] devtmpfs: initialized
[    0.387897] clocksource: jiffies: mask: 0xffffffff max_cycles: 0xffffffff, max_idle_ns: 7645041785100000 ns
[    0.390249] futex hash table entries: 2048 (order: 5, 131072 bytes, linear)
[    0.448982] pinctrl core: initialized pinctrl subsystem
[    0.520345] NET: Registered PF_NETLINK/PF_ROUTE protocol family
[    0.557579] DMA: preallocated 1024 KiB GFP_KERNEL pool for atomic allocations
[    0.567339] DMA: preallocated 1024 KiB GFP_KERNEL|GFP_DMA32 pool for atomic allocations
[    0.569766] audit: initializing netlink subsys (disabled)
[    0.575061] audit: type=2000 audit(0.516:1): state=initialized audit_enabled=0 res=1
[    0.587036] thermal_sys: Registered thermal governor 'fair_share'
[    0.587324] thermal_sys: Registered thermal governor 'step_wise'
[    0.588398] thermal_sys: Registered thermal governor 'user_space'
[    0.590575] cpuidle: using governor menu
[    0.717160] HugeTLB: registered 1.00 GiB page size, pre-allocated 0 pages
[    0.718743] HugeTLB: 16380 KiB vmemmap can be freed for a 1.00 GiB page
[    0.720268] HugeTLB: registered 2.00 MiB page size, pre-allocated 0 pages
[    0.721821] HugeTLB: 28 KiB vmemmap can be freed for a 2.00 MiB page
[    0.763369] iommu: Default domain type: Translated 
[    0.764502] iommu: DMA domain TLB invalidation policy: strict mode 
[    0.775947] SCSI subsystem initialized
[    0.780327] libata version 3.00 loaded.
[    0.785602] usbcore: registered new interface driver usbfs
[    0.788103] usbcore: registered new interface driver hub
[    0.790053] usbcore: registered new device driver usb
[    0.793788] pps_core: LinuxPPS API ver. 1 registered
[    0.794916] pps_core: Software ver. 5.3.6 - Copyright 2005-2007 Rodolfo Giometti <giometti@linux.it>
[    0.797405] PTP clock support registered
[    0.802053] EDAC MC: Ver: 3.0.0
[    0.847790] NetLabel: Initializing
[    0.848585] NetLabel:  domain hash size = 128
[    0.849680] NetLabel:  protocols = UNLABELED CIPSOv4 CALIPSO
[    0.854250] NetLabel:  unlabeled traffic allowed by default
[    0.863732] vgaarb: loaded
[   24.788943] watchdog: BUG: soft lockup - CPU#0 stuck for 23s! [kworker/u16:0:10]
[   24.790559] Modules linked in:
[   24.791650] CPU: 0 PID: 10 Comm: kworker/u16:0 Not tainted 6.4.0-0.0.0.1.oe2309.riscv64 #1
[   24.793933] Hardware name: riscv-virtio,qemu (DT)
[   24.795412] Workqueue: eval_map_wq eval_map_work_func
[   24.797547] epc : __sanitizer_cov_trace_const_cmp1+0x18/0x20
[   24.799108]  ra : __sanitizer_cov_trace_const_cmp1+0x18/0x20
[   24.800509] epc : ffffffff8017f178 ra : ffffffff8017f178 sp : ffffffc800653cb0
[   24.801852]  gp : ffffffff8293d9b0 tp : ffffffd880845400 t0 : 000000000000004e
[   24.803163]  t1 : 0000000000000052 t2 : 0000000000000000 s0 : ffffffc800653cc0
[   24.805056]  s1 : ffffffff82839095 a0 : 0000000000000000 a1 : ffffffd880846400
[   24.806729]  a2 : 0000000000000000 a3 : 0000000000000003 a4 : ffffffd880846400
[   24.808036]  a5 : 0000000000000000 a6 : 0000000000f00000 a7 : 0000000000000008
[   24.809347]  s2 : 0000000000000022 s3 : 0000000000000000 s4 : ffffffff8198cd58
[   24.810673]  s5 : 0000000000000000 s6 : ffffffff8160fd50 s7 : 000000000000000c
[   24.811986]  s8 : ffffffff82839092 s9 : ffffffff82200808 s10: ffffffff827bb5a8
[   24.813305]  s11: ffffffff8160fd50 t3 : ffffffff8283924d t4 : ffffffff8283924d
[   24.814644]  t5 : ffffffff82838da0 t6 : ffffffff82839248
[   24.815717] status: 0000000200000120 badaddr: 0000000000000000 cause: 8000000000000005
[   24.817804] [<ffffffff8017f178>] __sanitizer_cov_trace_const_cmp1+0x18/0x20
[   24.820079] [<ffffffff801ecf88>] update_event_printk+0x62/0x376
[   24.821608] [<ffffffff801f3ea6>] trace_event_eval_update+0x11c/0x176
[   24.823226] [<ffffffff8141a180>] eval_map_work_func+0x50/0x64
[   24.824711] [<ffffffff80060a5c>] process_one_work+0x37c/0x700
[   24.826211] [<ffffffff80061592>] worker_thread+0x98/0x752
[   24.827675] [<ffffffff8006e95c>] kthread+0x120/0x14a
[   24.829011] [<ffffffff80005406>] ret_from_fork+0xe/0x20
[   24.857257] watchdog: BUG: soft lockup - CPU#1 stuck for 23s! [migration/1:19]
[   24.858792] Modules linked in:
[   24.859893] CPU: 1 PID: 19 Comm: migration/1 Tainted: G             L     6.4.0-0.0.0.1.oe2309.riscv64 #1
[   24.862231] Hardware name: riscv-virtio,qemu (DT)
[   24.863224] Stopper: multi_cpu_stop+0x0/0x24a <- stop_machine_cpuslocked+0x13a/0x194
[   24.865466] epc : __sanitizer_cov_trace_const_cmp4+0x20/0x28
[   24.867134]  ra : __sanitizer_cov_trace_const_cmp4+0x20/0x28
[   24.868474] watchdog: BUG: soft lockup - CPU#2 stuck for 23s! [migration/2:24]
[   24.868909] epc : ffffffff8017f1c0 ra : ffffffff8017f1c0 sp : ffffffc8006d3d30
[   24.869181]  gp : ffffffff8293d9b0 tp : ffffffd880855400 t0 : 000000005bdb6a67
[   24.870785]  t1 : 0000000000000001 t2 : ffffffffab6895b9 s0 : ffffffc8006d3d40
[   24.872288] Modules linked in:
[   24.873826]  s1 : 0000000000000001 a0 : 0000000000000000 a1 : ffffffd880856400
[   24.875378]  a2 : 0000000000000000 a3 : 0000000000000003 a4 : ffffffd880856400
[   24.876309]  a5 : 0000000000000000 a6 : 0000000000f00000 a7 : 0000000000000001
[   24.879114] CPU: 2 PID: 24 Comm: migration/2 Tainted: G             L     6.4.0-0.0.0.1.oe2309.riscv64 #1
[   24.880671]  s2 : 0000000000000001 s3 : ffffffc80060bc48 s4 : ffffffc80060bc6c
[   24.880650] watchdog: BUG: soft lockup - CPU#3 stuck for 23s! [migration/3:29]
[   24.880983] Modules linked in:
[   24.880930]  s5 : ffffffffffffffff s6 : ffffffff8294f958 s7 : 0000000000000000

[   24.882046]  s8 : 0000000000000003 s9 : 0000000000000002 s10: ffffffff8181c880
[   24.882892] Hardware name: riscv-virtio,qemu (DT)
[   24.883026]  s11: 0000000000000000 t3 : 000000000019aff5 t4 : 000001cb00000000
[   24.883039] Stopper: multi_cpu_stop+0x0/0x24a <- stop_machine_cpuslocked+0x13a/0x194
[   24.884512]  t5 : 0000036000000000 t6 : ffffffff82874e76
[   24.886027] status: 0000000200000120 badaddr: 0000000000000000 cause: 8000000000000005
[   24.888163] CPU: 3 PID: 29 Comm: migration/3 Tainted: G             L     6.4.0-0.0.0.1.oe2309.riscv64 #1
[   24.887646] [<ffffffff8017f1c0>] __sanitizer_cov_trace_const_cmp4+0x20/0x28
[   24.890152] watchdog: BUG: soft lockup - CPU#4 stuck for 23s! [migration/4:34]
[   24.890128] epc : write_comp_data+0x28/0x76
[   24.890236] [<ffffffff801681a2>] multi_cpu_stop+0x1b8/0x24a
[   24.891617] Modules linked in:
[   24.892716]  ra : write_comp_data+0x28/0x76
[   24.892832] CPU: 4 PID: 34 Comm: migration/4 Tainted: G             L     6.4.0-0.0.0.1.oe2309.riscv64 #1
[   24.895472] Hardware name: riscv-virtio,qemu (DT)
[   24.894291] [<ffffffff80167912>] cpu_stopper_thread+0x180/0x262
[   24.895587] Hardware name: riscv-virtio,qemu (DT)
[   24.897164] epc : ffffffff8017f08a ra : ffffffff8017f08a sp : ffffffc8006fbcf0
[   24.897222] [<ffffffff80076376>] smpboot_thread_fn+0x1ce/0x34a
[   24.895632] Stopper: multi_cpu_stop+0x0/0x24a <- stop_machine_cpuslocked+0x13a/0x194
[   24.900045] watchdog: BUG: soft lockup - CPU#5 stuck for 23s! [migration/5:39]
[   24.900797]  gp : ffffffff8293d9b0 tp : ffffffd880863800 t0 : ffffffc800a6ba68
[   24.899175] Stopper: multi_cpu_stop+0x0/0x24a <- stop_machine_cpuslocked+0x13a/0x194
[   24.901735] Modules linked in:
[   24.901381] watchdog: BUG: soft lockup - CPU#6 stuck for 23s! [migration/6:44]
[   24.902165]  t1 : 0000000000000000 t2 : 0000000000000000 s0 : ffffffc8006fbd30
[   24.902752]  s1 : ffffffd880863800 a0 : 0000000000000000 a1 : ffffffd880864800
[   24.902648] CPU: 5 PID: 39 Comm: migration/5 Tainted: G             L     6.4.0-0.0.0.1.oe2309.riscv64 #1
[   24.902610] [<ffffffff8006e95c>] kthread+0x120/0x14a
[   24.903596] epc : check_kcov_mode+0x46/0x5e
[   24.904914] Modules linked in:
[   24.904772] Hardware name: riscv-virtio,qemu (DT)
[   24.903769] epc : write_comp_data+0x0/0x76

[   24.904985] [<ffffffff80005406>] ret_from_fork+0xe/0x20
[   24.905749]  a2 : 0000000000000000 a3 : 0000000000000003 a4 : ffffffd880864800
[   24.905087]  ra : write_comp_data+0x28/0x76
[   24.905839]  ra : __sanitizer_cov_trace_const_cmp4+0x20/0x28
[   24.905026] Stopper: multi_cpu_stop+0x0/0x24a <- stop_machine_cpuslocked+0x13a/0x194
[   24.906867] CPU: 6 PID: 44 Comm: migration/6 Tainted: G             L     6.4.0-0.0.0.1.oe2309.riscv64 #1
[   24.906946] epc : ffffffff8017f006 ra : ffffffff8017f08a sp : ffffffc800723ce0
[   24.908940] Hardware name: riscv-virtio,qemu (DT)
[   24.908880] epc : ffffffff8017f062 ra : ffffffff8017f1c0 sp : ffffffc80074bd30
[   24.908924]  gp : ffffffff8293d9b0 tp : ffffffd880865400 t0 : ffffffc800a63a68
[   24.909989]  a5 : 0000000000000000 a6 : 0000000000f00000 a7 : 0000000000000001
[   24.910067]  gp : ffffffff8293d9b0 tp : ffffffd880877000 t0 : ffffffc800a73a68
[   24.910081]  t1 : 0000000000000000 t2 : 0000000000000000 s0 : ffffffc800723cf0
[   24.910047] watchdog: BUG: soft lockup - CPU#7 stuck for 23s! [migration/7:49]
[   24.910107] epc : multi_cpu_stop+0x1d6/0x24a
[   24.911544] Modules linked in:
[   24.911495]  t1 : ffffffff8180dae4 t2 : 0000000000000000 s0 : ffffffc80074bd40
[   24.911509]  s1 : ffffffd880865400 a0 : 0000000000000003 a1 : ffffffd880865400
[   24.912491]  s2 : ffffffff801681a2 s3 : 0000000000000001 s4 : 0000000000000001
[   24.912632]  a2 : 0000000000000000 a3 : 0000000000000003 a4 : ffffffd880866400
[   24.912689]  s1 : 0000000000000001 a0 : 0000000000000005 a1 : 0000000000000001
[   24.911433] Stopper: multi_cpu_stop+0x0/0x24a <- stop_machine_cpuslocked+0x13a/0x194
[   24.912636]  ra : multi_cpu_stop+0x1d6/0x24a

[   24.914272]  a5 : 0000000000000000 a6 : 0000000000f00000 a7 : 0000000000000001
[   24.914347]  a2 : 0000000000000001 a3 : ffffffff801681a2 a4 : ffffffd880878000
[   24.914360] CPU: 7 PID: 49 Comm: migration/7 Tainted: G             L     6.4.0-0.0.0.1.oe2309.riscv64 #1
[   24.915262] epc : ffffffff801681c0 ra : ffffffff801681c0 sp : ffffffc800773d40
[   24.915683]  a5 : 0000000000000000 a6 : 0000000000f00000 a7 : 0000000000000000
[   24.915739]  s5 : 0000000000000005 s6 : ffffffff8294f958 s7 : 0000000000000000
[   24.916817] Hardware name: riscv-virtio,qemu (DT)
[   24.915857] epc : write_comp_data+0x0/0x76
[   24.917046]  s2 : 0000000000000001 s3 : ffffffc80060bc48 s4 : ffffffc80060bc6c
[   24.917358]  s8 : 0000000000000003 s9 : 0000000000000002 s10: ffffffff8181c880
[   24.917402]  s2 : ffffffff801681a2 s3 : 0000000000000001 s4 : 0000000000000001
[   24.918242]  s11: 0000000000000000 t3 : 00000000000f5104 t4 : 0000025d00000000
[   24.918423]  s5 : 0000000000000005 s6 : ffffffff8294f958 s7 : 0000000000000000
[   24.918429]  ra : __sanitizer_cov_trace_const_cmp4+0x20/0x28
[   24.919254]  gp : ffffffff8293d9b0 tp : ffffffd880944600 t0 : ffffffc800a5ba68
[   24.917499] Stopper: multi_cpu_stop+0x0/0x24a <- stop_machine_cpuslocked+0x13a/0x194
[   24.919374]  t5 : 0000000000000000 t6 : 000000000000001f
[   24.919385]  s8 : 0000000000000003 s9 : 0000000000000002 s10: ffffffff8181c880
[   24.920374] status: 0000000200000120 badaddr: 0000000000000000 cause: 8000000000000005
[   24.920821] epc : ffffffff8017f062 ra : ffffffff8017f1c0 sp : ffffffc80079bd30
[   24.921080]  s5 : ffffffffffffffff s6 : ffffffff8294f958 s7 : 0000000000000000
[   24.921162]  s11: 0000000000000000 t3 : 000000000012f978 t4 : 0000007000000000
[   24.922597]  gp : ffffffff8293d9b0 tp : ffffffd880943800 t0 : ffffffc800a4ba68
[   24.922710]  t1 : 0000000000000000 t2 : 7974203a74696475 s0 : ffffffc800773dc0
[   24.922746]  s8 : 0000000000000003 s9 : 0000000000000002 s10: ffffffff8181c880
[   24.922787]  t5 : 0000003d00000000 t6 : 000000000000001f
[   24.922776] epc : write_comp_data+0x0/0x76
[   24.923675]  s11: 0000000000000000 t3 : 00000000fa83b2da t4 : 0000000000000004
[   24.923688]  s1 : 0000000000000001 a0 : 0000000000000000 a1 : 00000000000f0000
[   24.923686]  t1 : 0000000000000000 t2 : 0000000000000000 s0 : ffffffc80079bd40
[   24.923648] [<ffffffff8017f08a>] write_comp_data+0x28/0x76
[   24.925238]  t5 : 0000000000000000 t6 : 000000000000001f
[   24.925215] status: 0000000200000120 badaddr: 0000000000000000 cause: 8000000000000005
[   24.925271]  a2 : ffffffff801681c0 a3 : 0000000000000002 a4 : ffffffd880945600
[   24.925278]  s1 : 0000000000000001 a0 : 0000000000000005 a1 : 0000000000000004
[   24.926448]  a2 : 0000000000000001 a3 : ffffffff801681d4 a4 : 0000000000000000
[   24.926278] status: 0000000200000120 badaddr: 0000000000000000 cause: 8000000000000005
[   24.926936]  a5 : 0000000000000000 a6 : 0000000000f00000 a7 : 0000000000000001
[   24.926898]  ra : __sanitizer_cov_trace_const_cmp4+0x20/0x28
[   24.926452] [<ffffffff8017f006>] check_kcov_mode+0x46/0x5e
[   24.928302]  s2 : 0000000000000001 s3 : ffffffc80060bc48 s4 : ffffffc80060bc6c
[   24.928306] [<ffffffff8017f062>] write_comp_data+0x0/0x76
[   24.928690] [<ffffffff8017f1c0>] __sanitizer_cov_trace_const_cmp4+0x20/0x28
[   24.928835] epc : ffffffff8017f062 ra : ffffffff8017f1c0 sp : ffffffc8007c3d30
[   24.930757]  a5 : ffffffd9fef7f540 a6 : 0000000000f00000 a7 : 0000000000000001
[   24.930883]  gp : ffffffff8293d9b0 tp : ffffffd88094f000 t0 : ffffffc80067b8d8
[   24.931938]  s2 : 0000000000000001 s3 : ffffffc80060bc48 s4 : ffffffc80060bc6c
[   24.931934]  s5 : ffffffffffffffff s6 : ffffffff8294f958 s7 : 0000000000000000
[   24.930922] [<ffffffff801681a2>] multi_cpu_stop+0x1b8/0x24a
[   24.932072]  t1 : 0000000000000001 t2 : 0000000000000000 s0 : ffffffc8007c3d40
[   24.933016]  s5 : ffffffffffffffff s6 : ffffffff8294f958 s7 : 0000000000000000
[   24.933122]  s1 : 0000000000000001 a0 : 0000000000000005 a1 : 0000000000000004
[   24.932995] [<ffffffff801681a2>] multi_cpu_stop+0x1b8/0x24a
[   24.933881]  s8 : 0000000000000003 s9 : 0000000000000002 s10: ffffffff8181c880
[   24.933888] [<ffffffff80167912>] cpu_stopper_thread+0x180/0x262
[   24.935038]  s8 : 0000000000000003 s9 : 0000000000000002 s10: ffffffff8181c880
[   24.935079]  s11: 0000000000000000 t3 : 00000000000f39ec t4 : 0000023800000000
[   24.935121] [<ffffffff80167912>] cpu_stopper_thread+0x180/0x262
[   24.936151]  t5 : 0000000000000000 t6 : 000000000000001f
[   24.936246]  a2 : 0000000000000001 a3 : ffffffff801681d4 a4 : 0000000000000000
[   24.936781]  s11: 0000000000000000 t3 : 000000000010e815 t4 : 0000017600000000
[   24.936335] [<ffffffff80076376>] smpboot_thread_fn+0x1ce/0x34a
[   24.936856]  a5 : ffffffd9fef9c540 a6 : 0000000000f00000 a7 : 0000000000000001
[   24.936894] [<ffffffff80076376>] smpboot_thread_fn+0x1ce/0x34a
[   24.938107] status: 0000000200000120 badaddr: 0000000000000000 cause: 8000000000000005
[   24.938172]  s2 : 0000000000000001 s3 : ffffffc80060bc48 s4 : ffffffc80060bc6c
[   24.939784]  t5 : 0000000000000000 t6 : 000000000000001f
[   24.939683]  s5 : ffffffffffffffff s6 : ffffffff8294f958 s7 : 0000000000000000
[   24.939329] [<ffffffff8006e95c>] kthread+0x120/0x14a
[   24.939588] [<ffffffff8017f062>] write_comp_data+0x0/0x76
[   24.940387]  s8 : 0000000000000003 s9 : 0000000000000002 s10: ffffffff8181c880
[   24.940915] [<ffffffff8006e95c>] kthread+0x120/0x14a
[   24.942134] status: 0000000200000120 badaddr: 0000000000000000 cause: 8000000000000005
[   24.942158]  s11: 0000000000000000 t3 : 0000000000103099 t4 : 0000001100000000
[   24.941073] [<ffffffff80005406>] ret_from_fork+0xe/0x20
[   24.943691]  t5 : 000000000000001f t6 : 000000000000001f
[   24.943946] [<ffffffff80005406>] ret_from_fork+0xe/0x20
[   24.944075] status: 0000000200000120 badaddr: 0000000000000000 cause: 8000000000000005
[   24.943930] [<ffffffff801681d4>] multi_cpu_stop+0x1ea/0x24a
[   24.945987] [<ffffffff8017f062>] write_comp_data+0x0/0x76
[   24.946975] [<ffffffff80167912>] cpu_stopper_thread+0x180/0x262
[   24.947513] [<ffffffff801681c0>] multi_cpu_stop+0x1d6/0x24a
[   24.949001] [<ffffffff80076376>] smpboot_thread_fn+0x1ce/0x34a
[   24.950405] [<ffffffff801681d4>] multi_cpu_stop+0x1ea/0x24a
[   24.951903] [<ffffffff8006e95c>] kthread+0x120/0x14a
[   24.953383] [<ffffffff80167912>] cpu_stopper_thread+0x180/0x262
[   24.955017] [<ffffffff80167912>] cpu_stopper_thread+0x180/0x262
[   24.956582] [<ffffffff80076376>] smpboot_thread_fn+0x1ce/0x34a
[   24.956703] [<ffffffff80076376>] smpboot_thread_fn+0x1ce/0x34a
[   24.959093] [<ffffffff80005406>] ret_from_fork+0xe/0x20
[   24.959882] [<ffffffff8006e95c>] kthread+0x120/0x14a
[   24.961436] [<ffffffff8006e95c>] kthread+0x120/0x14a
[   24.964437] [<ffffffff80005406>] ret_from_fork+0xe/0x20
[   24.967467] [<ffffffff80005406>] ret_from_fork+0xe/0x20
[   32.573977] BUG: workqueue lockup - pool cpus=0-7 flags=0x4 nice=0 stuck for 30s!
[   32.576330] Showing busy workqueues and worker pools:
[   32.577455] workqueue events: flags=0x0
[   32.579081]   pwq 0: cpus=0 node=0 flags=0x0 nice=0 active=1/256 refcnt=2
[   32.580091]     pending: vmstat_shepherd
[   32.580930] workqueue events_unbound: flags=0x2
[   32.584040]   pwq 16: cpus=0-7 flags=0x4 nice=0 active=2/512 refcnt=4
[   32.584769]     pending: crng_reseed, flush_memcg_stats_dwork
[   32.585492] workqueue eval_map_wq: flags=0x2
[   32.588694]   pwq 16: cpus=0-7 flags=0x4 nice=0 active=1/256 refcnt=3
[   32.589368]     in-flight: 10:eval_map_work_func
[   32.590396] pool 16: cpus=0-7 flags=0x4 nice=0 hung=30s workers=2 idle: 55
[   49.450604] watchdog: BUG: soft lockup - CPU#1 stuck for 46s! [migration/1:19]
[   49.452109] Modules linked in:
[   49.452906] CPU: 1 PID: 19 Comm: migration/1 Tainted: G             L     6.4.0-0.0.0.1.oe2309.riscv64 #1
[   49.454679] Hardware name: riscv-virtio,qemu (DT)
[   49.455818] Stopper: multi_cpu_stop+0x0/0x24a <- stop_machine_cpuslocked+0x13a/0x194
[   49.457876] epc : __sanitizer_cov_trace_const_cmp4+0x20/0x28
[   49.459591]  ra : __sanitizer_cov_trace_const_cmp4+0x20/0x28
[   49.460940] epc : ffffffff8017f1c0 ra : ffffffff8017f1c0 sp : ffffffc8006d3d30
[   49.462247]  gp : ffffffff8293d9b0 tp : ffffffd880855400 t0 : 000000005bdb6a67
[   49.463194] watchdog: BUG: soft lockup - CPU#2 stuck for 46s! [migration/2:24]
[   49.464041]  t1 : 0000000000000001 t2 : ffffffffab6895b9 s0 : ffffffc8006d3d40
[   49.464302]  s1 : 0000000000000001 a0 : 0000000000000000 a1 : ffffffd880856400
[   49.465761]  a2 : 0000000000000000 a3 : 0000000000000003 a4 : ffffffd880856400
[   49.468492] Modules linked in:
[   49.469855] CPU: 2 PID: 24 Comm: migration/2 Tainted: G             L     6.4.0-0.0.0.1.oe2309.riscv64 #1
[   49.470641]  a5 : 0000000000000000 a6 : 0000000000f00000 a7 : 0000000000000001
[   49.470889]  s2 : 0000000000000001 s3 : ffffffc80060bc48 s4 : ffffffc80060bc6c
[   49.471341] watchdog: BUG: soft lockup - CPU#3 stuck for 46s! [migration/3:29]
[   49.472878] Hardware name: riscv-virtio,qemu (DT)
[   49.473032] Modules linked in:
[   49.474305]  s5 : ffffffffffffffff s6 : ffffffff8294f958 s7 : 0000000000000000
[   49.473019] Stopper: multi_cpu_stop+0x0/0x24a <- stop_machine_cpuslocked+0x13a/0x194
[   49.475781]  s8 : 0000000000000003 s9 : 0000000000000002 s10: ffffffff8181c880
[   49.477146] epc : multi_cpu_stop+0x1d6/0x24a
[   49.477238]  s11: 0000000000000000 t3 : 000000000019aff5 t4 : 000001cb00000000

[   49.478858]  t5 : 0000036000000000 t6 : ffffffff82874e76
[   49.478898] CPU: 3 PID: 29 Comm: migration/3 Tainted: G             L     6.4.0-0.0.0.1.oe2309.riscv64 #1
[   49.480283] status: 0000000200000120 badaddr: 0000000000000000 cause: 8000000000000005
[   49.481869] watchdog: BUG: soft lockup - CPU#4 stuck for 46s! [migration/4:34]
[   49.481841]  ra : multi_cpu_stop+0x1d6/0x24a
[   49.481448] [<ffffffff8017f1c0>] __sanitizer_cov_trace_const_cmp4+0x20/0x28
[   49.483381] Modules linked in:
[   49.484259] epc : ffffffff801681c0 ra : ffffffff801681c0 sp : ffffffc8006fbd40
[   49.484305] CPU: 4 PID: 34 Comm: migration/4 Tainted: G             L     6.4.0-0.0.0.1.oe2309.riscv64 #1
[   49.484345] [<ffffffff801681a2>] multi_cpu_stop+0x1b8/0x24a
[   49.485719]  gp : ffffffff8293d9b0 tp : ffffffd880863800 t0 : ffffffc800a6ba68
[   49.486218] Hardware name: riscv-virtio,qemu (DT)
[   49.486159] watchdog: BUG: soft lockup - CPU#5 stuck for 46s! [migration/5:39]
[   49.487248]  t1 : 0000000000000000 t2 : 0000000000000000 s0 : ffffffc8006fbdc0
[   49.488404] Modules linked in:
[   49.489204] Hardware name: riscv-virtio,qemu (DT)
[   49.489212]  s1 : 0000000000000001 a0 : 0000000000000000 a1 : 00000000000f0000
[   49.489304] CPU: 5 PID: 39 Comm: migration/5 Tainted: G             L     6.4.0-0.0.0.1.oe2309.riscv64 #1
[   49.487291] Stopper: multi_cpu_stop+0x0/0x24a <- stop_machine_cpuslocked+0x13a/0x194
[   49.490854] [<ffffffff80167912>] cpu_stopper_thread+0x180/0x262
[   49.489354] Stopper: multi_cpu_stop+0x0/0x24a <- stop_machine_cpuslocked+0x13a/0x194
[   49.492316]  a2 : ffffffff801681c0 a3 : 0000000000000002 a4 : ffffffd880864800
[   49.493383]  a5 : 0000000000000000 a6 : 0000000000f00000 a7 : 0000000000000001
[   49.493398] watchdog: BUG: soft lockup - CPU#6 stuck for 46s! [migration/6:44]
[   49.493443] epc : rcu_momentary_dyntick_idle+0x0/0x80
[   49.493483] [<ffffffff80076376>] smpboot_thread_fn+0x1ce/0x34a
[   49.494977] Modules linked in:
[   49.494944]  s2 : 0000000000000001 s3 : ffffffc80060bc48 s4 : ffffffc80060bc6c

[   49.495729] Hardware name: riscv-virtio,qemu (DT)
[   49.494957] epc : stop_machine_yield+0x10/0x20
[   49.495041]  ra : multi_cpu_stop+0x1de/0x24a
[   49.495805]  s5 : ffffffffffffffff s6 : ffffffff8294f958 s7 : 0000000000000000
[   49.495857] [<ffffffff8006e95c>] kthread+0x120/0x14a
[   49.497358]  s8 : 0000000000000003 s9 : 0000000000000002 s10: ffffffff8181c880
[   49.497439] epc : ffffffff800dec22 ra : ffffffff801681c8 sp : ffffffc80074bd40
[   49.497366]  ra : stop_machine_yield+0x10/0x20
[   49.495877] Stopper: multi_cpu_stop+0x0/0x24a <- stop_machine_cpuslocked+0x13a/0x194
[   49.499504]  gp : ffffffff8293d9b0 tp : ffffffd880877000 t0 : ffffffc800a73a68
[   49.499450] CPU: 6 PID: 44 Comm: migration/6 Tainted: G             L     6.4.0-0.0.0.1.oe2309.riscv64 #1
[   49.499599] epc : ffffffff80167fda ra : ffffffff80167fda sp : ffffffc800723d30
[   49.499473] [<ffffffff80005406>] ret_from_fork+0xe/0x20
[   49.500914]  t1 : ffffffff8180dae4 t2 : 0000000000000000 s0 : ffffffc80074bdc0
[   49.500933]  gp : ffffffff8293d9b0 tp : ffffffd880865400 t0 : ffffffc800a63a68
[   49.500996] Hardware name: riscv-virtio,qemu (DT)
[   49.502406]  t1 : 0000000000000000 t2 : 0000000000000000 s0 : ffffffc800723d40
[   49.502355] epc : rcu_momentary_dyntick_idle+0x0/0x80
[   49.502422]  s1 : 0000000000000001 a0 : 0000000000000000 a1 : 00000000000f0000
[   49.503350] watchdog: BUG: soft lockup - CPU#7 stuck for 46s! [migration/7:49]
[   49.503454]  s1 : 0000000000000001 a0 : ffffffff8294f958 a1 : 00000000000f0000
[   49.502342] Stopper: multi_cpu_stop+0x0/0x24a <- stop_machine_cpuslocked+0x13a/0x194
[   49.504966] Modules linked in:
[   49.504905]  s11: 0000000000000000 t3 : 00000000000f5104 t4 : 0000025d00000000
[   49.504284]  ra : multi_cpu_stop+0x1de/0x24a

[   49.505056]  a2 : ffffffff80167fda a3 : 0000000000000002 a4 : ffffffd880866400
[   49.505273] CPU: 7 PID: 49 Comm: migration/7 Tainted: G             L     6.4.0-0.0.0.1.oe2309.riscv64 #1
[   49.506375]  a5 : 0000000000000000 a6 : 0000000000f00000 a7 : 0000000000000001
[   49.506381] epc : ffffffff800dec22 ra : ffffffff801681c8 sp : ffffffc800773d40
[   49.506771]  a2 : ffffffff801681c0 a3 : 0000000000000002 a4 : ffffffd880878000
[   49.507083]  s2 : 0000000000000001 s3 : ffffffc80060bc48 s4 : ffffffc80060bc6c
[   49.507549]  t5 : 0000000000000000 t6 : 000000000000001f
[   49.507617] Hardware name: riscv-virtio,qemu (DT)
[   49.506932] epc : write_comp_data+0x0/0x76
[   49.507604]  a5 : 0000000000000000 a6 : 0000000000f00000 a7 : 0000000000000000
[   49.508483]  s5 : ffffffffffffffff s6 : ffffffff8294f958 s7 : 0000000000000000
[   49.508754]  gp : ffffffff8293d9b0 tp : ffffffd880944600 t0 : ffffffc800a5ba68
[   49.508779]  s2 : 0000000000000001 s3 : ffffffc80060bc48 s4 : ffffffc80060bc6c
[   49.508787]  ra : __sanitizer_cov_trace_const_cmp4+0x20/0x28
[   49.508035] Stopper: multi_cpu_stop+0x0/0x24a <- stop_machine_cpuslocked+0x13a/0x194
[   49.510013]  t1 : 0000000000000000 t2 : 7974203a74696475 s0 : ffffffc800773dc0
[   49.510390]  s5 : ffffffffffffffff s6 : ffffffff8294f958 s7 : 0000000000000000
[   49.510385] status: 0000000200000120 badaddr: 0000000000000000 cause: 8000000000000005
[   49.510558] epc : ffffffff8017f062 ra : ffffffff8017f1c0 sp : ffffffc80079bd30
[   49.512309]  s8 : 0000000000000003 s9 : 0000000000000002 s10: ffffffff8181c880
[   49.512319]  s8 : 0000000000000003 s9 : 0000000000000002 s10: ffffffff8181c880
[   49.511890] [<ffffffff801681c0>] multi_cpu_stop+0x1d6/0x24a
[   49.512455]  gp : ffffffff8293d9b0 tp : ffffffd880943800 t0 : ffffffc800a4ba68
[   49.513913]  s1 : 0000000000000001 a0 : 0000000000000000 a1 : 00000000000f0000
[   49.512465] epc : __sanitizer_cov_trace_const_cmp4+0x20/0x28
[   49.513970]  s11: 0000000000000000 t3 : 00000000fa83b2da t4 : 0000000000000004
[   49.514047]  t1 : 0000000000000000 t2 : 0000000000000000 s0 : ffffffc80079bd40
[   49.515234]  a2 : ffffffff801681c0 a3 : 0000000000000002 a4 : ffffffd880945600
[   49.515289]  t5 : 0000000000000000 t6 : 000000000000001f
[   49.515351]  s1 : 0000000000000001 a0 : 0000000000000005 a1 : 0000000000000004
[   49.515295] [<ffffffff80167912>] cpu_stopper_thread+0x180/0x262
[   49.516793]  s11: 0000000000000000 t3 : 000000000012f978 t4 : 0000007000000000
[   49.516807] status: 0000000200000120 badaddr: 0000000000000000 cause: 8000000000000005
[   49.516824]  a5 : 0000000000000000 a6 : 0000000000f00000 a7 : 0000000000000001
[   49.516947]  a2 : 0000000000000001 a3 : ffffffff801681d4 a4 : 0000000000000000
[   49.518190]  s2 : 0000000000000001 s3 : ffffffc80060bc48 s4 : ffffffc80060bc6c
[   49.518513]  a5 : ffffffd9fef7f540 a6 : 0000000000f00000 a7 : 0000000000000001
[   49.518467] [<ffffffff800dec22>] rcu_momentary_dyntick_idle+0x0/0x80
[   49.518455]  ra : __sanitizer_cov_trace_const_cmp4+0x20/0x28
[   49.518535] [<ffffffff80076376>] smpboot_thread_fn+0x1ce/0x34a
[   49.519949]  t5 : 0000003d00000000 t6 : 000000000000001f
[   49.520005]  s2 : 0000000000000001 s3 : ffffffc80060bc48 s4 : ffffffc80060bc6c
[   49.521454]  s5 : ffffffffffffffff s6 : ffffffff8294f958 s7 : 0000000000000000
[   49.521487] epc : ffffffff8017f1c0 ra : ffffffff8017f1c0 sp : ffffffc8007c3d30
[   49.521544]  s5 : ffffffffffffffff s6 : ffffffff8294f958 s7 : 0000000000000000
[   49.521459] [<ffffffff80167912>] cpu_stopper_thread+0x180/0x262
[   49.521505] [<ffffffff8006e95c>] kthread+0x120/0x14a
[   49.522658]  s8 : 0000000000000003 s9 : 0000000000000002 s10: ffffffff8181c880
[   49.522685]  gp : ffffffff8293d9b0 tp : ffffffd88094f000 t0 : ffffffc80067b8d8
[   49.522723]  s8 : 0000000000000003 s9 : 0000000000000002 s10: ffffffff8181c880
[   49.523918]  s11: 0000000000000000 t3 : 000000000010e815 t4 : 0000017600000000
[   49.523958]  s11: 0000000000000000 t3 : 00000000000f39ec t4 : 0000023800000000
[   49.523982]  t1 : 0000000000000001 t2 : 0000000000000000 s0 : ffffffc8007c3d40
[   49.524020] [<ffffffff80076376>] smpboot_thread_fn+0x1ce/0x34a
[   49.524777]  t5 : 0000000000000000 t6 : 000000000000001f
[   49.524034] [<ffffffff80005406>] ret_from_fork+0xe/0x20
[   49.524781]  t5 : 0000000000000000 t6 : 000000000000001f
[   49.524803]  s1 : 0000000000000001 a0 : 0000000000000000 a1 : ffffffd880950000
[   49.526197] status: 0000000200000120 badaddr: 0000000000000000 cause: 8000000000000005
[   49.526188] status: 0000000200000120 badaddr: 0000000000000000 cause: 8000000000000005
[   49.526692]  a2 : 0000000000000000 a3 : 0000000000000003 a4 : 0000000000000000
[   49.526690] [<ffffffff8006e95c>] kthread+0x120/0x14a
[   49.527732] status: 0000000200000120 badaddr: 0000000000000000 cause: 8000000000000005
[   49.527790]  a5 : 0000000000000000 a6 : 0000000000f00000 a7 : 0000000000000001
[   49.527704] [<ffffffff8017f062>] write_comp_data+0x0/0x76
[   49.528853]  s2 : 0000000000000001 s3 : ffffffc80060bc48 s4 : ffffffc80060bc6c
[   49.528803] [<ffffffff80167fda>] stop_machine_yield+0x10/0x20
[   49.528889] [<ffffffff80005406>] ret_from_fork+0xe/0x20
[   49.529817] [<ffffffff801681d4>] multi_cpu_stop+0x1ea/0x24a
[   49.531161] [<ffffffff800dec22>] rcu_momentary_dyntick_idle+0x0/0x80
[   49.532310]  s5 : ffffffffffffffff s6 : ffffffff8294f958 s7 : 0000000000000000
[   49.533858]  s8 : 0000000000000003 s9 : 0000000000000002 s10: ffffffff8181c880
[   49.533475] [<ffffffff80167912>] cpu_stopper_thread+0x180/0x262
[   49.533868] [<ffffffff80168096>] multi_cpu_stop+0xac/0x24a
[   49.535393] [<ffffffff80167912>] cpu_stopper_thread+0x180/0x262
[   49.536482] [<ffffffff80076376>] smpboot_thread_fn+0x1ce/0x34a
[   49.536459] [<ffffffff80167912>] cpu_stopper_thread+0x180/0x262
[   49.538118] [<ffffffff80076376>] smpboot_thread_fn+0x1ce/0x34a
[   49.539653] [<ffffffff8006e95c>] kthread+0x120/0x14a
[   49.539716] [<ffffffff80076376>] smpboot_thread_fn+0x1ce/0x34a
[   49.541463] [<ffffffff8006e95c>] kthread+0x120/0x14a
[   49.542936] [<ffffffff80005406>] ret_from_fork+0xe/0x20
[   49.542969] [<ffffffff8006e95c>] kthread+0x120/0x14a
[   49.545522]  s11: 0000000000000000 t3 : 0000000000103099 t4 : 0000001100000000
[   49.545613] [<ffffffff80005406>] ret_from_fork+0xe/0x20
[   49.547023] [<ffffffff80005406>] ret_from_fork+0xe/0x20
[   49.549368]  t5 : 000000000000001f t6 : 000000000000001f
[   49.651753] status: 0000000200000120 badaddr: 0000000000000000 cause: 8000000000000005
[   49.653321] [<ffffffff8017f1c0>] __sanitizer_cov_trace_const_cmp4+0x20/0x28
[   49.654957] [<ffffffff801681d4>] multi_cpu_stop+0x1ea/0x24a
[   49.656693] [<ffffffff80167912>] cpu_stopper_thread+0x180/0x262
[   49.658546] [<ffffffff80076376>] smpboot_thread_fn+0x1ce/0x34a
[   49.659993] [<ffffffff8006e95c>] kthread+0x120/0x14a
[   49.661592] [<ffffffff80005406>] ret_from_fork+0xe/0x20
[   57.638824] watchdog: BUG: soft lockup - CPU#0 stuck for 53s! [kworker/u16:0:10]
[   57.640772] Modules linked in:
[   57.641562] CPU: 0 PID: 10 Comm: kworker/u16:0 Tainted: G             L     6.4.0-0.0.0.1.oe2309.riscv64 #1
[   57.643503] Hardware name: riscv-virtio,qemu (DT)
[   57.644461] Workqueue: eval_map_wq eval_map_work_func
[   57.645842] epc : write_comp_data+0x28/0x76
[   57.646988]  ra : write_comp_data+0x28/0x76
[   57.648124] epc : ffffffff8017f08a ra : ffffffff8017f08a sp : ffffffc800653c70
[   57.649439]  gp : ffffffff8293d9b0 tp : ffffffd880845400 t0 : 0000000000000047
[   57.650755]  t1 : 0000000000000042 t2 : 0000000000000008 s0 : ffffffc800653cb0
[   57.652476]  s1 : ffffffd880845400 a0 : 0000000000000000 a1 : ffffffd880846400
[   57.653781]  a2 : 0000000000000000 a3 : 0000000000000003 a4 : ffffffd880846400
[   57.655073]  a5 : 0000000000000000 a6 : 0000000000f00000 a7 : 0000000000000030
[   57.656364]  s2 : ffffffff801ed12e s3 : 0000000000000001 s4 : 0000000000000000
[   57.657652]  s5 : 0000000000000001 s6 : ffffffff81610188 s7 : 000000000000000d
[   57.658943]  s8 : ffffffff82826481 s9 : ffffffff82200808 s10: ffffffff827bb5a8
[   57.660254]  s11: ffffffff81610188 t3 : ffffffff82826eb6 t4 : ffffffff82826eb6
[   57.661564]  t5 : ffffffff828267b8 t6 : ffffffff82826eb0
[   57.662597] status: 0000000200000120 badaddr: 0000000000000000 cause: 8000000000000005
[   57.664170] [<ffffffff8017f08a>] write_comp_data+0x28/0x76
[   57.665814] [<ffffffff8017f178>] __sanitizer_cov_trace_const_cmp1+0x18/0x20
[   57.667370] [<ffffffff801ed12e>] update_event_printk+0x208/0x376
[   57.668853] [<ffffffff801f3ea6>] trace_event_eval_update+0x11c/0x176
[   57.670438] [<ffffffff8141a180>] eval_map_work_func+0x50/0x64
[   57.671920] [<ffffffff80060a5c>] process_one_work+0x37c/0x700
[   57.673413] [<ffffffff80061592>] worker_thread+0x98/0x752
[   57.674882] [<ffffffff8006e95c>] kthread+0x120/0x14a
[   57.676200] [<ffffffff80005406>] ret_from_fork+0xe/0x20
[   62.263763] rcu: INFO: rcu_sched self-detected stall on CPU
[   62.265142] rcu: 	0-...!: (14999 ticks this GP) idle=0294/1/0x4000000000000000 softirq=92/92 fqs=17
[   62.267252] rcu: 	(t=15000 jiffies g=-1095 q=174 ncpus=8)
[   62.268512] rcu: rcu_sched kthread starved for 14963 jiffies! g-1095 f0x0 RCU_GP_WAIT_FQS(5) ->state=0x0 ->cpu=5
[   62.270740] rcu: 	Unless rcu_sched kthread gets sufficient CPU time, OOM is now expected behavior.
[   62.272158] rcu: RCU grace-period kthread stack dump:
[   62.273178] task:rcu_sched       state:R  running task     stack:0     pid:15    ppid:2      flags:0x00000000
[   62.275270] Call Trace:
[   62.275981] [<ffffffff8139cabc>] __schedule+0x25c/0x76e
[   62.277319] [<ffffffff8139d024>] schedule+0x56/0xe0
[   62.278789] [<ffffffff813a36ba>] schedule_timeout+0xc6/0x228
[   62.280259] [<ffffffff800dc872>] rcu_gp_fqs_loop+0x324/0x3c8
[   62.281805] [<ffffffff800e00b6>] rcu_gp_kthread+0x126/0x14e
[   62.283101] [<ffffffff8006e95c>] kthread+0x120/0x14a
[   62.284428] [<ffffffff80005406>] ret_from_fork+0xe/0x20
[   62.285891] rcu: Stack dump where RCU GP kthread last ran:
[   62.286896] Task dump for CPU 5:
[   62.287659] task:migration/5     state:R  running task     stack:0     pid:39    ppid:2      flags:0x00000000
[   62.289554] Stopper: multi_cpu_stop+0x0/0x24a <- stop_machine_cpuslocked+0x13a/0x194
[   62.291611] Call Trace:
[   62.292249] [<ffffffff8139cabc>] __schedule+0x25c/0x76e
[   62.293804] CPU: 0 PID: 10 Comm: kworker/u16:0 Tainted: G             L     6.4.0-0.0.0.1.oe2309.riscv64 #1
[   62.295572] Hardware name: riscv-virtio,qemu (DT)
[   62.296527] Workqueue: eval_map_wq eval_map_work_func
[   62.297888] epc : update_event_printk+0x9c/0x376
[   62.299137]  ra : update_event_printk+0x9c/0x376
[   62.300369] epc : ffffffff801ecfc2 ra : ffffffff801ecfc2 sp : ffffffc800653cc0
[   62.301706]  gp : ffffffff8293d9b0 tp : ffffffd880845400 t0 : 000000000000004e
[   62.303020]  t1 : 0000000000000052 t2 : 0000000000000000 s0 : ffffffc800653d10
[   62.304315]  s1 : ffffffff8282f6c2 a0 : 0000000000000000 a1 : ffffffd880846400
[   62.305643]  a2 : 0000000000000000 a3 : 0000000000000003 a4 : ffffffd880846400
[   62.307248]  a5 : 0000000000000000 a6 : 0000000000f00000 a7 : 0000000000000010
[   62.308559]  s2 : 0000000000000020 s3 : 0000000000000000 s4 : ffffffff8198cd58
[   62.309870]  s5 : 0000000000000000 s6 : ffffffff8160fc48 s7 : 0000000000000014
[   62.311174]  s8 : ffffffff8282f6af s9 : ffffffff82200808 s10: ffffffff827bb5a8
[   62.312486]  s11: ffffffff8160fc48 t3 : ffffffff82825823 t4 : ffffffff82825823
[   62.313822]  t5 : ffffffff82824978 t6 : ffffffff82825820
[   62.314866] status: 0000000200000120 badaddr: 0000000000000000 cause: 8000000000000005
[   62.316252] [<ffffffff801ecfc2>] update_event_printk+0x9c/0x376
[   62.317744] [<ffffffff801f3ea6>] trace_event_eval_update+0x11c/0x176
[   62.319343] [<ffffffff8141a180>] eval_map_work_func+0x50/0x64
[   62.320847] [<ffffffff80060a5c>] process_one_work+0x37c/0x700
[   62.322374] [<ffffffff80061592>] worker_thread+0x98/0x752
[   62.323847] [<ffffffff8006e95c>] kthread+0x120/0x14a
[   62.325178] [<ffffffff80005406>] ret_from_fork+0xe/0x20
[   74.152762] watchdog: BUG: soft lockup - CPU#1 stuck for 69s! [migration/1:19]
[   74.154296] Modules linked in:
[   74.155120] CPU: 1 PID: 19 Comm: migration/1 Tainted: G             L     6.4.0-0.0.0.1.oe2309.riscv64 #1
[   74.156967] Hardware name: riscv-virtio,qemu (DT)
[   74.157931] Stopper: multi_cpu_stop+0x0/0x24a <- stop_machine_cpuslocked+0x13a/0x194
[   74.160037] epc : check_kcov_mode+0x46/0x5e
[   74.161404]  ra : write_comp_data+0x28/0x76
[   74.162562] epc : ffffffff8017f006 ra : ffffffff8017f08a sp : ffffffc8006d3ce0
[   74.163919]  gp : ffffffff8293d9b0 tp : ffffffd880855400 t0 : 000000005bdb6a67
[   74.165320]  t1 : 0000000000000001 t2 : ffffffffab6895b9 s0 : ffffffc8006d3cf0
[   74.165465] watchdog: BUG: soft lockup - CPU#2 stuck for 69s! [migration/2:24]
[   74.167007]  s1 : ffffffd880855400 a0 : 0000000000000003 a1 : ffffffd880855400
[   74.168560]  a2 : 0000000000000000 a3 : 0000000000000003 a4 : 0000000000000000
[   74.170205] Modules linked in:
[   74.171443] CPU: 2 PID: 24 Comm: migration/2 Tainted: G             L     6.4.0-0.0.0.1.oe2309.riscv64 #1
[   74.172408]  a5 : 0000000000000000 a6 : 0000000000f00000 a7 : 0000000000000001
[   74.172673]  s2 : ffffffff801681d4 s3 : 0000000000000001 s4 : 0000000000000004
[   74.174685] Hardware name: riscv-virtio,qemu (DT)
[   74.174290] watchdog: BUG: soft lockup - CPU#3 stuck for 69s! [migration/3:29]
[   74.176178]  s5 : 0000000000000005 s6 : ffffffff8294f958 s7 : 0000000000000000
[   74.174829] Stopper: multi_cpu_stop+0x0/0x24a <- stop_machine_cpuslocked+0x13a/0x194
[   74.177710]  s8 : 0000000000000003 s9 : 0000000000000002 s10: ffffffff8181c880
[   74.178877]  s11: 0000000000000000 t3 : 000000000019aff5 t4 : 000001cb00000000
[   74.180259] Modules linked in:
[   74.180506] CPU: 3 PID: 29 Comm: migration/3 Tainted: G             L     6.4.0-0.0.0.1.oe2309.riscv64 #1
[   74.180393]  t5 : 0000036000000000 t6 : ffffffff82874e76
[   74.181865] status: 0000000200000120 badaddr: 0000000000000000 cause: 8000000000000005
[   74.183409] watchdog: BUG: soft lockup - CPU#4 stuck for 69s! [migration/4:34]
[   74.183412] epc : check_kcov_mode+0x46/0x5e
[   74.183462] [<ffffffff8017f006>] check_kcov_mode+0x46/0x5e
[   74.185064] Modules linked in:
[   74.186353] Hardware name: riscv-virtio,qemu (DT)
[   74.186453] CPU: 4 PID: 34 Comm: migration/4 Tainted: G             L     6.4.0-0.0.0.1.oe2309.riscv64 #1
[   74.186762] [<ffffffff8017f08a>] write_comp_data+0x28/0x76
[   74.186497] Stopper: multi_cpu_stop+0x0/0x24a <- stop_machine_cpuslocked+0x13a/0x194
[   74.189281] Hardware name: riscv-virtio,qemu (DT)
[   74.189467] [<ffffffff8017f1c0>] __sanitizer_cov_trace_const_cmp4+0x20/0x28
[   74.191997] watchdog: BUG: soft lockup - CPU#5 stuck for 69s! [migration/5:39]
[   74.192015] epc : check_kcov_mode+0x46/0x5e
[   74.193594] Modules linked in:
[   74.190365] Stopper: multi_cpu_stop+0x0/0x24a <- stop_machine_cpuslocked+0x13a/0x194

[   74.193499]  ra : write_comp_data+0x28/0x76
[   74.194247] CPU: 5 PID: 39 Comm: migration/5 Tainted: G             L     6.4.0-0.0.0.1.oe2309.riscv64 #1
[   74.194556] [<ffffffff801681d4>] multi_cpu_stop+0x1ea/0x24a
[   74.195761] epc : ffffffff8017f006 ra : ffffffff8017f08a sp : ffffffc8006fbce0
[   74.196561] Hardware name: riscv-virtio,qemu (DT)
[   74.196546] watchdog: BUG: soft lockup - CPU#6 stuck for 69s! [migration/6:44]
[   74.196530] epc : write_comp_data+0x0/0x76
[   74.196634]  gp : ffffffff8293d9b0 tp : ffffffd880863800 t0 : ffffffc800a6ba68
[   74.197575]  ra : write_comp_data+0x28/0x76
[   74.199583]  t1 : 0000000000000000 t2 : 0000000000000000 s0 : ffffffc8006fbcf0
[   74.197567] Stopper: multi_cpu_stop+0x0/0x24a <- stop_machine_cpuslocked+0x13a/0x194
[   74.199596] [<ffffffff80167912>] cpu_stopper_thread+0x180/0x262
[   74.199635]  ra : __sanitizer_cov_trace_cmp4+0x20/0x28
[   74.201029] Modules linked in:
[   74.200669]  s1 : ffffffd880863800 a0 : 0000000000000003 a1 : ffffffd880863800

[   74.202708]  a2 : 0000000000000000 a3 : 0000000000000003 a4 : ffffffd880864800
[   74.202704] epc : ffffffff8017f006 ra : ffffffff8017f08a sp : ffffffc800723ce0
[   74.202721] epc : ffffffff8017f062 ra : ffffffff8017f138 sp : ffffffc80074bd30
[   74.202832] epc : write_comp_data+0x0/0x76
[   74.202803] [<ffffffff80076376>] smpboot_thread_fn+0x1ce/0x34a
[   74.203906]  a5 : 0000000000000000 a6 : 0000000000f00000 a7 : 0000000000000001
[   74.203900]  gp : ffffffff8293d9b0 tp : ffffffd880877000 t0 : ffffffc800a73a68
[   74.203935]  gp : ffffffff8293d9b0 tp : ffffffd880865400 t0 : ffffffc800a63a68
[   74.205302] watchdog: BUG: soft lockup - CPU#7 stuck for 69s! [migration/7:49]
[   74.205377]  s2 : ffffffff801680a8 s3 : 0000000000000001 s4 : 0000000000000001
[   74.205384]  t1 : ffffffff8180dae4 t2 : 0000000000000000 s0 : ffffffc80074bd40
[   74.205311]  ra : __sanitizer_cov_trace_cmp4+0x20/0x28
[   74.206881] Modules linked in:
[   74.206756] CPU: 6 PID: 44 Comm: migration/6 Tainted: G             L     6.4.0-0.0.0.1.oe2309.riscv64 #1

[   74.206738] [<ffffffff8006e95c>] kthread+0x120/0x14a
[   74.207349]  s1 : 0000000000000001 a0 : 0000000000000004 a1 : 0000000000000001
[   74.207716]  t1 : 0000000000000000 t2 : 0000000000000000 s0 : ffffffc800723cf0
[   74.207825] epc : ffffffff8017f062 ra : ffffffff8017f138 sp : ffffffc800773d30
[   74.208634] Hardware name: riscv-virtio,qemu (DT)
[   74.207845] CPU: 7 PID: 49 Comm: migration/7 Tainted: G             L     6.4.0-0.0.0.1.oe2309.riscv64 #1
[   74.208615]  s5 : 0000000000000004 s6 : ffffffff8294f958 s7 : 0000000000000000
[   74.208678]  s1 : ffffffd880865400 a0 : 0000000000000003 a1 : ffffffd880865400
[   74.208762]  gp : ffffffff8293d9b0 tp : ffffffd880944600 t0 : ffffffc800a5ba68
[   74.208728] [<ffffffff80005406>] ret_from_fork+0xe/0x20
[   74.210301] Hardware name: riscv-virtio,qemu (DT)
[   74.210255]  s8 : 0000000000000003 s9 : 0000000000000002 s10: ffffffff8181c880
[   74.210346]  a2 : 0000000000000000 a3 : 0000000000000003 a4 : ffffffd880866400
[   74.210367]  t1 : 0000000000000000 t2 : 7974203a74696475 s0 : ffffffc800773d40
[   74.208771] Stopper: multi_cpu_stop+0x0/0x24a <- stop_machine_cpuslocked+0x13a/0x194
[   74.210861]  s11: 0000000000000000 t3 : 00000000000f5104 t4 : 0000025d00000000
[   74.211750]  a5 : 0000000000000000 a6 : 0000000000f00000 a7 : 0000000000000001
[   74.211771]  s1 : 0000000000000001 a0 : 0000000000000004 a1 : 0000000000000001
[   74.210789] Stopper: multi_cpu_stop+0x0/0x24a <- stop_machine_cpuslocked+0x13a/0x194
[   74.212880]  a2 : 0000000000000001 a3 : ffffffff801680a8 a4 : ffffffd880945600
[   74.213080]  s2 : ffffffff801680a8 s3 : 0000000000000001 s4 : 0000000000000001
[   74.213794]  a2 : 0000000000000001 a3 : ffffffff801680a8 a4 : ffffffd880878000
[   74.213880] epc : multi_cpu_stop+0x1de/0x24a
[   74.214864]  s5 : 0000000000000004 s6 : ffffffff8294f958 s7 : 0000000000000000
[   74.215091]  t5 : 0000000000000000 t6 : 000000000000001f
[   74.215164]  a5 : ffffffffffffffff a6 : 0000000000f00000 a7 : 0000000000000000
[   74.215271] epc : write_comp_data+0x28/0x76
[   74.215502] status: 0000000200000120 badaddr: 0000000000000000 cause: 8000000000000005
[   74.216679]  a5 : ffffffffffffffff a6 : 0000000000f00000 a7 : 0000000000000001
[   74.216638]  ra : multi_cpu_stop+0x1de/0x24a
[   74.216775]  s2 : 0000000000000001 s3 : ffffffc80060bc48 s4 : ffffffc80060bc6c
[   74.217809]  s8 : 0000000000000003 s9 : 0000000000000002 s10: ffffffff8181c880
[   74.217836]  s2 : 0000000000000001 s3 : ffffffc80060bc48 s4 : ffffffc80060bc6c
[   74.217845]  ra : write_comp_data+0x28/0x76
[   74.217955]  s5 : ffffffffffffffff s6 : ffffffff8294f958 s7 : 0000000000000000
[   74.219373]  s11: 0000000000000000 t3 : 000000000012f978 t4 : 0000007000000000
[   74.219378]  s5 : ffffffffffffffff s6 : ffffffff8294f958 s7 : 0000000000000000
[   74.219931]  t5 : 0000003d00000000 t6 : 000000000000001f
[   74.220003]  s8 : 0000000000000003 s9 : 0000000000000002 s10: ffffffff8181c880
[   74.219867] epc : ffffffff8017f08a ra : ffffffff8017f08a sp : ffffffc8007c3cf0
[   74.219374] [<ffffffff8017f006>] check_kcov_mode+0x46/0x5e
[   74.220764] status: 0000000200000120 badaddr: 0000000000000000 cause: 8000000000000005
[   74.220792] epc : ffffffff801681c8 ra : ffffffff801681c8 sp : ffffffc80079bd40
[   74.220807]  gp : ffffffff8293d9b0 tp : ffffffd88094f000 t0 : ffffffc80067b8d8
[   74.220836]  s11: 0000000000000000 t3 : 000000000010e815 t4 : 0000017600000000
[   74.222274]  s8 : 0000000000000003 s9 : 0000000000000002 s10: ffffffff8181c880
[   74.222327]  t5 : 0000000000000000 t6 : 000000000000001f
[   74.222295]  gp : ffffffff8293d9b0 tp : ffffffd880943800 t0 : ffffffc800a4ba68
[   74.222319]  t1 : 0000000000000001 t2 : 0000000000000000 s0 : ffffffc8007c3d30
[   74.222278] [<ffffffff8017f006>] check_kcov_mode+0x46/0x5e
[   74.223383]  t1 : 0000000000000000 t2 : 0000000000000000 s0 : ffffffc80079bdc0
[   74.223313]  s1 : ffffffd88094f000 a0 : 0000000000000000 a1 : ffffffd880950000
[   74.223459]  s11: 0000000000000000 t3 : 00000000fa83b2da t4 : 0000000000000004
[   74.224947] status: 0000000200000120 badaddr: 0000000000000000 cause: 8000000000000005
[   74.224982]  a2 : 0000000000000000 a3 : 0000000000000003 a4 : ffffffd880950000
[   74.225022]  t5 : 0000000000000000 t6 : 000000000000001f
[   74.226414] status: 0000000200000120 badaddr: 0000000000000000 cause: 8000000000000005
[   74.226649]  s1 : 0000000000000001 a0 : 0000000000000000 a1 : 00000000000f0000
[   74.226575]  a5 : 0000000000000000 a6 : 0000000000f00000 a7 : 0000000000000001
[   74.227865]  s2 : ffffffff801681a2 s3 : 0000000000000001 s4 : 0000000000000001
[   74.227695] [<ffffffff8017f062>] write_comp_data+0x0/0x76
[   74.228187] [<ffffffff8017f062>] write_comp_data+0x0/0x76
[   74.228384]  s5 : 0000000000000005 s6 : ffffffff8294f958 s7 : 0000000000000000
[   74.230210]  s8 : 0000000000000003 s9 : 0000000000000002 s10: ffffffff8181c880
[   74.230215]  a2 : ffffffff801681c0 a3 : ffffffff82a74cb8 a4 : 0000000000000000
[   74.230285] [<ffffffff801680a8>] multi_cpu_stop+0xbe/0x24a
[   74.231737]  a5 : ffffffd9fef7f540 a6 : 0000000000f00000 a7 : 0000000000000001
[   74.231732] [<ffffffff801680a8>] multi_cpu_stop+0xbe/0x24a
[   74.232372]  s2 : 0000000000000001 s3 : ffffffc80060bc48 s4 : ffffffc80060bc6c
[   74.233565]  s5 : ffffffffffffffff s6 : ffffffff8294f958 s7 : 0000000000000000
[   74.234150]  s11: 0000000000000000 t3 : 0000000000103099 t4 : 0000001100000000
[   74.234197] [<ffffffff80167912>] cpu_stopper_thread+0x180/0x262
[   74.235703]  t5 : 000000000000001f t6 : 000000000000001f
[   74.235649] [<ffffffff80167912>] cpu_stopper_thread+0x180/0x262
[   74.237185]  s8 : 0000000000000003 s9 : 0000000000000002 s10: ffffffff8181c880
[   74.237264] [<ffffffff80076376>] smpboot_thread_fn+0x1ce/0x34a
[   74.238332] status: 0000000200000120 badaddr: 0000000000000000 cause: 8000000000000005
[   74.238412] [<ffffffff80076376>] smpboot_thread_fn+0x1ce/0x34a
[   74.239633] [<ffffffff8017f08a>] write_comp_data+0x28/0x76
[   74.239699] [<ffffffff8006e95c>] kthread+0x120/0x14a
[   74.241253] [<ffffffff8006e95c>] kthread+0x120/0x14a
[   74.242787]  s11: 0000000000000000 t3 : 00000000000f39ec t4 : 0000023800000000
[   74.242925] [<ffffffff80005406>] ret_from_fork+0xe/0x20
[   74.244380] [<ffffffff8017f1c0>] __sanitizer_cov_trace_const_cmp4+0x20/0x28
[   74.244421] [<ffffffff80005406>] ret_from_fork+0xe/0x20
[   74.247469]  t5 : 0000000000000000 t6 : 000000000000001f
[   74.247492] [<ffffffff801681a2>] multi_cpu_stop+0x1b8/0x24a
[   74.249721] [<ffffffff80167912>] cpu_stopper_thread+0x180/0x262
[   74.252807] [<ffffffff80076376>] smpboot_thread_fn+0x1ce/0x34a
[   74.255875] status: 0000000200000120 badaddr: 0000000000000000 cause: 8000000000000005
[   74.257428] [<ffffffff801681c8>] multi_cpu_stop+0x1de/0x24a
[   74.260040] [<ffffffff80167912>] cpu_stopper_thread+0x180/0x262
[   74.263488] [<ffffffff80076376>] smpboot_thread_fn+0x1ce/0x34a
[   74.266435] [<ffffffff8006e95c>] kthread+0x120/0x14a
[   74.268759] [<ffffffff80005406>] ret_from_fork+0xe/0x20
[   74.362388] [<ffffffff8006e95c>] kthread+0x120/0x14a
[   74.363795] [<ffffffff80005406>] ret_from_fork+0xe/0x20
[   85.924134] clocksource: Switched to clocksource riscv_clocksource
[   88.542316] VFS: Disk quotas dquot_6.6.0
[   88.545058] VFS: Dquot-cache hash table entries: 512 (order 0, 4096 bytes)
[   88.563268] AppArmor: AppArmor Filesystem Enabled
[   88.713696] NET: Registered PF_INET protocol family
[   88.718647] IP idents hash table entries: 131072 (order: 8, 1048576 bytes, linear)
[   88.817110] tcp_listen_portaddr_hash hash table entries: 4096 (order: 4, 65536 bytes, linear)
[   88.819877] Table-perturb hash table entries: 65536 (order: 6, 262144 bytes, linear)
[   88.821396] TCP established hash table entries: 65536 (order: 7, 524288 bytes, linear)
[   88.838098] TCP bind hash table entries: 65536 (order: 9, 2097152 bytes, linear)
[   88.858105] TCP: Hash tables configured (established 65536 bind 65536)
[   88.862680] UDP hash table entries: 4096 (order: 5, 131072 bytes, linear)
[   88.866662] UDP-Lite hash table entries: 4096 (order: 5, 131072 bytes, linear)
[   88.875929] NET: Registered PF_UNIX/PF_LOCAL protocol family
[   88.887864] RPC: Registered named UNIX socket transport module.
[   88.888980] RPC: Registered udp transport module.
[   88.889818] RPC: Registered tcp transport module.
[   88.890636] RPC: Registered tcp NFSv4.1 backchannel transport module.
[   88.891947] PCI: CLS 0 bytes, default 64
[   88.943066] Initialise system trusted keyrings
[   88.948701] Key type blacklist registered
[   88.952455] workingset: timestamp_bits=39 max_order=21 bucket_order=0
[   88.954683] zbud: loaded
[   88.974488] NFS: Registering the id_resolver key type
[   88.976035] Key type id_resolver registered
[   88.976857] Key type id_legacy registered
[   88.978681] nfs4filelayout_init: NFSv4 File Layout Driver Registering...
[   88.982844] 9p: Installing v9fs 9p2000 file system support
[   88.993550] integrity: Platform Keyring initialized
[   89.217220] NET: Registered PF_ALG protocol family
[   89.218585] Key type asymmetric registered
[   89.219847] Asymmetric key parser 'x509' registered
[   89.221959] Block layer SCSI generic (bsg) driver version 0.4 loaded (major 245)
[   89.225736] io scheduler mq-deadline registered
[   89.226674] io scheduler kyber registered
[   89.228834] io scheduler bfq registered
[   89.363958] shpchp: Standard Hot Plug PCI Controller Driver version: 0.4
[   89.368009] pci-host-generic 30000000.pci: host bridge /soc/pci@30000000 ranges:
[   89.370970] pci-host-generic 30000000.pci:       IO 0x0003000000..0x000300ffff -> 0x0000000000
[   89.374246] pci-host-generic 30000000.pci:      MEM 0x0040000000..0x007fffffff -> 0x0040000000
[   89.376181] pci-host-generic 30000000.pci:      MEM 0x0400000000..0x07ffffffff -> 0x0400000000
[   89.379004] pci-host-generic 30000000.pci: Memory resource size exceeds max for 32 bits
[   89.382217] pci-host-generic 30000000.pci: ECAM at [mem 0x30000000-0x3fffffff] for [bus 00-ff]
[   89.389246] pci-host-generic 30000000.pci: PCI host bridge to bus 0000:00
[   89.390854] pci_bus 0000:00: root bus resource [bus 00-ff]
[   89.392436] pci_bus 0000:00: root bus resource [io  0x0000-0xffff]
[   89.393720] pci_bus 0000:00: root bus resource [mem 0x40000000-0x7fffffff]
[   89.394950] pci_bus 0000:00: root bus resource [mem 0x400000000-0x7ffffffff]
[   89.399791] pci 0000:00:00.0: [1b36:0008] type 00 class 0x060000
[   89.412900] pci 0000:00:01.0: [1af4:1050] type 00 class 0x030000
[   89.417030] pci 0000:00:01.0: reg 0x10: [mem 0x40000000-0x407fffff pref]
[   89.421342] pci 0000:00:01.0: reg 0x18: [mem 0x40800000-0x40803fff 64bit pref]
[   89.424489] pci 0000:00:01.0: reg 0x20: [mem 0x40804000-0x40804fff]
[   89.429281] pci 0000:00:01.0: reg 0x30: [mem 0x40810000-0x4081ffff pref]
[   89.434162] pci 0000:00:01.0: vgaarb: setting as boot VGA device
[   89.435361] pci 0000:00:01.0: vgaarb: bridge control possible
[   89.436612] pci 0000:00:01.0: vgaarb: VGA device added: decodes=io+mem,owns=io+mem,locks=none
[   89.439385] pci 0000:00:02.0: [1b36:000d] type 00 class 0x0c0330
[   89.441324] pci 0000:00:02.0: reg 0x10: [mem 0x40820000-0x40823fff 64bit]
[   89.458358] pci 0000:00:01.0: BAR 0: assigned [mem 0x40000000-0x407fffff pref]
[   89.461075] pci 0000:00:01.0: BAR 6: assigned [mem 0x40800000-0x4080ffff pref]
[   89.462646] pci 0000:00:01.0: BAR 2: assigned [mem 0x400000000-0x400003fff 64bit pref]
[   89.465989] pci 0000:00:02.0: BAR 0: assigned [mem 0x400004000-0x400007fff 64bit]
[   89.468289] pci 0000:00:01.0: BAR 4: assigned [mem 0x40810000-0x40810fff]
[   89.531255] Serial: 8250/16550 driver, 4 ports, IRQ sharing enabled
[   89.567478] printk: console [ttyS0] disabled
[   89.574459] 10000000.serial: ttyS0 at MMIO 0x10000000 (irq = 13, base_baud = 230400) is a 16550A
[   89.580252] printk: console [ttyS0] enabled
[   89.582290] printk: bootconsole [ns16550a0] disabled
[   89.618150] loop: module loaded
[   89.620806] virtio_blk virtio1: 1/0/0 default/read/poll queues
[   89.644114] virtio_blk virtio1: [vda] 41943040 512-byte logical blocks (21.5 GB/20.0 GiB)
[   89.709222]  vda: vda1 vda2
[   89.729756] virtio_blk virtio3: 1/0/0 default/read/poll queues
[   89.738896] virtio_blk virtio3: [vdb] 4194304 512-byte logical blocks (2.15 GB/2.00 GiB)
[   89.770568]  vdb: vdb1
[   89.777908] virtio_blk virtio4: 1/0/0 default/read/poll queues
[   89.786764] virtio_blk virtio4: [vdc] 2097152 512-byte logical blocks (1.07 GB/1.00 GiB)
[   89.817763]  vdc: vdc1
[   89.825752] rdac: device handler registered
[   89.828459] hp_sw: device handler registered
[   89.829229] emc: device handler registered
[   89.831445] alua: device handler registered
[   89.888723] e1000e: Intel(R) PRO/1000 Network Driver
[   89.889577] e1000e: Copyright(c) 1999 - 2015 Intel Corporation.
[   89.908059] xhci_hcd 0000:00:02.0: xHCI Host Controller
[   89.913135] xhci_hcd 0000:00:02.0: new USB bus registered, assigned bus number 1
[   89.922529] xhci_hcd 0000:00:02.0: hcc params 0x00087001 hci version 0x100 quirks 0x0000000000000010
[   89.932174] xhci_hcd 0000:00:02.0: xHCI Host Controller
[   89.935887] xhci_hcd 0000:00:02.0: new USB bus registered, assigned bus number 2
[   89.937400] xhci_hcd 0000:00:02.0: Host supports USB 3.0 SuperSpeed
[   89.948889] usb usb1: New USB device found, idVendor=1d6b, idProduct=0002, bcdDevice= 6.04
[   89.950252] usb usb1: New USB device strings: Mfr=3, Product=2, SerialNumber=1
[   89.951469] usb usb1: Product: xHCI Host Controller
[   89.952625] usb usb1: Manufacturer: Linux 6.4.0-0.0.0.1.oe2309.riscv64 xhci-hcd
[   89.953787] usb usb1: SerialNumber: 0000:00:02.0
[   89.968479] hub 1-0:1.0: USB hub found
[   89.970964] hub 1-0:1.0: 4 ports detected
[   89.988220] usb usb2: We don't know the algorithms for LPM for this host, disabling LPM.
[   89.991223] usb usb2: New USB device found, idVendor=1d6b, idProduct=0003, bcdDevice= 6.04
[   89.992693] usb usb2: New USB device strings: Mfr=3, Product=2, SerialNumber=1
[   89.993850] usb usb2: Product: xHCI Host Controller
[   89.994752] usb usb2: Manufacturer: Linux 6.4.0-0.0.0.1.oe2309.riscv64 xhci-hcd
[   89.996073] usb usb2: SerialNumber: 0000:00:02.0
[   90.008455] hub 2-0:1.0: USB hub found
[   90.009889] hub 2-0:1.0: 4 ports detected
[   90.028244] usbcore: registered new interface driver uas
[   90.031008] usbcore: registered new interface driver usb-storage
[   90.035857] mousedev: PS/2 mouse device common for all mice
[   90.049462] goldfish_rtc 101000.rtc: registered as rtc0
[   90.051421] goldfish_rtc 101000.rtc: setting system clock to 2023-07-10T06:37:52 UTC (1688971072)
[   90.065693] syscon-poweroff poweroff: pm_power_off already claimed for sbi_srst_power_off
[   90.067108] syscon-poweroff: probe of poweroff failed with error -16
[   90.073991] sdhci: Secure Digital Host Controller Interface driver
[   90.074854] sdhci: Copyright(c) Pierre Ossman
[   90.076288] sdhci-pltfm: SDHCI platform and OF driver helper
[   90.082042] hid: raw HID events driver (C) Jiri Kosina
[   90.094528] usbcore: registered new interface driver usbhid
[   90.095393] usbhid: USB HID core driver
[   90.099042] riscv-pmu-sbi: SBI PMU extension is available
[   90.101232] riscv-pmu-sbi: 16 firmware and 18 hardware counters
[   90.102271] riscv-pmu-sbi: Perf sampling/filtering is not supported as sscof extension is not available
[   90.245598] usb 1-1: new high-speed USB device number 2 using xhci_hcd
[   90.406336] usb 1-1: New USB device found, idVendor=0627, idProduct=0001, bcdDevice= 0.00
[   90.408026] usb 1-1: New USB device strings: Mfr=1, Product=4, SerialNumber=11
[   90.409253] usb 1-1: Product: QEMU USB Keyboard
[   90.410129] usb 1-1: Manufacturer: QEMU
[   90.410949] usb 1-1: SerialNumber: 68284-0000:00:02.0-1
[   90.460070] input: QEMU QEMU USB Keyboard as /devices/platform/soc/30000000.pci/pci0000:00/0000:00:02.0/usb1/1-1/1-1:1.0/0003:0627:0001.0001/input/input0
[   90.542369] hid-generic 0003:0627:0001.0001: input,hidraw0: USB HID v1.11 Keyboard [QEMU QEMU USB Keyboard] on usb-0000:00:02.0-1/input0
[   90.679878] usb 1-2: new high-speed USB device number 3 using xhci_hcd
[   90.831699] usb 1-2: New USB device found, idVendor=0627, idProduct=0001, bcdDevice= 0.00
[   90.833159] usb 1-2: New USB device strings: Mfr=1, Product=3, SerialNumber=10
[   90.834376] usb 1-2: Product: QEMU USB Tablet
[   90.835245] usb 1-2: Manufacturer: QEMU
[   90.836369] usb 1-2: SerialNumber: 28754-0000:00:02.0-2
[   90.863977] input: QEMU QEMU USB Tablet as /devices/platform/soc/30000000.pci/pci0000:00/0000:00:02.0/usb1/1-2/1-2:1.0/0003:0627:0001.0002/input/input1
[   90.872793] hid-generic 0003:0627:0001.0002: input,hidraw1: USB HID v0.01 Mouse [QEMU QEMU USB Tablet] on usb-0000:00:02.0-2/input0
[   92.570739] NET: Registered PF_INET6 protocol family
[   92.600335] Segment Routing with IPv6
[   92.601895] In-situ OAM (IOAM) with IPv6
[   92.604629] NET: Registered PF_PACKET protocol family
[   92.608328] 9pnet: Installing 9P2000 support
[   92.610541] Key type dns_resolver registered
[   92.841168] registered taskstats version 1
[   92.858925] Loading compiled-in X.509 certificates
[   96.646500] Loaded X.509 cert 'Build time autogenerated kernel key: 31928ac897576d7175b2fa64f633fa9f754d0968'
[   96.867257] kmemleak: Kernel memory leak detector initialized (mem pool available: 15566)
[   96.867331] kmemleak: Automatic memory scanning thread started
[   96.956556] Key type encrypted registered
[   96.957657] AppArmor: AppArmor sha1 policy hashing enabled
[   96.959924] ima: No TPM chip found, activating TPM-bypass!
[   96.961355] ima: Allocated hash algorithm: sha256
[   96.966420] ima: No architecture policies found
[   96.969801] evm: Initialising EVM extended attributes:
[   96.970631] evm: security.selinux
[   96.971314] evm: security.SMACK64 (disabled)
[   96.972254] evm: security.SMACK64EXEC (disabled)
[   96.973015] evm: security.SMACK64TRANSMUTE (disabled)
[   96.973788] evm: security.SMACK64MMAP (disabled)
[   96.974501] evm: security.apparmor
[   96.975153] evm: security.ima
[   96.976053] evm: security.capability
[   96.976759] evm: HMAC attrs: 0x1
[  101.054228] clk: Disabling unused clocks
[  101.070318] md: Waiting for all devices to be available before autodetect
[  101.071330] md: If you don't use raid, use raid=noautodetect
[  101.072542] md: Autodetecting RAID arrays.
[  101.073250] md: autorun ...
[  101.073771] md: ... autorun DONE.
[  101.244302] EXT4-fs (vda2): mounted filesystem a1535d32-cf2e-4ab9-984c-39d9ef338997 r/w with ordered data mode. Quota mode: none.
[  101.247928] VFS: Mounted root (ext4 filesystem) on device 253:2.
[  101.261888] devtmpfs: mounted
[  101.289001] integrity: Unable to open file: /etc/keys/x509_ima.der (-2)
[  101.289732] integrity: Unable to open file: /etc/keys/x509_evm.der (-2)
[  101.458825] Freeing unused kernel image (initmem) memory: 2660K
[  101.478819] Run /sbin/init as init process
[  101.479845]   with arguments:
[  101.480113]     /sbin/init
[  101.480350]   with environment:
[  101.480571]     HOME=/
[  101.480795]     TERM=linux
[  103.679269] systemd[1]: systemd v249-49.oe2303 running in system mode (+PAM +AUDIT +SELINUX -APPARMOR +IMA -SMACK +SECCOMP +GCRYPT +GNUTLS -OPENSSL +ACL +BLKID -CURL -ELFUTILS -FIDO2 +IDN2 -IDN -IPTC +KMOD -LIBCRYPTSETUP +LIBFDISK +PCRE2 -PWQUALITY +P11KIT -QRENCODE +BZIP2 +LZ4 +XZ +ZLIB -ZSTD +XKBCOMMON +UTMP +SYSVINIT default-hierarchy=legacy)
[  103.692938] systemd[1]: Detected architecture riscv64.
[  104.001772] systemd[1]: Hostname set to <openeuler-riscv64>.
[  105.536550] block vda: the capability attribute has been deprecated.
[  108.286646] systemd[1]: /usr/lib/systemd/system/dbus.socket:5: ListenStream= references a path below legacy directory /var/run/, updating /var/run/dbus/system_bus_socket  /run/dbus/system_bus_socket; please update the unit file accordingly.
[  109.314806] systemd[1]: Queued start job for default target Graphical Interface.
[  110.717452] systemd[1]: Created slice Slice /system/getty.
[  110.797398] systemd[1]: Created slice Slice /system/modprobe.
[  110.868904] systemd[1]: Created slice Slice /system/serial-getty.
[  110.940627] systemd[1]: Created slice Slice /system/sshd-keygen.
[  111.010558] systemd[1]: Created slice Slice /system/systemd-fsck.
[  111.080016] systemd[1]: Created slice User and Session Slice.
[  111.099237] systemd[1]: Started Dispatch Password Requests to Console Directory Watch.
[  111.115492] systemd[1]: Started Forward Password Requests to Wall Directory Watch.
[  111.192418] systemd[1]: Set up automount Arbitrary Executable File Formats File System Automount Point.
[  111.201082] systemd[1]: Reached target Path Units.
[  111.206477] systemd[1]: Reached target Remote File Systems.
[  111.211914] systemd[1]: Reached target Slice Units.
[  111.217008] systemd[1]: Reached target Swaps.
[  111.232533] systemd[1]: Listening on Device-mapper event daemon FIFOs.
[  111.252291] systemd[1]: Listening on LVM2 poll daemon socket.
[  111.303353] systemd[1]: Listening on Process Core Dump Socket.
[  111.315055] systemd[1]: Listening on initctl Compatibility Named Pipe.
[  111.336316] systemd[1]: Listening on Journal Socket (/dev/log).
[  111.357787] systemd[1]: Listening on Journal Socket.
[  111.381926] systemd[1]: Listening on udev Control Socket.
[  111.398839] systemd[1]: Listening on udev Kernel Socket.
[  111.590410] systemd[1]: Mounting Huge Pages File System...
[  111.796998] systemd[1]: Mounting POSIX Message Queue File System...
[  111.948168] systemd[1]: Mounting Kernel Debug File System...
[  112.102710] systemd[1]: Mounting Kernel Trace File System...
[  112.256780] systemd[1]: Mounting Temporary Directory /tmp...
[  112.416999] systemd[1]: Starting Create List of Static Device Nodes...
[  112.571627] systemd[1]: Starting Monitoring of LVM2 mirrors, snapshots etc. using dmeventd or progress polling...
[  112.716726] systemd[1]: Starting Load Kernel Module configfs...
[  112.859457] systemd[1]: Starting Load Kernel Module drm...
[  113.002870] systemd[1]: Starting Load Kernel Module fuse...
[  113.029229] systemd[1]: Condition check resulted in Set Up Additional Binary Formats being skipped.
[  113.034383] systemd[1]: Condition check resulted in File System Check on Root Device being skipped.
[  113.042681] systemd[1]: systemd-journald.service: unit configures an IP firewall, but the local system does not support BPF/cgroup firewalling.
[  113.045171] systemd[1]: (This warning is only shown for the first unit using IP firewalling.)
[  113.282166] systemd[1]: Starting Journal Service...
[  113.312299] systemd[1]: Condition check resulted in Load Kernel Modules being skipped.
[  113.557142] systemd[1]: Starting Remount Root and Kernel File Systems...
[  113.704446] systemd[1]: Starting Apply Kernel Variables...
[  113.853823] systemd[1]: Starting Coldplug All udev Devices...
[  114.066731] systemd[1]: Mounted Huge Pages File System.
[  114.080951] systemd[1]: Mounted POSIX Message Queue File System.
[  114.094246] systemd[1]: Mounted Kernel Debug File System.
[  114.107166] systemd[1]: Mounted Kernel Trace File System.
[  114.120716] systemd[1]: Mounted Temporary Directory /tmp.
[  114.210310] systemd[1]: Finished Create List of Static Device Nodes.
[  114.281507] systemd[1]: modprobe@configfs.service: Deactivated successfully.
[  114.352966] systemd[1]: Finished Load Kernel Module configfs.
[  114.442809] systemd[1]: Finished Monitoring of LVM2 mirrors, snapshots etc. using dmeventd or progress polling.
[  114.972019] EXT4-fs (vda2): re-mounted a1535d32-cf2e-4ab9-984c-39d9ef338997 r/w. Quota mode: none.
[  116.847770] fuse: init (API version 7.38)
[  131.615338] systemd[1]: Mounting Kernel Configuration File System...
[  131.822016] systemd[1]: Started Journal Service.
[  133.485671] systemd-journald[203]: Received client request to flush runtime journal.
[  140.413134] physmap-flash 20000000.flash: physmap platform flash device: [mem 0x20000000-0x21ffffff]
[  141.291080] 20000000.flash: Found 2 x16 devices at 0x0 in 32-bit bank. Manufacturer ID 0x000000 Chip ID 0x000000
[  141.960485] Intel/Sharp Extended Query Table at 0x0031
[  141.963445] Using buffer write method
[  141.965497] erase region 0: offset=0x0,size=0x40000,blocks=128
[  141.967295] physmap-flash 20000000.flash: physmap platform flash device: [mem 0x22000000-0x23ffffff]
[  141.982781] 20000000.flash: Found 2 x16 devices at 0x0 in 32-bit bank. Manufacturer ID 0x000000 Chip ID 0x000000
[  141.985669] Intel/Sharp Extended Query Table at 0x0031
[  141.988026] Using buffer write method
[  142.008550] erase region 0: offset=0x0,size=0x40000,blocks=128
[  142.009201] Concatenating MTD devices:
[  142.009875] (0): "20000000.flash"
[  142.010491] (1): "20000000.flash"
[  142.011111] into device "20000000.flash"
[  142.943495] EXT4-fs (vda1): mounting ext2 file system using the ext4 subsystem
[  142.996110] EXT4-fs (vda1): mounted filesystem 1b485631-89b2-454e-81ef-7473106d420a r/w without journal. Quota mode: none.
[  144.006919] [drm] pci: virtio-vga detected at 0000:00:01.0
[  144.011144] virtio-pci 0000:00:01.0: vgaarb: deactivate vga console
[  144.014247] [drm] features: -virgl +edid -resource_blob -host_visible
[  144.014553] [drm] features: -context_init
[  144.022881] [drm] number of scanouts: 1
[  144.023804] [drm] number of cap sets: 0
[  144.093171] [drm] Initialized virtio_gpu 0.1.0 0 for 0000:00:01.0 on minor 0
[  144.324653] Console: switching to colour frame buffer device 160x50
[  144.432896] virtio-pci 0000:00:01.0: [drm] fb0: virtio_gpudrmfb frame buffer device
[  295.744703] memfd_create() without MFD_EXEC nor MFD_NOEXEC_SEAL, pid=1 'systemd'
[10984.410950] kmemleak: 5 new suspected memory leaks (see /sys/kernel/debug/kmemleak)
[12472.038427] LTP: starting abort01
[12482.265989] LTP: starting accept01
[12482.606950] LTP: starting accept02
[12483.026046] LTP: starting accept4_01
[12483.546284] LTP: starting access01
[12488.210177] LTP: starting access02
[12490.231636] LTP: starting access03
[12490.719182] LTP: starting access04
[12491.394440] LTP: starting acct01
[12491.723815] Process accounting resumed
[12491.825227] LTP: starting acct02
[12494.174750] Process accounting resumed
[12494.234450] LTP: starting add_key01
[12494.589032] LTP: starting add_key02
[12494.900322] LTP: starting add_key03
[12495.330736] LTP: starting add_key04
[12495.690804] LTP: starting add_key05
[12505.006544] LTP: starting adjtimex01
[12505.326221] LTP: starting adjtimex02
[12505.752253] LTP: starting adjtimex03
[12506.069090] LTP: starting alarm02
[12506.379654] LTP: starting alarm03
[12506.723832] LTP: starting alarm05
[12509.040254] LTP: starting alarm06
[12512.356978] LTP: starting alarm07
[12515.704498] LTP: starting bind01
[12516.017769] LTP: starting bind02
[12516.353964] LTP: starting bind03
[12516.683904] LTP: starting bind04
[12531.696455] sctp: Hash tables configured (bind 256/256)
[12532.579754] LTP: starting bind05
[12532.914422] UDPLite: UDP-Lite is deprecated and scheduled to be removed in 2025, please contact the netdev mailing list
[12532.975724] UDPLite6: UDP-Lite is deprecated and scheduled to be removed in 2025, please contact the netdev mailing list
[12533.057856] LTP: starting bind06
[12834.095202] LTP: starting bpf_map01
[12834.449248] LTP: starting bpf_prog01
[12834.841054] LTP: starting bpf_prog02
[12835.242056] LTP: starting bpf_prog03
[12835.613540] LTP: starting bpf_prog04
[12835.960817] LTP: starting bpf_prog05
[12836.426916] LTP: starting bpf_prog06
[12854.153151] LTP: starting bpf_prog07
[12871.704841] LTP: starting brk01
[12872.090294] LTP: starting brk02
[12872.449503] LTP: starting capget01
[12872.729052] capability: warning: `capget01' uses 32-bit capabilities (legacy support in use)
[12872.732792] capability: warning: `capget01' uses deprecated v2 capabilities in a way that may be insecure
[12872.778583] LTP: starting capget02
[12873.108515] LTP: starting capset01
[12873.438229] LTP: starting capset02
[12873.767982] LTP: starting capset03
[12874.087844] LTP: starting capset04
[12874.427854] LTP: starting cacheflush01
[12874.649212] LTP: starting chdir01
[12874.901610] /dev/zero: Can't open blockdev
[12875.330233] /dev/zero: Can't open blockdev
[12875.729871] /dev/zero: Can't open blockdev
[12914.610554] watchdog: BUG: soft lockup - CPU#6 stuck for 26s! [modprobe:41920]
[12914.611928] Modules linked in: sctp ip6_udp_tunnel udp_tunnel libcrc32c rfkill virtio_gpu virtio_dma_buf ofpart drm_shmem_helper cmdlinepart cfi_cmdset_0001 cfi_probe cfi_util drm_kms_helper gen_probe physmap syscopyarea chipreg sysfillrect sysimgblt mtd uio_pdrv_genirq uio drm sch_fq_codel fuse
[12914.619331] CPU: 6 PID: 41920 Comm: modprobe Tainted: G             L     6.4.0-0.0.0.1.oe2309.riscv64 #1
[12914.620709] Hardware name: riscv-virtio,qemu (DT)
[12914.621572] epc : __sanitizer_cov_trace_pc+0x0/0x74
[12914.623626]  ra : apply_relocate_add+0x1e4/0x400
[12914.624800] epc : ffffffff8017f740 ra : ffffffff8000cce4 sp : ffffffc801ddbbd0
[12914.625811]  gp : ffffffff8293d9b0 tp : ffffffd90b57c600 t0 : 0000000000000000
[12914.627120]  t1 : 0000000000000000 t2 : 000000000000000a s0 : ffffffc801ddbc80
[12914.628134]  s1 : ffffffc80b735780 a0 : 0000000000000000 a1 : ffffffd90b57d600
[12914.629153]  a2 : 0000000000000000 a3 : 0000000000000003 a4 : ffffffd90b57d600
[12914.630149]  a5 : 0000000000000000 a6 : 0000000000f00000 a7 : 0000000000000003
[12914.631141]  s2 : 0000790600000000 s3 : 0000000000007906 s4 : 0000000000016b53
[12914.632143]  s5 : ffffffff03fa170c s6 : ffffffff03f16000 s7 : ffffffff03f81d46
[12914.633197]  s8 : ffffffc80b67ff08 s9 : 0000412100000017 s10: ffffffc80b920458
[12914.634209]  s11: ffffffff8000c4da t3 : 0000000000000005 t4 : 0000015000000000
[12914.635252]  t5 : 0000011300000000 t6 : ffffffd8891aab18
[12914.636059] status: 0000000200000120 badaddr: 0000000000000000 cause: 8000000000000005
[12914.637230] [<ffffffff8017f740>] __sanitizer_cov_trace_pc+0x0/0x74
[12914.638637] [<ffffffff800f48b8>] load_module+0x73c/0xe84
[12914.639696] [<ffffffff800f5280>] __do_sys_init_module+0x280/0x298
[12914.640828] [<ffffffff800f52ca>] sys_init_module+0x32/0x40
[12914.641955] [<ffffffff80008230>] syscall_handler+0x72/0x9e
[12914.643285] [<ffffffff8139944e>] do_trap_ecall_u+0x98/0x9a
[12914.644583] [<ffffffff800052b4>] ret_from_exception+0x0/0x64
[12942.624504] watchdog: BUG: soft lockup - CPU#6 stuck for 52s! [modprobe:41920]
[12942.625699] Modules linked in: sctp ip6_udp_tunnel udp_tunnel libcrc32c rfkill virtio_gpu virtio_dma_buf ofpart drm_shmem_helper cmdlinepart cfi_cmdset_0001 cfi_probe cfi_util drm_kms_helper gen_probe physmap syscopyarea chipreg sysfillrect sysimgblt mtd uio_pdrv_genirq uio drm sch_fq_codel fuse
[12942.631494] CPU: 6 PID: 41920 Comm: modprobe Tainted: G             L     6.4.0-0.0.0.1.oe2309.riscv64 #1
[12942.633149] Hardware name: riscv-virtio,qemu (DT)
[12942.633859] epc : write_comp_data+0x0/0x76
[12942.634840]  ra : __sanitizer_cov_trace_cmp8+0x18/0x20
[12942.635886] epc : ffffffff8017f062 ra : ffffffff8017f158 sp : ffffffc801ddbbc0
[12942.637305]  gp : ffffffff8293d9b0 tp : ffffffd90b57c600 t0 : 0000000000000000
[12942.638293]  t1 : 0000000000000000 t2 : 000000000000000a s0 : ffffffc801ddbbd0
[12942.639259]  s1 : ffffffc80b7545d8 a0 : 0000000000000006 a1 : 0000000000008d9f
[12942.640224]  a2 : 0000000000016b53 a3 : ffffffff8000ccf4 a4 : ffffffd90b57d600
[12942.641525]  a5 : 0000000000000000 a6 : 0000000000f00000 a7 : 0000000000000003
[12942.642476]  s2 : 0000000000008d9f s3 : 0000000000008d9f s4 : 0000000000016b53
[12942.643611]  s5 : ffffffff03fcfc78 s6 : ffffffff03f16000 s7 : ffffffff03f9548e
[12942.645104]  s8 : ffffffc80b67ff08 s9 : 0008127e00000017 s10: ffffffc80b920458
[12942.646338]  s11: ffffffff8000c4da t3 : 0000000000000005 t4 : 0000015000000000
[12942.647559]  t5 : 0000011300000000 t6 : ffffffd8891aab18
[12942.648691] status: 0000000200000120 badaddr: 0000000000000000 cause: 8000000000000005
[12942.649968] [<ffffffff8017f062>] write_comp_data+0x0/0x76
[12942.651284] [<ffffffff8000ccf4>] apply_relocate_add+0x1f4/0x400
[12942.653035] [<ffffffff800f48b8>] load_module+0x73c/0xe84
[12942.654267] [<ffffffff800f5280>] __do_sys_init_module+0x280/0x298
[12942.655539] [<ffffffff800f52ca>] sys_init_module+0x32/0x40
[12942.657159] [<ffffffff80008230>] syscall_handler+0x72/0x9e
[12942.658480] [<ffffffff8139944e>] do_trap_ecall_u+0x98/0x9a
[12942.659956] [<ffffffff800052b4>] ret_from_exception+0x0/0x64
[12950.564583] rcu: INFO: rcu_sched self-detected stall on CPU
[12950.565733] rcu: 	6-....: (14985 ticks this GP) idle=10f4/1/0x4000000000000000 softirq=934253/934255 fqs=6860
[12950.567487] rcu: 	(t=15001 jiffies g=2108993 q=5898 ncpus=8)
[12950.568764] CPU: 6 PID: 41920 Comm: modprobe Tainted: G             L     6.4.0-0.0.0.1.oe2309.riscv64 #1
[12950.570198] Hardware name: riscv-virtio,qemu (DT)
[12950.570957] epc : apply_relocate_add+0x1e4/0x400
[12950.572158]  ra : apply_relocate_add+0x1e4/0x400
[12950.573510] epc : ffffffff8000cce4 ra : ffffffff8000cce4 sp : ffffffc801ddbbd0
[12950.574829]  gp : ffffffff8293d9b0 tp : ffffffd90b57c600 t0 : 0000000000000000
[12950.576115]  t1 : 0000000000000000 t2 : 000000000000000a s0 : ffffffc801ddbc80
[12950.577458]  s1 : ffffffc80b767880 a0 : 0000000000000000 a1 : 00000000000f0000
[12950.578771]  a2 : ffffffff8000cce4 a3 : 0000000000000002 a4 : ffffffd90b57d600
[12950.580086]  a5 : 0000000000000000 a6 : 0000000000f00000 a7 : 0000000000000003
[12950.581469]  s2 : 00009a6600000000 s3 : 0000000000009a66 s4 : 0000000000016b53
[12950.582757]  s5 : ffffffff03fdacf0 s6 : ffffffff03f16000 s7 : ffffffff03fa01aa
[12950.584041]  s8 : ffffffc80b67ff08 s9 : 00080a7200000017 s10: ffffffc80b920458
[12950.585350]  s11: ffffffff8000c4da t3 : 0000000000000005 t4 : 0000015000000000
[12950.586684]  t5 : 0000011300000000 t6 : ffffffd8891aab18
[12950.587753] status: 0000000200000120 badaddr: 0000000000000000 cause: 8000000000000005
[12950.589294] [<ffffffff8000cce4>] apply_relocate_add+0x1e4/0x400
[12950.590862] [<ffffffff800f48b8>] load_module+0x73c/0xe84
[12950.592149] [<ffffffff800f5280>] __do_sys_init_module+0x280/0x298
[12950.593556] [<ffffffff800f52ca>] sys_init_module+0x32/0x40
[12950.594851] [<ffffffff80008230>] syscall_handler+0x72/0x9e
[12950.596283] [<ffffffff8139944e>] do_trap_ecall_u+0x98/0x9a
[12950.597828] [<ffffffff800052b4>] ret_from_exception+0x0/0x64
[12974.640514] watchdog: BUG: soft lockup - CPU#6 stuck for 82s! [modprobe:41920]
[12974.641687] Modules linked in: sctp ip6_udp_tunnel udp_tunnel libcrc32c rfkill virtio_gpu virtio_dma_buf ofpart drm_shmem_helper cmdlinepart cfi_cmdset_0001 cfi_probe cfi_util drm_kms_helper gen_probe physmap syscopyarea chipreg sysfillrect sysimgblt mtd uio_pdrv_genirq uio drm sch_fq_codel fuse
[12974.647366] CPU: 6 PID: 41920 Comm: modprobe Tainted: G             L     6.4.0-0.0.0.1.oe2309.riscv64 #1
[12974.648911] Hardware name: riscv-virtio,qemu (DT)
[12974.649616] epc : check_kcov_mode+0x0/0x5e
[12974.650582]  ra : write_comp_data+0x28/0x76
[12974.651507] epc : ffffffff8017efc0 ra : ffffffff8017f08a sp : ffffffc801ddbb80
[12974.652596]  gp : ffffffff8293d9b0 tp : ffffffd90b57c600 t0 : 0000000000000000
[12974.653566]  t1 : 0000000000000000 t2 : 000000000000000a s0 : ffffffc801ddbbc0
[12974.654497]  s1 : ffffffd90b57c600 a0 : 0000000000000003 a1 : ffffffd90b57c600
[12974.655459]  a2 : ffffffff03fb456c a3 : ffffffff8000cd1c a4 : ffffffd90b57d600
[12974.656534]  a5 : 0000000000000000 a6 : 0000000000f00000 a7 : 0000000000000003
[12974.657499]  s2 : ffffffff8000cd1c s3 : ffffffff03fb456c s4 : ffffffff03ffba60
[12974.658463]  s5 : 0000000000000006 s6 : ffffffff03f16000 s7 : ffffffff03fb456c
[12974.659424]  s8 : ffffffc80b67ff08 s9 : 00080a7200000017 s10: ffffffc80b920458
[12974.660378]  s11: ffffffff8000c4da t3 : 0000000000000005 t4 : 0000015000000000
[12974.661327]  t5 : 0000011300000000 t6 : ffffffd8891aab18
[12974.662115] status: 0000000200000120 badaddr: 0000000000000000 cause: 8000000000000005
[12974.663147] [<ffffffff8017efc0>] check_kcov_mode+0x0/0x5e
[12974.664269] [<ffffffff8017f158>] __sanitizer_cov_trace_cmp8+0x18/0x20
[12974.665456] [<ffffffff8000cd1c>] apply_relocate_add+0x21c/0x400
[12974.666741] [<ffffffff800f48b8>] load_module+0x73c/0xe84
[12974.667822] [<ffffffff800f5280>] __do_sys_init_module+0x280/0x298
[12974.669307] [<ffffffff800f52ca>] sys_init_module+0x32/0x40
[12974.670382] [<ffffffff80008230>] syscall_handler+0x72/0x9e
[12974.671511] [<ffffffff8139944e>] do_trap_ecall_u+0x98/0x9a
[12974.673172] [<ffffffff800052b4>] ret_from_exception+0x0/0x64
[13002.654566] watchdog: BUG: soft lockup - CPU#6 stuck for 108s! [modprobe:41920]
[13002.655772] Modules linked in: sctp ip6_udp_tunnel udp_tunnel libcrc32c rfkill virtio_gpu virtio_dma_buf ofpart drm_shmem_helper cmdlinepart cfi_cmdset_0001 cfi_probe cfi_util drm_kms_helper gen_probe physmap syscopyarea chipreg sysfillrect sysimgblt mtd uio_pdrv_genirq uio drm sch_fq_codel fuse
[13002.661500] CPU: 6 PID: 41920 Comm: modprobe Tainted: G             L     6.4.0-0.0.0.1.oe2309.riscv64 #1
[13002.663115] Hardware name: riscv-virtio,qemu (DT)
[13002.663827] epc : __sanitizer_cov_trace_pc+0x0/0x74
[13002.664895]  ra : apply_relocate_add+0x1e4/0x400
[13002.666008] epc : ffffffff8017f740 ra : ffffffff8000cce4 sp : ffffffc801ddbbd0
[13002.667501]  gp : ffffffff8293d9b0 tp : ffffffd90b57c600 t0 : 0000000000000000
[13002.668476]  t1 : 0000000000000000 t2 : 000000000000000a s0 : ffffffc801ddbc80
[13002.669436]  s1 : ffffffc80b719460 a0 : 0000000000000000 a1 : ffffffd90b57d600
[13002.670401]  a2 : 0000000000000000 a3 : 0000000000000003 a4 : ffffffd90b57d600
[13002.671357]  a5 : 0000000000000000 a6 : 0000000000f00000 a7 : 0000000000000003
[13002.672313]  s2 : 0000663a00000000 s3 : 000000000000663a s4 : 0000000000016b53
[13002.673265]  s5 : ffffffff0401232e s6 : ffffffff03f16000 s7 : ffffffff03f71200
[13002.674238]  s8 : ffffffc80b67ff08 s9 : 00080a7200000017 s10: ffffffc80b920458
[13002.675224]  s11: ffffffff8000c4da t3 : 0000000000000005 t4 : 0000015000000000
[13002.676189]  t5 : 0000011300000000 t6 : ffffffd8891aab18
[13002.676972] status: 0000000200000120 badaddr: 0000000000000000 cause: 8000000000000005
[13002.677985] [<ffffffff8017f740>] __sanitizer_cov_trace_pc+0x0/0x74
[13002.679249] [<ffffffff800f48b8>] load_module+0x73c/0xe84
[13002.680292] [<ffffffff800f5280>] __do_sys_init_module+0x280/0x298
[13002.681384] [<ffffffff800f52ca>] sys_init_module+0x32/0x40
[13002.682466] [<ffffffff80008230>] syscall_handler+0x72/0x9e
[13002.683592] [<ffffffff8139944e>] do_trap_ecall_u+0x98/0x9a
[13002.684866] [<ffffffff800052b4>] ret_from_exception+0x0/0x64
[13030.668606] watchdog: BUG: soft lockup - CPU#6 stuck for 134s! [modprobe:41920]
[13030.670057] Modules linked in: sctp ip6_udp_tunnel udp_tunnel libcrc32c rfkill virtio_gpu virtio_dma_buf ofpart drm_shmem_helper cmdlinepart cfi_cmdset_0001 cfi_probe cfi_util drm_kms_helper gen_probe physmap syscopyarea chipreg sysfillrect sysimgblt mtd uio_pdrv_genirq uio drm sch_fq_codel fuse
[13030.676406] CPU: 6 PID: 41920 Comm: modprobe Tainted: G             L     6.4.0-0.0.0.1.oe2309.riscv64 #1
[13030.677986] Hardware name: riscv-virtio,qemu (DT)
[13030.678839] epc : write_comp_data+0x28/0x76
[13030.679949]  ra : write_comp_data+0x28/0x76
[13030.681430] epc : ffffffff8017f08a ra : ffffffff8017f08a sp : ffffffc801ddbb80
[13030.682716]  gp : ffffffff8293d9b0 tp : ffffffd90b57c600 t0 : 0000000000000000
[13030.683881]  t1 : 0000000000000000 t2 : 000000000000000a s0 : ffffffc801ddbbc0
[13030.685558]  s1 : ffffffd90b57c600 a0 : 0000000000000000 a1 : ffffffd90b57d600
[13030.686718]  a2 : 0000000000000000 a3 : 0000000000000003 a4 : ffffffd90b57d600
[13030.687902]  a5 : 0000000000000000 a6 : 0000000000f00000 a7 : 0000000000000003
[13030.689572]  s2 : ffffffff8000ccf4 s3 : 0000000000016b53 s4 : 0000000000004c8b
[13030.690722]  s5 : 0000000000000006 s6 : ffffffff03f16000 s7 : ffffffff03f5b62e
[13030.691915]  s8 : ffffffc80b67ff08 s9 : 00006f4300000017 s10: ffffffc80b920458
[13030.693666]  s11: ffffffff8000c4da t3 : 0000000000000005 t4 : 0000015000000000
[13030.694102]  t5 : 0000011300000000 t6 : ffffffd8891aab18
[13030.695973] status: 0000000200000120 badaddr: 0000000000000000 cause: 8000000000000005
[13030.697794] [<ffffffff8017f08a>] write_comp_data+0x28/0x76
[13030.699185] [<ffffffff8017f158>] __sanitizer_cov_trace_cmp8+0x18/0x20
[13030.700833] [<ffffffff8000ccf4>] apply_relocate_add+0x1f4/0x400
[13030.702362] [<ffffffff800f48b8>] load_module+0x73c/0xe84
[13030.703633] [<ffffffff800f5280>] __do_sys_init_module+0x280/0x298
[13030.705329] [<ffffffff800f52ca>] sys_init_module+0x32/0x40
[13030.706801] [<ffffffff80008230>] syscall_handler+0x72/0x9e
[13030.708120] [<ffffffff8139944e>] do_trap_ecall_u+0x98/0x9a
[13030.709648] [<ffffffff800052b4>] ret_from_exception+0x0/0x64
[13058.682601] watchdog: BUG: soft lockup - CPU#6 stuck for 160s! [modprobe:41920]
[13058.683794] Modules linked in: sctp ip6_udp_tunnel udp_tunnel libcrc32c rfkill virtio_gpu virtio_dma_buf ofpart drm_shmem_helper cmdlinepart cfi_cmdset_0001 cfi_probe cfi_util drm_kms_helper gen_probe physmap syscopyarea chipreg sysfillrect sysimgblt mtd uio_pdrv_genirq uio drm sch_fq_codel fuse
[13058.689604] CPU: 6 PID: 41920 Comm: modprobe Tainted: G             L     6.4.0-0.0.0.1.oe2309.riscv64 #1
[13058.691254] Hardware name: riscv-virtio,qemu (DT)
[13058.691964] epc : apply_relocate_add+0x21c/0x400
[13058.693110]  ra : apply_relocate_add+0x21c/0x400
[13058.694218] epc : ffffffff8000cd1c ra : ffffffff8000cd1c sp : ffffffc801ddbbd0
[13058.695255]  gp : ffffffff8293d9b0 tp : ffffffd90b57c600 t0 : 0000000000000000
[13058.696227]  t1 : 0000000000000000 t2 : 000000000000000a s0 : ffffffc801ddbc80
[13058.697197]  s1 : ffffffc80b6f1ff8 a0 : 0000000000000000 a1 : ffffffd90b57d600
[13058.698127]  a2 : 0000000000000000 a3 : 0000000000000003 a4 : ffffffd90b57d600
[13058.699470]  a5 : 0000000000000000 a6 : 0000000000f00000 a7 : 0000000000000003
[13058.700434]  s2 : 0000000000004c0a s3 : 0000000000004c0a s4 : 0000000000016b53
[13058.701407]  s5 : ffffffff04043cc6 s6 : ffffffff03f16000 s7 : ffffffff03f5b08e
[13058.702374]  s8 : ffffffc80b67ff08 s9 : 0008107b00000017 s10: ffffffc80b920458
[13058.703386]  s11: ffffffff8000c4da t3 : 0000000000000005 t4 : 0000015000000000
[13058.704346]  t5 : 0000011300000000 t6 : ffffffd8891aab18
[13058.705112] status: 0000000200000120 badaddr: 0000000000000000 cause: 8000000000000005
[13058.706112] [<ffffffff8000cd1c>] apply_relocate_add+0x21c/0x400
[13058.707445] [<ffffffff800f48b8>] load_module+0x73c/0xe84
[13058.708481] [<ffffffff800f5280>] __do_sys_init_module+0x280/0x298
[13058.709592] [<ffffffff800f52ca>] sys_init_module+0x32/0x40
[13058.710839] [<ffffffff80008230>] syscall_handler+0x72/0x9e
[13058.711981] [<ffffffff8139944e>] do_trap_ecall_u+0x98/0x9a
[13058.713267] [<ffffffff800052b4>] ret_from_exception+0x0/0x64
[13078.266332] SGI XFS with ACLs, security attributes, quota, no debug enabled
[13078.421956] /dev/zero: Can't open blockdev
[13079.377393] raid6: int64x8  gen()   162 MB/s
[13079.445043] raid6: int64x4  gen()   100 MB/s
[13079.513418] raid6: int64x2  gen()    53 MB/s
[13079.581114] raid6: int64x1  gen()    27 MB/s
[13079.582014] raid6: using algorithm int64x8 gen() 162 MB/s
[13079.649271] raid6: .... xor() 75 MB/s, rmw enabled
[13079.650352] raid6: using intx1 recovery algorithm
[13079.863560] xor: measuring software checksum speed
[13079.915405]    8regs           :   196 MB/sec
[13079.964535]    8regs_prefetch  :   206 MB/sec
[13080.015745]    32regs          :   198 MB/sec
[13080.070268]    32regs_prefetch :   184 MB/sec
[13080.071230] xor: using function: 8regs_prefetch (206 MB/sec)
[13110.704635] watchdog: BUG: soft lockup - CPU#5 stuck for 22s! [modprobe:41933]
[13110.705860] Modules linked in: blake2b_generic xor raid6_pq xfs sctp ip6_udp_tunnel udp_tunnel libcrc32c rfkill virtio_gpu virtio_dma_buf ofpart drm_shmem_helper cmdlinepart cfi_cmdset_0001 cfi_probe cfi_util drm_kms_helper gen_probe physmap syscopyarea chipreg sysfillrect sysimgblt mtd uio_pdrv_genirq uio drm sch_fq_codel fuse
[13110.712816] CPU: 5 PID: 41933 Comm: modprobe Tainted: G             L     6.4.0-0.0.0.1.oe2309.riscv64 #1
[13110.714583] Hardware name: riscv-virtio,qemu (DT)
[13110.715287] epc : __sanitizer_cov_trace_pc+0x0/0x74
[13110.716340]  ra : apply_relocate_add+0x20a/0x400
[13110.717451] epc : ffffffff8017f740 ra : ffffffff8000cd0a sp : ffffffc80227bbd0
[13110.718407]  gp : ffffffff8293d9b0 tp : ffffffd90b4b8000 t0 : 0000000000000000
[13110.719388]  t1 : 0000000000000000 t2 : 000000000000000a s0 : ffffffc80227bc80
[13110.720332]  s1 : ffffffc80dade2f0 a0 : 0000000000000000 a1 : ffffffd90b4b9000
[13110.721283]  a2 : 0000000000000000 a3 : 0000000000000003 a4 : ffffffd90b4b9000
[13110.722250]  a5 : 0000000000000000 a6 : 0000000000f00000 a7 : 0000000000000003
[13110.723212]  s2 : 0000000000005171 s3 : 0000000000005171 s4 : 000000000001f823
[13110.724162]  s5 : ffffffff051b777e s6 : ffffffff05149000 s7 : ffffffff0518bd3c
[13110.725542]  s8 : ffffffc80da64058 s9 : 000b0ad000000017 s10: ffffffc80ddc2a00
[13110.726510]  s11: ffffffff8000c4da t3 : 0000000000000005 t4 : 000000b800000000
[13110.727465]  t5 : 0000005600000000 t6 : ffffffd884e3d598
[13110.728273] status: 0000000200000120 badaddr: 0000000000000000 cause: 8000000000000005
[13110.729323] [<ffffffff8017f740>] __sanitizer_cov_trace_pc+0x0/0x74
[13110.730540] [<ffffffff800f48b8>] load_module+0x73c/0xe84
[13110.731570] [<ffffffff800f5280>] __do_sys_init_module+0x280/0x298
[13110.732871] [<ffffffff800f52ca>] sys_init_module+0x32/0x40
[13110.733936] [<ffffffff80008230>] syscall_handler+0x72/0x9e
[13110.735064] [<ffffffff8139944e>] do_trap_ecall_u+0x98/0x9a
[13110.736353] [<ffffffff800052b4>] ret_from_exception+0x0/0x64
[13138.718686] watchdog: BUG: soft lockup - CPU#5 stuck for 48s! [modprobe:41933]
[13138.719851] Modules linked in: blake2b_generic xor raid6_pq xfs sctp ip6_udp_tunnel udp_tunnel libcrc32c rfkill virtio_gpu virtio_dma_buf ofpart drm_shmem_helper cmdlinepart cfi_cmdset_0001 cfi_probe cfi_util drm_kms_helper gen_probe physmap syscopyarea chipreg sysfillrect sysimgblt mtd uio_pdrv_genirq uio drm sch_fq_codel fuse
[13138.726426] CPU: 5 PID: 41933 Comm: modprobe Tainted: G             L     6.4.0-0.0.0.1.oe2309.riscv64 #1
[13138.727708] Hardware name: riscv-virtio,qemu (DT)
[13138.728382] epc : apply_relocate_add+0x20a/0x400
[13138.729531]  ra : apply_relocate_add+0x20a/0x400
[13138.730796] epc : ffffffff8000cd0a ra : ffffffff8000cd0a sp : ffffffc80227bbd0
[13138.731813]  gp : ffffffff8293d9b0 tp : ffffffd90b4b8000 t0 : 0000000000000000
[13138.732786]  t1 : 0000000000000000 t2 : 000000000000000a s0 : ffffffc80227bc80
[13138.733757]  s1 : ffffffc80daa07d8 a0 : 0000000000000000 a1 : 00000000000f0000
[13138.734953]  a2 : ffffffff8000cd0a a3 : 0000000000000002 a4 : ffffffd90b4b9000
[13138.735941]  a5 : 0000000000000000 a6 : 0000000000f00000 a7 : 0000000000000003
[13138.736904]  s2 : 0000000000002850 s3 : 0000000000002850 s4 : 000000000001f823
[13138.737912]  s5 : ffffffff051f64f8 s6 : ffffffff05149000 s7 : ffffffff0516b0a6
[13138.739261]  s8 : ffffffc80da64058 s9 : 000b0a4f00000017 s10: ffffffc80ddc2a00
[13138.740275]  s11: ffffffff8000c4da t3 : 0000000000000005 t4 : 000000b800000000
[13138.741261]  t5 : 0000005600000000 t6 : ffffffd884e3d598
[13138.742053] status: 0000000200000120 badaddr: 0000000000000000 cause: 8000000000000005
[13138.743535] [<ffffffff8000cd0a>] apply_relocate_add+0x20a/0x400
[13138.744844] [<ffffffff800f48b8>] load_module+0x73c/0xe84
[13138.745899] [<ffffffff800f5280>] __do_sys_init_module+0x280/0x298
[13138.747443] [<ffffffff800f52ca>] sys_init_module+0x32/0x40
[13138.748549] [<ffffffff80008230>] syscall_handler+0x72/0x9e
[13138.749692] [<ffffffff8139944e>] do_trap_ecall_u+0x98/0x9a
[13138.751373] [<ffffffff800052b4>] ret_from_exception+0x0/0x64
[13150.324463] rcu: INFO: rcu_sched self-detected stall on CPU
[13150.325421] rcu: 	5-....: (14985 ticks this GP) idle=d8ac/1/0x4000000000000000 softirq=867245/867245 fqs=7361
[13150.327035] rcu: 	(t=15000 jiffies g=2110261 q=5722 ncpus=8)
[13150.327995] CPU: 5 PID: 41933 Comm: modprobe Tainted: G             L     6.4.0-0.0.0.1.oe2309.riscv64 #1
[13150.329273] Hardware name: riscv-virtio,qemu (DT)
[13150.329982] epc : __sanitizer_cov_trace_cmp8+0x18/0x20
[13150.331088]  ra : __sanitizer_cov_trace_cmp8+0x18/0x20
[13150.332170] epc : ffffffff8017f158 ra : ffffffff8017f158 sp : ffffffc80227bbc0
[13150.333187]  gp : ffffffff8293d9b0 tp : ffffffd90b4b8000 t0 : 0000000000000000
[13150.334176]  t1 : 0000000000000000 t2 : 000000000000000a s0 : ffffffc80227bbd0
[13150.335147]  s1 : ffffffc80dac3b78 a0 : 0000000000000000 a1 : ffffffd90b4b9000
[13150.336114]  a2 : 0000000000000000 a3 : 0000000000000003 a4 : ffffffd90b4b9000
[13150.337105]  a5 : 0000000000000000 a6 : 0000000000f00000 a7 : 0000000000000003
[13150.338065]  s2 : 0000000000003fcd s3 : 0000000000003fcd s4 : 000000000001f823
[13150.339045]  s5 : ffffffff0520b728 s6 : ffffffff05149000 s7 : ffffffff0517e314
[13150.340023]  s8 : ffffffc80da64058 s9 : 00004d9400000017 s10: ffffffc80ddc2a00
[13150.341321]  s11: ffffffff8000c4da t3 : 0000000000000005 t4 : 000000b800000000
[13150.342302]  t5 : 0000005600000000 t6 : ffffffd884e3d598
[13150.343094] status: 0000000200000120 badaddr: 0000000000000000 cause: 8000000000000005
[13150.344133] [<ffffffff8017f158>] __sanitizer_cov_trace_cmp8+0x18/0x20
[13150.345392] [<ffffffff8000ccf4>] apply_relocate_add+0x1f4/0x400
[13150.346720] [<ffffffff800f48b8>] load_module+0x73c/0xe84
[13150.347800] [<ffffffff800f5280>] __do_sys_init_module+0x280/0x298
[13150.349299] [<ffffffff800f52ca>] sys_init_module+0x32/0x40
[13150.350637] [<ffffffff80008230>] syscall_handler+0x72/0x9e
[13150.352043] [<ffffffff8139944e>] do_trap_ecall_u+0x98/0x9a
[13150.353623] [<ffffffff800052b4>] ret_from_exception+0x0/0x64
[13174.736703] watchdog: BUG: soft lockup - CPU#5 stuck for 81s! [modprobe:41933]
[13174.737946] Modules linked in: blake2b_generic xor raid6_pq xfs sctp ip6_udp_tunnel udp_tunnel libcrc32c rfkill virtio_gpu virtio_dma_buf ofpart drm_shmem_helper cmdlinepart cfi_cmdset_0001 cfi_probe cfi_util drm_kms_helper gen_probe physmap syscopyarea chipreg sysfillrect sysimgblt mtd uio_pdrv_genirq uio drm sch_fq_codel fuse
[13174.744581] CPU: 5 PID: 41933 Comm: modprobe Tainted: G             L     6.4.0-0.0.0.1.oe2309.riscv64 #1
[13174.745898] Hardware name: riscv-virtio,qemu (DT)
[13174.746603] epc : __sanitizer_cov_trace_cmp8+0x18/0x20
[13174.747700]  ra : __sanitizer_cov_trace_cmp8+0x18/0x20
[13174.749030] epc : ffffffff8017f158 ra : ffffffff8017f158 sp : ffffffc80227bbc0
[13174.750041]  gp : ffffffff8293d9b0 tp : ffffffd90b4b8000 t0 : 0000000000000000
[13174.751028]  t1 : 0000000000000000 t2 : 000000000000000a s0 : ffffffc80227bbd0
[13174.752012]  s1 : ffffffc80dbfc9a0 a0 : 0000000000000000 a1 : ffffffd90b4b9000
[13174.753359]  a2 : 0000000000000000 a3 : 0000000000000003 a4 : ffffffd90b4b9000
[13174.754354]  a5 : 0000000000000000 a6 : 0000000000f00000 a7 : 0000000000000003
[13174.755337]  s2 : 0000000000011064 s3 : 0000000000011064 s4 : 000000000001f823
[13174.756325]  s5 : ffffffff0523c096 s6 : ffffffff05149000 s7 : ffffffff05222bec
[13174.757339]  s8 : ffffffc80da64058 s9 : 000b0a4f00000017 s10: ffffffc80ddc2a00
[13174.758340]  s11: ffffffff8000c4da t3 : 0000000000000005 t4 : 000000b800000000
[13174.759318]  t5 : 0000005600000000 t6 : ffffffd884e3d598
[13174.760107] status: 0000000200000120 badaddr: 0000000000000000 cause: 8000000000000005
[13174.761709] [<ffffffff8017f158>] __sanitizer_cov_trace_cmp8+0x18/0x20
[13174.762954] [<ffffffff8000ccf4>] apply_relocate_add+0x1f4/0x400
[13174.764273] [<ffffffff800f48b8>] load_module+0x73c/0xe84
[13174.765326] [<ffffffff800f5280>] __do_sys_init_module+0x280/0x298
[13174.766468] [<ffffffff800f52ca>] sys_init_module+0x32/0x40
[13174.767549] [<ffffffff80008230>] syscall_handler+0x72/0x9e
[13174.768899] [<ffffffff8139944e>] do_trap_ecall_u+0x98/0x9a
[13174.770223] [<ffffffff800052b4>] ret_from_exception+0x0/0x64
[13202.750722] watchdog: BUG: soft lockup - CPU#5 stuck for 108s! [modprobe:41933]
[13202.751941] Modules linked in: blake2b_generic xor raid6_pq xfs sctp ip6_udp_tunnel udp_tunnel libcrc32c rfkill virtio_gpu virtio_dma_buf ofpart drm_shmem_helper cmdlinepart cfi_cmdset_0001 cfi_probe cfi_util drm_kms_helper gen_probe physmap syscopyarea chipreg sysfillrect sysimgblt mtd uio_pdrv_genirq uio drm sch_fq_codel fuse
[13202.758464] CPU: 5 PID: 41933 Comm: modprobe Tainted: G             L     6.4.0-0.0.0.1.oe2309.riscv64 #1
[13202.759778] Hardware name: riscv-virtio,qemu (DT)
[13202.760470] epc : __sanitizer_cov_trace_cmp8+0x18/0x20
[13202.761573]  ra : __sanitizer_cov_trace_cmp8+0x18/0x20
[13202.762707] epc : ffffffff8017f158 ra : ffffffff8017f158 sp : ffffffc80227bbc0
[13202.763694]  gp : ffffffff8293d9b0 tp : ffffffd90b4b8000 t0 : 0000000000000000
[13202.764669]  t1 : 0000000000000000 t2 : 000000000000000a s0 : ffffffc80227bbd0
[13202.765647]  s1 : ffffffc80dace468 a0 : 0000000000000000 a1 : ffffffd90b4b9000
[13202.766717]  a2 : 0000000000000000 a3 : 0000000000000003 a4 : ffffffd90b4b9000
[13202.767661]  a5 : 0000000000000000 a6 : 0000000000f00000 a7 : 0000000000000003
[13202.768627]  s2 : 00000000000046d6 s3 : 00000000000046d6 s4 : 000000000001f823
[13202.769586]  s5 : ffffffff05261726 s6 : ffffffff05149000 s7 : ffffffff0518355c
[13202.770599]  s8 : ffffffc80da64058 s9 : 0000693a00000017 s10: ffffffc80ddc2a00
[13202.771568]  s11: ffffffff8000c4da t3 : 0000000000000005 t4 : 000000b800000000
[13202.772531]  t5 : 0000005600000000 t6 : ffffffd884e3d598
[13202.773317] status: 0000000200000120 badaddr: 0000000000000000 cause: 8000000000000005
